205.200.120.72 - - [24/Oct/2012:12:28:40 -0500] "GET /rails/courses/32 HTTP/1.1" 200 5294 "http://198.163.145.68/rails/courses" "Mozilla/4.0 (compatible; MSIE 8.0; Windows NT 6.1; WOW64; Trident/4.0; SLCC2; .NET CLR 2.0.50727; .NET CLR 3.5.30729; .NET CLR 3.0.30729; InfoPath.2)"
205.200.120.72 - - [24/Oct/2012:12:28:40 -0500] "GET /rails/assets/print-8ddd96b118e54a74a6d982eecf09cff7.css HTTP/1.1" 200 699 "http://198.163.145.68/rails/courses/32" "Mozilla/4.0 (compatible; MSIE 8.0; Windows NT 6.1; WOW64; Trident/4.0; SLCC2; .NET CLR 2.0.50727; .NET CLR 3.5.30729; .NET CLR 3.0.30729; InfoPath.2)"
205.200.120.72 - - [24/Oct/2012:12:28:40 -0500] "GET /favicon.ico HTTP/1.1" 404 504 "-" "Mozilla/4.0 (compatible; MSIE 8.0; Windows NT 6.1; WOW64; Trident/4.0; SLCC2; .NET CLR 2.0.50727; .NET CLR 3.5.30729; .NET CLR 3.0.30729; InfoPath.2)"
205.200.120.72 - - [24/Oct/2012:12:28:41 -0500] "GET /rails/courses/themes/default/style.css HTTP/1.1" 404 830 "http://198.163.145.68/rails/courses/32" "Mozilla/4.0 (compatible; MSIE 8.0; Windows NT 6.1; WOW64; Trident/4.0; SLCC2; .NET CLR 2.0.50727; .NET CLR 3.5.30729; .NET CLR 3.0.30729; InfoPath.2)"
205.200.120.72 - - [24/Oct/2012:12:28:41 -0500] "GET /rails/assets/d.png HTTP/1.1" 200 8172 "http://198.163.145.68/rails/courses/32" "Mozilla/4.0 (compatible; MSIE 8.0; Windows NT 6.1; WOW64; Trident/4.0; SLCC2; .NET CLR 2.0.50727; .NET CLR 3.5.30729; .NET CLR 3.0.30729; InfoPath.2)"
8.28.16.254 - - [24/Oct/2012:12:28:56 -0500] "GET /rails/courses/11 HTTP/1.1" 200 21135 "-" "Mozilla/4.0 (compatible; MSIE 7.0; Windows NT 5.1; InfoPath.1; .NET CLR 2.0.50727; .NET CLR 1.1.4322; MS-RTC LM 8; .NET CLR 3.0.4506.2152; .NET CLR 3.5.30729)"
205.200.120.72 - - [24/Oct/2012:12:28:57 -0500] "GET /rails/courses/11 HTTP/1.1" 200 3841 "http://198.163.145.68/rails/courses" "Mozilla/4.0 (compatible; MSIE 8.0; Windows NT 6.1; WOW64; Trident/4.0; SLCC2; .NET CLR 2.0.50727; .NET CLR 3.5.30729; .NET CLR 3.0.30729; InfoPath.2)"
205.200.120.72 - - [24/Oct/2012:12:28:58 -0500] "GET /rails/courses/themes/default/style.css HTTP/1.1" 404 829 "http://198.163.145.68/rails/courses/11" "Mozilla/4.0 (compatible; MSIE 8.0; Windows NT 6.1; WOW64; Trident/4.0; SLCC2; .NET CLR 2.0.50727; .NET CLR 3.5.30729; .NET CLR 3.0.30729; InfoPath.2)"
205.200.120.72 - - [24/Oct/2012:12:28:58 -0500] "GET /rails/assets/d.png HTTP/1.1" 200 8173 "http://198.163.145.68/rails/courses/11" "Mozilla/4.0 (compatible; MSIE 8.0; Windows NT 6.1; WOW64; Trident/4.0; SLCC2; .NET CLR 2.0.50727; .NET CLR 3.5.30729; .NET CLR 3.0.30729; InfoPath.2)"
216.123.177.82 - - [24/Oct/2012:14:39:16 -0500] "GET /rails/courses HTTP/1.1" 200 22872 "-" "Mozilla/4.0 (compatible; MSIE 7.0; Windows NT 5.1; .NET CLR 2.0.50727; .NET CLR 3.0.4506.2152; .NET CLR 3.5.30729; .NET4.0C; .NET4.0E; .NET CLR 1.1.4322)"
216.123.177.82 - - [24/Oct/2012:14:39:17 -0500] "GET /rails/assets/application-17edb1a16d1c4432b8b57022998f8aa5.css HTTP/1.1" 200 52351 "http://198.163.145.68/rails/courses" "Mozilla/4.0 (compatible; MSIE 7.0; Windows NT 5.1; .NET CLR 2.0.50727; .NET CLR 3.0.4506.2152; .NET CLR 3.5.30729; .NET4.0C; .NET4.0E; .NET CLR 1.1.4322)"
216.123.177.82 - - [24/Oct/2012:14:39:17 -0500] "GET /rails/assets/application-cd5ea8bcdc66a9dd320ac134ad1306d3.js HTTP/1.1" 200 219344 "http://198.163.145.68/rails/courses" "Mozilla/4.0 (compatible; MSIE 7.0; Windows NT 5.1; .NET CLR 2.0.50727; .NET CLR 3.0.4506.2152; .NET CLR 3.5.30729; .NET4.0C; .NET4.0E; .NET CLR 1.1.4322)"
216.123.177.82 - - [24/Oct/2012:14:39:30 -0500] "GET /rails/courses/41 HTTP/1.1" 200 11845 "http://198.163.145.68/rails/courses" "Mozilla/4.0 (compatible; MSIE 7.0; Windows NT 5.1; .NET CLR 2.0.50727; .NET CLR 3.0.4506.2152; .NET CLR 3.5.30729; .NET4.0C; .NET4.0E; .NET CLR 1.1.4322)"
216.123.177.82 - - [24/Oct/2012:14:39:30 -0500] "GET /rails/assets/print-8ddd96b118e54a74a6d982eecf09cff7.css HTTP/1.1" 200 682 "http://198.163.145.68/rails/courses/41" "Mozilla/4.0 (compatible; MSIE 7.0; Windows NT 5.1; .NET CLR 2.0.50727; .NET CLR 3.0.4506.2152; .NET CLR 3.5.30729; .NET4.0C; .NET4.0E; .NET CLR 1.1.4322)"
216.123.177.82 - - [24/Oct/2012:14:39:30 -0500] "GET /rails/assets/d.png HTTP/1.1" 200 8172 "http://198.163.145.68/rails/courses/41" "Mozilla/4.0 (compatible; MSIE 7.0; Windows NT 5.1; .NET CLR 2.0.50727; .NET CLR 3.0.4506.2152; .NET CLR 3.5.30729; .NET4.0C; .NET4.0E; .NET CLR 1.1.4322)"
216.123.177.82 - - [24/Oct/2012:14:39:30 -0500] "GET /rails/assets/throbber.gif HTTP/1.1" 200 2386 "http://198.163.145.68/rails/courses/41" "Mozilla/4.0 (compatible; MSIE 7.0; Windows NT 5.1; .NET CLR 2.0.50727; .NET CLR 3.0.4506.2152; .NET CLR 3.5.30729; .NET4.0C; .NET4.0E; .NET CLR 1.1.4322)"
216.123.177.82 - - [24/Oct/2012:14:39:30 -0500] "GET /rails/courses/themes/default/style.css HTTP/1.1" 404 1103 "http://198.163.145.68/rails/courses/41" "Mozilla/4.0 (compatible; MSIE 7.0; Windows NT 5.1; .NET CLR 2.0.50727; .NET CLR 3.0.4506.2152; .NET CLR 3.5.30729; .NET4.0C; .NET4.0E; .NET CLR 1.1.4322)"
216.123.177.82 - - [24/Oct/2012:14:39:32 -0500] "GET /rails/courses HTTP/1.1" 200 22871 "-" "Mozilla/4.0 (compatible; MSIE 7.0; Windows NT 5.1; .NET CLR 2.0.50727; .NET CLR 3.0.4506.2152; .NET CLR 3.5.30729; .NET4.0C; .NET4.0E; .NET CLR 1.1.4322)"
216.123.177.82 - - [24/Oct/2012:14:40:16 -0500] "GET /rails/courses/27 HTTP/1.1" 200 13307 "http://198.163.145.68/rails/courses" "Mozilla/4.0 (compatible; MSIE 7.0; Windows NT 5.1; .NET CLR 2.0.50727; .NET CLR 3.0.4506.2152; .NET CLR 3.5.30729; .NET4.0C; .NET4.0E; .NET CLR 1.1.4322)"
216.123.177.82 - - [24/Oct/2012:14:40:17 -0500] "GET /rails/courses/themes/default/style.css HTTP/1.1" 404 1102 "http://198.163.145.68/rails/courses/27" "Mozilla/4.0 (compatible; MSIE 7.0; Windows NT 5.1; .NET CLR 2.0.50727; .NET CLR 3.0.4506.2152; .NET CLR 3.5.30729; .NET4.0C; .NET4.0E; .NET CLR 1.1.4322)"
216.123.177.82 - - [24/Oct/2012:14:40:21 -0500] "GET /rails/assets/d.png HTTP/1.1" 200 8172 "http://198.163.145.68/rails/courses/27" "Mozilla/4.0 (compatible; MSIE 7.0; Windows NT 5.1; .NET CLR 2.0.50727; .NET CLR 3.0.4506.2152; .NET CLR 3.5.30729; .NET4.0C; .NET4.0E; .NET CLR 1.1.4322)"
216.123.177.82 - - [24/Oct/2012:14:40:32 -0500] "GET /rails/courses HTTP/1.1" 200 22871 "-" "Mozilla/4.0 (compatible; MSIE 7.0; Windows NT 5.1; .NET CLR 2.0.50727; .NET CLR 3.0.4506.2152; .NET CLR 3.5.30729; .NET4.0C; .NET4.0E; .NET CLR 1.1.4322)"
216.123.177.82 - - [24/Oct/2012:14:41:04 -0500] "GET /rails/courses/7 HTTP/1.1" 200 18367 "http://198.163.145.68/rails/courses" "Mozilla/4.0 (compatible; MSIE 7.0; Windows NT 5.1; .NET CLR 2.0.50727; .NET CLR 3.0.4506.2152; .NET CLR 3.5.30729; .NET4.0C; .NET4.0E; .NET CLR 1.1.4322)"
216.123.177.82 - - [24/Oct/2012:14:41:04 -0500] "GET /rails/courses/themes/default/style.css HTTP/1.1" 404 1102 "http://198.163.145.68/rails/courses/7" "Mozilla/4.0 (compatible; MSIE 7.0; Windows NT 5.1; .NET CLR 2.0.50727; .NET CLR 3.0.4506.2152; .NET CLR 3.5.30729; .NET4.0C; .NET4.0E; .NET CLR 1.1.4322)"
216.123.177.82 - - [24/Oct/2012:14:41:04 -0500] "GET /rails/assets/throbber.gif HTTP/1.1" 200 2387 "http://198.163.145.68/rails/courses/7" "Mozilla/4.0 (compatible; MSIE 7.0; Windows NT 5.1; .NET CLR 2.0.50727; .NET CLR 3.0.4506.2152; .NET CLR 3.5.30729; .NET4.0C; .NET4.0E; .NET CLR 1.1.4322)"
216.123.177.82 - - [24/Oct/2012:14:41:07 -0500] "GET /rails/assets/d.png HTTP/1.1" 200 8172 "http://198.163.145.68/rails/courses/7" "Mozilla/4.0 (compatible; MSIE 7.0; Windows NT 5.1; .NET CLR 2.0.50727; .NET CLR 3.0.4506.2152; .NET CLR 3.5.30729; .NET4.0C; .NET4.0E; .NET CLR 1.1.4322)"
216.123.177.82 - - [24/Oct/2012:14:41:21 -0500] "GET /rails/courses HTTP/1.1" 200 22871 "-" "Mozilla/4.0 (compatible; MSIE 7.0; Windows NT 5.1; .NET CLR 2.0.50727; .NET CLR 3.0.4506.2152; .NET CLR 3.5.30729; .NET4.0C; .NET4.0E; .NET CLR 1.1.4322)"
142.16.22.18 - - [24/Oct/2012:15:06:20 -0500] "GET /rails/courses HTTP/1.1" 200 3556 "-" "Mozilla/4.0 (compatible; MSIE 8.0; Windows NT 5.1; Trident/4.0; .NET CLR 2.0.50727; .NET CLR 1.1.4322; .NET CLR 3.0.4506.2152; .NET CLR 3.5.30729; .NET4.0C; .NET4.0E; InfoPath.2)"
142.16.22.18 - - [24/Oct/2012:15:06:20 -0500] "GET /rails/courses HTTP/1.1" 200 3554 "-" "Mozilla/4.0 (compatible; MSIE 8.0; Windows NT 5.1; Trident/4.0; .NET CLR 2.0.50727; .NET CLR 1.1.4322; .NET CLR 3.0.4506.2152; .NET CLR 3.5.30729; .NET4.0C; .NET4.0E; InfoPath.2)"
142.16.22.18 - - [24/Oct/2012:15:06:20 -0500] "GET /rails/courses HTTP/1.1" 200 3556 "-" "Mozilla/4.0 (compatible; MSIE 8.0; Windows NT 5.1; Trident/4.0; .NET CLR 2.0.50727; .NET CLR 1.1.4322; .NET CLR 3.0.4506.2152; .NET CLR 3.5.30729; .NET4.0C; .NET4.0E; InfoPath.2)"
142.16.22.18 - - [24/Oct/2012:15:06:20 -0500] "GET /rails/assets/application-17edb1a16d1c4432b8b57022998f8aa5.css HTTP/1.1" 200 10233 "http://198.163.145.68/rails/courses" "Mozilla/4.0 (compatible; MSIE 8.0; Windows NT 5.1; Trident/4.0; .NET CLR 2.0.50727; .NET CLR 1.1.4322; .NET CLR 3.0.4506.2152; .NET CLR 3.5.30729; .NET4.0C; .NET4.0E; InfoPath.2)"
142.16.22.18 - - [24/Oct/2012:15:06:20 -0500] "GET /rails/assets/application-17edb1a16d1c4432b8b57022998f8aa5.css HTTP/1.1" 200 10233 "http://198.163.145.68/rails/courses" "Mozilla/4.0 (compatible; MSIE 8.0; Windows NT 5.1; Trident/4.0; .NET CLR 2.0.50727; .NET CLR 1.1.4322; .NET CLR 3.0.4506.2152; .NET CLR 3.5.30729; .NET4.0C; .NET4.0E; InfoPath.2)"
142.16.22.18 - - [24/Oct/2012:15:06:20 -0500] "GET /rails/assets/application-cd5ea8bcdc66a9dd320ac134ad1306d3.js HTTP/1.1" 200 61428 "http://198.163.145.68/rails/courses" "Mozilla/4.0 (compatible; MSIE 8.0; Windows NT 5.1; Trident/4.0; .NET CLR 2.0.50727; .NET CLR 1.1.4322; .NET CLR 3.0.4506.2152; .NET CLR 3.5.30729; .NET4.0C; .NET4.0E; InfoPath.2)"
142.16.22.18 - - [24/Oct/2012:15:06:20 -0500] "GET /rails/assets/application-cd5ea8bcdc66a9dd320ac134ad1306d3.js HTTP/1.1" 200 61428 "http://198.163.145.68/rails/courses" "Mozilla/4.0 (compatible; MSIE 8.0; Windows NT 5.1; Trident/4.0; .NET CLR 2.0.50727; .NET CLR 1.1.4322; .NET CLR 3.0.4506.2152; .NET CLR 3.5.30729; .NET4.0C; .NET4.0E; InfoPath.2)"
142.16.22.18 - - [24/Oct/2012:15:06:21 -0500] "GET /rails/assets/application-cd5ea8bcdc66a9dd320ac134ad1306d3.js HTTP/1.1" 200 61427 "http://198.163.145.68/rails/courses" "Mozilla/4.0 (compatible; MSIE 8.0; Windows NT 5.1; Trident/4.0; .NET CLR 2.0.50727; .NET CLR 1.1.4322; .NET CLR 3.0.4506.2152; .NET CLR 3.5.30729; .NET4.0C; .NET4.0E; InfoPath.2)"
142.16.22.18 - - [24/Oct/2012:15:06:21 -0500] "GET /favicon.ico HTTP/1.1" 404 504 "-" "Mozilla/4.0 (compatible; MSIE 8.0; Windows NT 5.1; Trident/4.0; .NET CLR 2.0.50727; .NET CLR 1.1.4322; .NET CLR 3.0.4506.2152; .NET CLR 3.5.30729; .NET4.0C; .NET4.0E; InfoPath.2)"
142.16.22.18 - - [24/Oct/2012:15:06:21 -0500] "GET /favicon.ico HTTP/1.1" 404 504 "-" "Mozilla/4.0 (compatible; MSIE 8.0; Windows NT 5.1; Trident/4.0; .NET CLR 2.0.50727; .NET CLR 1.1.4322; .NET CLR 3.0.4506.2152; .NET CLR 3.5.30729; .NET4.0C; .NET4.0E; InfoPath.2)"
142.16.22.18 - - [24/Oct/2012:15:07:53 -0500] "GET /rails/courses/11 HTTP/1.1" 200 3842 "http://198.163.145.68/rails/courses" "Mozilla/4.0 (compatible; MSIE 8.0; Windows NT 5.1; Trident/4.0; .NET CLR 2.0.50727; .NET CLR 1.1.4322; .NET CLR 3.0.4506.2152; .NET CLR 3.5.30729; .NET4.0C; .NET4.0E; InfoPath.2)"
142.16.22.18 - - [24/Oct/2012:15:07:54 -0500] "GET /rails/assets/print-8ddd96b118e54a74a6d982eecf09cff7.css HTTP/1.1" 200 699 "http://198.163.145.68/rails/courses/11" "Mozilla/4.0 (compatible; MSIE 8.0; Windows NT 5.1; Trident/4.0; .NET CLR 2.0.50727; .NET CLR 1.1.4322; .NET CLR 3.0.4506.2152; .NET CLR 3.5.30729; .NET4.0C; .NET4.0E; InfoPath.2)"
142.16.22.18 - - [24/Oct/2012:15:07:54 -0500] "GET /rails/courses/themes/default/style.css HTTP/1.1" 404 829 "http://198.163.145.68/rails/courses/11" "Mozilla/4.0 (compatible; MSIE 8.0; Windows NT 5.1; Trident/4.0; .NET CLR 2.0.50727; .NET CLR 1.1.4322; .NET CLR 3.0.4506.2152; .NET CLR 3.5.30729; .NET4.0C; .NET4.0E; InfoPath.2)"
142.16.22.18 - - [24/Oct/2012:15:07:54 -0500] "GET /rails/assets/d.png HTTP/1.1" 200 8173 "http://198.163.145.68/rails/courses/11" "Mozilla/4.0 (compatible; MSIE 8.0; Windows NT 5.1; Trident/4.0; .NET CLR 2.0.50727; .NET CLR 1.1.4322; .NET CLR 3.0.4506.2152; .NET CLR 3.5.30729; .NET4.0C; .NET4.0E; InfoPath.2)"
142.16.22.18 - - [24/Oct/2012:15:08:38 -0500] "GET /rails/courses HTTP/1.1" 304 527 "-" "Mozilla/4.0 (compatible; MSIE 8.0; Windows NT 5.1; Trident/4.0; .NET CLR 2.0.50727; .NET CLR 1.1.4322; .NET CLR 3.0.4506.2152; .NET CLR 3.5.30729; .NET4.0C; .NET4.0E; InfoPath.2)"
10.34.26.27 - - [24/Oct/2012:15:11:41 -0500] "GET /rails HTTP/1.1" 200 109086 "-" "Mozilla/5.0 (Windows NT 6.1) AppleWebKit/537.4 (KHTML, like Gecko) Chrome/22.0.1229.94 Safari/537.4"
10.34.26.27 - - [24/Oct/2012:15:11:45 -0500] "GET /rails/assets/application-17edb1a16d1c4432b8b57022998f8aa5.css HTTP/1.1" 200 10233 "http://198.163.145.68/rails" "Mozilla/5.0 (Windows NT 6.1) AppleWebKit/537.4 (KHTML, like Gecko) Chrome/22.0.1229.94 Safari/537.4"
10.34.26.27 - - [24/Oct/2012:15:11:45 -0500] "GET /rails/assets/application-cd5ea8bcdc66a9dd320ac134ad1306d3.js HTTP/1.1" 200 61428 "http://198.163.145.68/rails" "Mozilla/5.0 (Windows NT 6.1) AppleWebKit/537.4 (KHTML, like Gecko) Chrome/22.0.1229.94 Safari/537.4"
10.34.26.27 - - [24/Oct/2012:15:11:47 -0500] "GET /themes/default/style.css HTTP/1.1" 404 513 "http://198.163.145.68/rails" "Mozilla/5.0 (Windows NT 6.1) AppleWebKit/537.4 (KHTML, like Gecko) Chrome/22.0.1229.94 Safari/537.4"
10.34.26.27 - - [24/Oct/2012:15:11:47 -0500] "GET /favicon.ico HTTP/1.1" 404 504 "-" "Mozilla/5.0 (Windows NT 6.1) AppleWebKit/537.4 (KHTML, like Gecko) Chrome/22.0.1229.94 Safari/537.4"
10.34.26.27 - - [24/Oct/2012:15:11:47 -0500] "GET /rails/assets/d.png HTTP/1.1" 200 8172 "http://198.163.145.68/rails" "Mozilla/5.0 (Windows NT 6.1) AppleWebKit/537.4 (KHTML, like Gecko) Chrome/22.0.1229.94 Safari/537.4"
142.16.22.18 - - [24/Oct/2012:15:13:10 -0500] "GET /rails/courses/41 HTTP/1.1" 200 3245 "http://198.163.145.68/rails/courses" "Mozilla/4.0 (compatible; MSIE 8.0; Windows NT 5.1; Trident/4.0; .NET CLR 2.0.50727; .NET CLR 1.1.4322; .NET CLR 3.0.4506.2152; .NET CLR 3.5.30729; .NET4.0C; .NET4.0E; InfoPath.2)"
142.16.22.18 - - [24/Oct/2012:15:13:10 -0500] "GET /rails/courses/themes/default/style.css HTTP/1.1" 404 829 "http://198.163.145.68/rails/courses/41" "Mozilla/4.0 (compatible; MSIE 8.0; Windows NT 5.1; Trident/4.0; .NET CLR 2.0.50727; .NET CLR 1.1.4322; .NET CLR 3.0.4506.2152; .NET CLR 3.5.30729; .NET4.0C; .NET4.0E; InfoPath.2)"
142.16.22.18 - - [24/Oct/2012:15:13:10 -0500] "GET /rails/assets/d.png HTTP/1.1" 200 8173 "http://198.163.145.68/rails/courses/41" "Mozilla/4.0 (compatible; MSIE 8.0; Windows NT 5.1; Trident/4.0; .NET CLR 2.0.50727; .NET CLR 1.1.4322; .NET CLR 3.0.4506.2152; .NET CLR 3.5.30729; .NET4.0C; .NET4.0E; InfoPath.2)"
216.123.177.82 - - [24/Oct/2012:15:13:36 -0500] "GET /rails/courses/6 HTTP/1.1" 200 41187 "http://198.163.145.68/rails/courses" "Mozilla/4.0 (compatible; MSIE 7.0; Windows NT 5.1; .NET CLR 2.0.50727; .NET CLR 3.0.4506.2152; .NET CLR 3.5.30729; .NET4.0C; .NET4.0E; .NET CLR 1.1.4322)"
10.34.26.27 - - [24/Oct/2012:15:13:37 -0500] "GET /rails/courses HTTP/1.1" 200 3556 "http://198.163.145.68/rails" "Mozilla/5.0 (Windows NT 6.1) AppleWebKit/537.4 (KHTML, like Gecko) Chrome/22.0.1229.94 Safari/537.4"
10.34.26.27 - - [24/Oct/2012:15:13:37 -0500] "GET /favicon.ico HTTP/1.1" 404 504 "-" "Mozilla/5.0 (Windows NT 6.1) AppleWebKit/537.4 (KHTML, like Gecko) Chrome/22.0.1229.94 Safari/537.4"
216.123.177.82 - - [24/Oct/2012:15:13:40 -0500] "GET /rails/courses/themes/default/style.css HTTP/1.1" 404 1102 "http://198.163.145.68/rails/courses/6" "Mozilla/4.0 (compatible; MSIE 7.0; Windows NT 5.1; .NET CLR 2.0.50727; .NET CLR 3.0.4506.2152; .NET CLR 3.5.30729; .NET4.0C; .NET4.0E; .NET CLR 1.1.4322)"
216.123.177.82 - - [24/Oct/2012:15:13:40 -0500] "GET /rails/assets/d.png HTTP/1.1" 200 8173 "http://198.163.145.68/rails/courses/6" "Mozilla/4.0 (compatible; MSIE 7.0; Windows NT 5.1; .NET CLR 2.0.50727; .NET CLR 3.0.4506.2152; .NET CLR 3.5.30729; .NET4.0C; .NET4.0E; .NET CLR 1.1.4322)"
216.123.177.82 - - [24/Oct/2012:15:13:40 -0500] "GET /rails/assets/throbber.gif HTTP/1.1" 200 2387 "http://198.163.145.68/rails/courses/6" "Mozilla/4.0 (compatible; MSIE 7.0; Windows NT 5.1; .NET CLR 2.0.50727; .NET CLR 3.0.4506.2152; .NET CLR 3.5.30729; .NET4.0C; .NET4.0E; .NET CLR 1.1.4322)"
10.34.26.27 - - [24/Oct/2012:15:13:50 -0500] "GET /rails/courses/11 HTTP/1.1" 200 3842 "http://198.163.145.68/rails/courses" "Mozilla/5.0 (Windows NT 6.1) AppleWebKit/537.4 (KHTML, like Gecko) Chrome/22.0.1229.94 Safari/537.4"
10.34.26.27 - - [24/Oct/2012:15:13:51 -0500] "GET /rails/assets/print-8ddd96b118e54a74a6d982eecf09cff7.css HTTP/1.1" 200 699 "http://198.163.145.68/rails/courses/11" "Mozilla/5.0 (Windows NT 6.1) AppleWebKit/537.4 (KHTML, like Gecko) Chrome/22.0.1229.94 Safari/537.4"
10.34.26.27 - - [24/Oct/2012:15:13:51 -0500] "GET /rails/courses/themes/default/style.css HTTP/1.1" 404 829 "http://198.163.145.68/rails/courses/11" "Mozilla/5.0 (Windows NT 6.1) AppleWebKit/537.4 (KHTML, like Gecko) Chrome/22.0.1229.94 Safari/537.4"
10.34.26.27 - - [24/Oct/2012:15:13:51 -0500] "GET /favicon.ico HTTP/1.1" 404 504 "-" "Mozilla/5.0 (Windows NT 6.1) AppleWebKit/537.4 (KHTML, like Gecko) Chrome/22.0.1229.94 Safari/537.4"
207.161.201.33 - - [24/Oct/2012:15:13:54 -0500] "GET /rails/courses HTTP/1.1" 200 3556 "-" "Mozilla/5.0 (compatible; MSIE 9.0; Windows NT 6.1; WOW64; Trident/5.0)"
207.161.201.33 - - [24/Oct/2012:15:13:54 -0500] "GET /rails/assets/application-17edb1a16d1c4432b8b57022998f8aa5.css HTTP/1.1" 200 10233 "http://198.163.145.68/rails/courses" "Mozilla/5.0 (compatible; MSIE 9.0; Windows NT 6.1; WOW64; Trident/5.0)"
207.161.201.33 - - [24/Oct/2012:15:13:54 -0500] "GET /rails/assets/application-cd5ea8bcdc66a9dd320ac134ad1306d3.js HTTP/1.1" 200 61428 "http://198.163.145.68/rails/courses" "Mozilla/5.0 (compatible; MSIE 9.0; Windows NT 6.1; WOW64; Trident/5.0)"
207.161.201.33 - - [24/Oct/2012:15:13:54 -0500] "GET /favicon.ico HTTP/1.1" 404 504 "-" "Mozilla/5.0 (compatible; MSIE 9.0; Windows NT 6.1; WOW64; Trident/5.0)"
::1 - - [24/Oct/2012:15:14:12 -0500] "OPTIONS * HTTP/1.0" 200 152 "-" "Apache/2.2.16 (Debian) (internal dummy connection)"
207.161.201.33 - - [24/Oct/2012:15:14:26 -0500] "GET /rails/courses/41 HTTP/1.1" 200 3245 "http://198.163.145.68/rails/courses" "Mozilla/5.0 (compatible; MSIE 9.0; Windows NT 6.1; WOW64; Trident/5.0)"
207.161.201.33 - - [24/Oct/2012:15:14:26 -0500] "GET /rails/assets/print-8ddd96b118e54a74a6d982eecf09cff7.css HTTP/1.1" 200 699 "http://198.163.145.68/rails/courses/41" "Mozilla/5.0 (compatible; MSIE 9.0; Windows NT 6.1; WOW64; Trident/5.0)"
8.28.16.254 - - [24/Oct/2012:15:14:26 -0500] "GET /rails/courses/41 HTTP/1.1" 200 11846 "-" "Mozilla/4.0 (compatible; MSIE 7.0; Windows NT 5.1; InfoPath.1; .NET CLR 2.0.50727; .NET CLR 1.1.4322; MS-RTC LM 8; .NET CLR 3.0.4506.2152; .NET CLR 3.5.30729)"
207.161.201.33 - - [24/Oct/2012:15:14:26 -0500] "GET /favicon.ico HTTP/1.1" 404 504 "-" "Mozilla/5.0 (compatible; MSIE 9.0; Windows NT 6.1; WOW64; Trident/5.0)"
207.161.201.33 - - [24/Oct/2012:15:14:26 -0500] "GET /rails/courses/themes/default/style.css HTTP/1.1" 404 829 "http://198.163.145.68/rails/courses/41" "Mozilla/5.0 (compatible; MSIE 9.0; Windows NT 6.1; WOW64; Trident/5.0)"
207.161.201.33 - - [24/Oct/2012:15:14:26 -0500] "GET /rails/assets/d.png HTTP/1.1" 200 8173 "http://198.163.145.68/rails/courses/41" "Mozilla/5.0 (compatible; MSIE 9.0; Windows NT 6.1; WOW64; Trident/5.0)"
10.34.26.27 - - [24/Oct/2012:15:14:46 -0500] "GET /rails/courses/11 HTTP/1.1" 200 3842 "http://198.163.145.68/rails/courses" "Mozilla/5.0 (Windows NT 6.1) AppleWebKit/537.4 (KHTML, like Gecko) Chrome/22.0.1229.94 Safari/537.4"
10.34.26.27 - - [24/Oct/2012:15:14:46 -0500] "GET /rails/assets/application-17edb1a16d1c4432b8b57022998f8aa5.css HTTP/1.1" 304 237 "http://198.163.145.68/rails/courses/11" "Mozilla/5.0 (Windows NT 6.1) AppleWebKit/537.4 (KHTML, like Gecko) Chrome/22.0.1229.94 Safari/537.4"
10.34.26.27 - - [24/Oct/2012:15:14:46 -0500] "GET /rails/assets/print-8ddd96b118e54a74a6d982eecf09cff7.css HTTP/1.1" 304 237 "http://198.163.145.68/rails/courses/11" "Mozilla/5.0 (Windows NT 6.1) AppleWebKit/537.4 (KHTML, like Gecko) Chrome/22.0.1229.94 Safari/537.4"
10.34.26.27 - - [24/Oct/2012:15:14:46 -0500] "GET /favicon.ico HTTP/1.1" 404 504 "-" "Mozilla/5.0 (Windows NT 6.1) AppleWebKit/537.4 (KHTML, like Gecko) Chrome/22.0.1229.94 Safari/537.4"
8.28.16.254 - - [24/Oct/2012:15:14:51 -0500] "GET /rails/courses/41/edit HTTP/1.1" 200 15048 "-" "Mozilla/4.0 (compatible; MSIE 7.0; Windows NT 5.1; InfoPath.1; .NET CLR 2.0.50727; .NET CLR 1.1.4322; MS-RTC LM 8; .NET CLR 3.0.4506.2152; .NET CLR 3.5.30729)"
207.161.201.33 - - [24/Oct/2012:15:14:51 -0500] "GET /rails/courses/41/edit HTTP/1.1" 200 143112 "http://198.163.145.68/rails/courses/41" "Mozilla/5.0 (compatible; MSIE 9.0; Windows NT 6.1; WOW64; Trident/5.0)"
::1 - - [24/Oct/2012:15:15:04 -0500] "OPTIONS * HTTP/1.0" 200 152 "-" "Apache/2.2.16 (Debian) (internal dummy connection)"
207.161.201.33 - - [24/Oct/2012:15:15:01 -0500] "GET /rails/courses/41/edit HTTP/1.1" 200 143111 "http://198.163.145.68/rails/courses/41" "Mozilla/5.0 (compatible; MSIE 9.0; Windows NT 6.1; WOW64; Trident/5.0)"
207.161.201.33 - - [24/Oct/2012:15:15:10 -0500] "GET /rails/courses/41/themes/default/style.css HTTP/1.1" 404 829 "http://198.163.145.68/rails/courses/41/edit" "Mozilla/5.0 (compatible; MSIE 9.0; Windows NT 6.1; WOW64; Trident/5.0)"
207.161.201.33 - - [24/Oct/2012:15:15:12 -0500] "GET /rails/assets/d.png HTTP/1.1" 200 8172 "http://198.163.145.68/rails/courses/41/edit" "Mozilla/5.0 (compatible; MSIE 9.0; Windows NT 6.1; WOW64; Trident/5.0)"
::1 - - [24/Oct/2012:15:15:18 -0500] "OPTIONS * HTTP/1.0" 200 152 "-" "Apache/2.2.16 (Debian) (internal dummy connection)"
::1 - - [24/Oct/2012:15:15:30 -0500] "OPTIONS * HTTP/1.0" 200 152 "-" "Apache/2.2.16 (Debian) (internal dummy connection)"
142.16.22.18 - - [24/Oct/2012:15:16:32 -0500] "GET /rails/courses HTTP/1.1" 304 527 "-" "Mozilla/4.0 (compatible; MSIE 8.0; Windows NT 5.1; Trident/4.0; .NET CLR 2.0.50727; .NET CLR 1.1.4322; .NET CLR 3.0.4506.2152; .NET CLR 3.5.30729; .NET4.0C; .NET4.0E; InfoPath.2)"
10.34.26.27 - - [24/Oct/2012:15:17:05 -0500] "GET /rails/courses HTTP/1.1" 200 3554 "-" "Mozilla/5.0 (Windows NT 6.1) AppleWebKit/537.4 (KHTML, like Gecko) Chrome/22.0.1229.94 Safari/537.4"
10.34.26.27 - - [24/Oct/2012:15:17:06 -0500] "GET /favicon.ico HTTP/1.1" 404 504 "-" "Mozilla/5.0 (Windows NT 6.1) AppleWebKit/537.4 (KHTML, like Gecko) Chrome/22.0.1229.94 Safari/537.4"
10.34.26.27 - - [24/Oct/2012:15:17:15 -0500] "GET /rails/courses/41 HTTP/1.1" 200 3243 "http://198.163.145.68/rails/courses" "Mozilla/5.0 (Windows NT 6.1) AppleWebKit/537.4 (KHTML, like Gecko) Chrome/22.0.1229.94 Safari/537.4"
10.34.26.27 - - [24/Oct/2012:15:17:15 -0500] "GET /favicon.ico HTTP/1.1" 404 504 "-" "Mozilla/5.0 (Windows NT 6.1) AppleWebKit/537.4 (KHTML, like Gecko) Chrome/22.0.1229.94 Safari/537.4"
142.16.22.18 - - [24/Oct/2012:15:17:58 -0500] "GET /rails/courses/11 HTTP/1.1" 200 3841 "http://198.163.145.68/rails/courses" "Mozilla/4.0 (compatible; MSIE 8.0; Windows NT 5.1; Trident/4.0; .NET CLR 2.0.50727; .NET CLR 1.1.4322; .NET CLR 3.0.4506.2152; .NET CLR 3.5.30729; .NET4.0C; .NET4.0E; InfoPath.2)"
142.16.22.18 - - [24/Oct/2012:15:17:58 -0500] "GET /rails/courses/themes/default/style.css HTTP/1.1" 404 829 "http://198.163.145.68/rails/courses/11" "Mozilla/4.0 (compatible; MSIE 8.0; Windows NT 5.1; Trident/4.0; .NET CLR 2.0.50727; .NET CLR 1.1.4322; .NET CLR 3.0.4506.2152; .NET CLR 3.5.30729; .NET4.0C; .NET4.0E; InfoPath.2)"
142.16.22.18 - - [24/Oct/2012:15:17:58 -0500] "GET /rails/assets/d.png HTTP/1.1" 200 8173 "http://198.163.145.68/rails/courses/11" "Mozilla/4.0 (compatible; MSIE 8.0; Windows NT 5.1; Trident/4.0; .NET CLR 2.0.50727; .NET CLR 1.1.4322; .NET CLR 3.0.4506.2152; .NET CLR 3.5.30729; .NET4.0C; .NET4.0E; InfoPath.2)"
142.16.22.18 - - [24/Oct/2012:15:18:34 -0500] "GET /rails/courses/themes/default/style.css HTTP/1.1" 404 806 "-" "Mozilla/4.0 (compatible; MSIE 7.0; Windows NT 5.1; Trident/4.0; .NET CLR 2.0.50727; .NET CLR 1.1.4322; .NET CLR 3.0.4506.2152; .NET CLR 3.5.30729; .NET4.0C; .NET4.0E; InfoPath.2; MSOffice 12)"
10.34.26.27 - - [24/Oct/2012:15:18:36 -0500] "GET /rails/courses HTTP/1.1" 304 527 "http://198.163.145.68/rails/courses/41" "Mozilla/5.0 (Windows NT 6.1) AppleWebKit/537.4 (KHTML, like Gecko) Chrome/22.0.1229.94 Safari/537.4"
10.34.26.27 - - [24/Oct/2012:15:18:37 -0500] "GET /favicon.ico HTTP/1.1" 404 504 "-" "Mozilla/5.0 (Windows NT 6.1) AppleWebKit/537.4 (KHTML, like Gecko) Chrome/22.0.1229.94 Safari/537.4"
10.34.26.27 - - [24/Oct/2012:15:18:40 -0500] "GET /rails/courses/2 HTTP/1.1" 200 5423 "http://198.163.145.68/rails/courses" "Mozilla/5.0 (Windows NT 6.1) AppleWebKit/537.4 (KHTML, like Gecko) Chrome/22.0.1229.94 Safari/537.4"
10.34.26.27 - - [24/Oct/2012:15:18:40 -0500] "GET /favicon.ico HTTP/1.1" 404 504 "-" "Mozilla/5.0 (Windows NT 6.1) AppleWebKit/537.4 (KHTML, like Gecko) Chrome/22.0.1229.94 Safari/537.4"
10.34.26.27 - - [24/Oct/2012:15:19:02 -0500] "GET /rails/courses HTTP/1.1" 304 527 "http://198.163.145.68/rails/courses/2" "Mozilla/5.0 (Windows NT 6.1) AppleWebKit/537.4 (KHTML, like Gecko) Chrome/22.0.1229.94 Safari/537.4"
10.34.26.27 - - [24/Oct/2012:15:19:02 -0500] "GET /favicon.ico HTTP/1.1" 404 504 "-" "Mozilla/5.0 (Windows NT 6.1) AppleWebKit/537.4 (KHTML, like Gecko) Chrome/22.0.1229.94 Safari/537.4"
207.161.201.33 - - [24/Oct/2012:15:19:05 -0500] "GET /rails/assets/d.png HTTP/1.1" 200 8173 "http://198.163.145.68/rails/courses/41" "Mozilla/5.0 (compatible; MSIE 9.0; Windows NT 6.1; WOW64; Trident/5.0)"
207.161.201.33 - - [24/Oct/2012:15:19:05 -0500] "GET /rails/courses/themes/default/style.css HTTP/1.1" 404 830 "http://198.163.145.68/rails/courses/41" "Mozilla/5.0 (compatible; MSIE 9.0; Windows NT 6.1; WOW64; Trident/5.0)"
10.34.26.27 - - [24/Oct/2012:15:19:05 -0500] "GET /rails/courses/36 HTTP/1.1" 200 5201 "http://198.163.145.68/rails/courses" "Mozilla/5.0 (Windows NT 6.1) AppleWebKit/537.4 (KHTML, like Gecko) Chrome/22.0.1229.94 Safari/537.4"
10.34.26.27 - - [24/Oct/2012:15:19:05 -0500] "GET /favicon.ico HTTP/1.1" 404 504 "-" "Mozilla/5.0 (Windows NT 6.1) AppleWebKit/537.4 (KHTML, like Gecko) Chrome/22.0.1229.94 Safari/537.4"
142.16.22.18 - - [24/Oct/2012:15:19:17 -0500] "GET /rails/courses/themes/default/style.css HTTP/1.1" 404 806 "-" "Mozilla/4.0 (compatible; MSIE 7.0; Windows NT 5.1; Trident/4.0; .NET CLR 2.0.50727; .NET CLR 1.1.4322; .NET CLR 3.0.4506.2152; .NET CLR 3.5.30729; .NET4.0C; .NET4.0E; InfoPath.2; MSOffice 12)"
10.34.26.27 - - [24/Oct/2012:15:19:19 -0500] "GET /rails/courses HTTP/1.1" 304 526 "http://198.163.145.68/rails/courses/36" "Mozilla/5.0 (Windows NT 6.1) AppleWebKit/537.4 (KHTML, like Gecko) Chrome/22.0.1229.94 Safari/537.4"
10.34.26.27 - - [24/Oct/2012:15:19:20 -0500] "GET /favicon.ico HTTP/1.1" 404 504 "-" "Mozilla/5.0 (Windows NT 6.1) AppleWebKit/537.4 (KHTML, like Gecko) Chrome/22.0.1229.94 Safari/537.4"
10.34.26.27 - - [24/Oct/2012:15:19:25 -0500] "GET /rails/courses/21 HTTP/1.1" 200 5577 "http://198.163.145.68/rails/courses" "Mozilla/5.0 (Windows NT 6.1) AppleWebKit/537.4 (KHTML, like Gecko) Chrome/22.0.1229.94 Safari/537.4"
10.34.26.27 - - [24/Oct/2012:15:19:25 -0500] "GET /favicon.ico HTTP/1.1" 404 504 "-" "Mozilla/5.0 (Windows NT 6.1) AppleWebKit/537.4 (KHTML, like Gecko) Chrome/22.0.1229.94 Safari/537.4"
207.161.201.33 - - [24/Oct/2012:15:19:31 -0500] "GET /rails/courses/19 HTTP/1.1" 200 8581 "http://198.163.145.68/rails/courses" "Mozilla/5.0 (compatible; MSIE 9.0; Windows NT 6.1; WOW64; Trident/5.0)"
8.28.16.254 - - [24/Oct/2012:15:19:31 -0500] "GET /rails/courses/19 HTTP/1.1" 200 84775 "-" "Mozilla/4.0 (compatible; MSIE 7.0; Windows NT 5.1; InfoPath.1; .NET CLR 2.0.50727; .NET CLR 1.1.4322; MS-RTC LM 8; .NET CLR 3.0.4506.2152; .NET CLR 3.5.30729)"
207.161.201.33 - - [24/Oct/2012:15:19:32 -0500] "GET /rails/courses/themes/default/style.css HTTP/1.1" 404 829 "http://198.163.145.68/rails/courses/19" "Mozilla/5.0 (compatible; MSIE 9.0; Windows NT 6.1; WOW64; Trident/5.0)"
207.161.201.33 - - [24/Oct/2012:15:19:32 -0500] "GET /rails/assets/d.png HTTP/1.1" 200 8172 "http://198.163.145.68/rails/courses/19" "Mozilla/5.0 (compatible; MSIE 9.0; Windows NT 6.1; WOW64; Trident/5.0)"
10.34.26.27 - - [24/Oct/2012:15:19:44 -0500] "GET /rails/courses HTTP/1.1" 304 527 "http://198.163.145.68/rails/courses/21" "Mozilla/5.0 (Windows NT 6.1) AppleWebKit/537.4 (KHTML, like Gecko) Chrome/22.0.1229.94 Safari/537.4"
10.34.26.27 - - [24/Oct/2012:15:19:44 -0500] "GET /favicon.ico HTTP/1.1" 404 504 "-" "Mozilla/5.0 (Windows NT 6.1) AppleWebKit/537.4 (KHTML, like Gecko) Chrome/22.0.1229.94 Safari/537.4"
10.34.26.27 - - [24/Oct/2012:15:19:49 -0500] "GET /rails/courses/13 HTTP/1.1" 200 4004 "http://198.163.145.68/rails/courses" "Mozilla/5.0 (Windows NT 6.1) AppleWebKit/537.4 (KHTML, like Gecko) Chrome/22.0.1229.94 Safari/537.4"
10.34.26.27 - - [24/Oct/2012:15:19:49 -0500] "GET /favicon.ico HTTP/1.1" 404 504 "-" "Mozilla/5.0 (Windows NT 6.1) AppleWebKit/537.4 (KHTML, like Gecko) Chrome/22.0.1229.94 Safari/537.4"
142.16.22.18 - - [24/Oct/2012:15:19:52 -0500] "GET /rails/courses HTTP/1.1" 304 527 "-" "Mozilla/4.0 (compatible; MSIE 8.0; Windows NT 5.1; Trident/4.0; .NET CLR 2.0.50727; .NET CLR 1.1.4322; .NET CLR 3.0.4506.2152; .NET CLR 3.5.30729; .NET4.0C; .NET4.0E; InfoPath.2)"
142.16.22.18 - - [24/Oct/2012:15:19:54 -0500] "GET /rails/courses/41 HTTP/1.1" 200 3244 "http://198.163.145.68/rails/courses" "Mozilla/4.0 (compatible; MSIE 8.0; Windows NT 5.1; Trident/4.0; .NET CLR 2.0.50727; .NET CLR 1.1.4322; .NET CLR 3.0.4506.2152; .NET CLR 3.5.30729; .NET4.0C; .NET4.0E; InfoPath.2)"
142.16.22.18 - - [24/Oct/2012:15:19:55 -0500] "GET /rails/courses/themes/default/style.css HTTP/1.1" 404 829 "http://198.163.145.68/rails/courses/41" "Mozilla/4.0 (compatible; MSIE 8.0; Windows NT 5.1; Trident/4.0; .NET CLR 2.0.50727; .NET CLR 1.1.4322; .NET CLR 3.0.4506.2152; .NET CLR 3.5.30729; .NET4.0C; .NET4.0E; InfoPath.2)"
142.16.22.18 - - [24/Oct/2012:15:19:55 -0500] "GET /rails/assets/d.png HTTP/1.1" 200 8173 "http://198.163.145.68/rails/courses/41" "Mozilla/4.0 (compatible; MSIE 8.0; Windows NT 5.1; Trident/4.0; .NET CLR 2.0.50727; .NET CLR 1.1.4322; .NET CLR 3.0.4506.2152; .NET CLR 3.5.30729; .NET4.0C; .NET4.0E; InfoPath.2)"
10.34.26.27 - - [24/Oct/2012:15:19:57 -0500] "GET /rails/courses HTTP/1.1" 304 526 "http://198.163.145.68/rails/courses/13" "Mozilla/5.0 (Windows NT 6.1) AppleWebKit/537.4 (KHTML, like Gecko) Chrome/22.0.1229.94 Safari/537.4"
10.34.26.27 - - [24/Oct/2012:15:19:57 -0500] "GET /favicon.ico HTTP/1.1" 404 504 "-" "Mozilla/5.0 (Windows NT 6.1) AppleWebKit/537.4 (KHTML, like Gecko) Chrome/22.0.1229.94 Safari/537.4"
207.161.201.33 - - [24/Oct/2012:15:19:58 -0500] "GET /rails/courses/15 HTTP/1.1" 200 8405 "http://198.163.145.68/rails/courses" "Mozilla/5.0 (compatible; MSIE 9.0; Windows NT 6.1; WOW64; Trident/5.0)"
8.28.16.254 - - [24/Oct/2012:15:19:58 -0500] "GET /rails/courses/15 HTTP/1.1" 200 81246 "-" "Mozilla/4.0 (compatible; MSIE 7.0; Windows NT 5.1; InfoPath.1; .NET CLR 2.0.50727; .NET CLR 1.1.4322; MS-RTC LM 8; .NET CLR 3.0.4506.2152; .NET CLR 3.5.30729)"
207.161.201.33 - - [24/Oct/2012:15:19:59 -0500] "GET /rails/courses/themes/default/style.css HTTP/1.1" 404 829 "http://198.163.145.68/rails/courses/15" "Mozilla/5.0 (compatible; MSIE 9.0; Windows NT 6.1; WOW64; Trident/5.0)"
207.161.201.33 - - [24/Oct/2012:15:19:59 -0500] "GET /rails/assets/d.png HTTP/1.1" 200 8172 "http://198.163.145.68/rails/courses/15" "Mozilla/5.0 (compatible; MSIE 9.0; Windows NT 6.1; WOW64; Trident/5.0)"
10.34.26.27 - - [24/Oct/2012:15:20:00 -0500] "GET /rails/courses/14 HTTP/1.1" 200 4251 "http://198.163.145.68/rails/courses" "Mozilla/5.0 (Windows NT 6.1) AppleWebKit/537.4 (KHTML, like Gecko) Chrome/22.0.1229.94 Safari/537.4"
10.34.26.27 - - [24/Oct/2012:15:20:00 -0500] "GET /favicon.ico HTTP/1.1" 404 504 "-" "Mozilla/5.0 (Windows NT 6.1) AppleWebKit/537.4 (KHTML, like Gecko) Chrome/22.0.1229.94 Safari/537.4"
10.34.26.27 - - [24/Oct/2012:15:20:10 -0500] "GET /rails/courses HTTP/1.1" 304 526 "http://198.163.145.68/rails/courses/14" "Mozilla/5.0 (Windows NT 6.1) AppleWebKit/537.4 (KHTML, like Gecko) Chrome/22.0.1229.94 Safari/537.4"
10.34.26.27 - - [24/Oct/2012:15:20:10 -0500] "GET /favicon.ico HTTP/1.1" 404 504 "-" "Mozilla/5.0 (Windows NT 6.1) AppleWebKit/537.4 (KHTML, like Gecko) Chrome/22.0.1229.94 Safari/537.4"
10.34.26.27 - - [24/Oct/2012:15:20:13 -0500] "GET /rails/courses/33 HTTP/1.1" 200 7050 "http://198.163.145.68/rails/courses" "Mozilla/5.0 (Windows NT 6.1) AppleWebKit/537.4 (KHTML, like Gecko) Chrome/22.0.1229.94 Safari/537.4"
10.34.26.27 - - [24/Oct/2012:15:20:13 -0500] "GET /favicon.ico HTTP/1.1" 404 504 "-" "Mozilla/5.0 (Windows NT 6.1) AppleWebKit/537.4 (KHTML, like Gecko) Chrome/22.0.1229.94 Safari/537.4"
142.16.22.18 - - [24/Oct/2012:15:20:15 -0500] "GET /rails/courses/themes/default/style.css HTTP/1.1" 404 806 "-" "Mozilla/4.0 (compatible; MSIE 7.0; Windows NT 5.1; Trident/4.0; .NET CLR 2.0.50727; .NET CLR 1.1.4322; .NET CLR 3.0.4506.2152; .NET CLR 3.5.30729; .NET4.0C; .NET4.0E; InfoPath.2; MSOffice 12)"
10.34.26.27 - - [24/Oct/2012:15:20:23 -0500] "GET /rails/courses HTTP/1.1" 304 526 "http://198.163.145.68/rails/courses/33" "Mozilla/5.0 (Windows NT 6.1) AppleWebKit/537.4 (KHTML, like Gecko) Chrome/22.0.1229.94 Safari/537.4"
10.34.26.27 - - [24/Oct/2012:15:20:23 -0500] "GET /favicon.ico HTTP/1.1" 404 504 "-" "Mozilla/5.0 (Windows NT 6.1) AppleWebKit/537.4 (KHTML, like Gecko) Chrome/22.0.1229.94 Safari/537.4"
10.34.26.27 - - [24/Oct/2012:15:20:26 -0500] "GET /rails/courses/32 HTTP/1.1" 200 5293 "http://198.163.145.68/rails/courses" "Mozilla/5.0 (Windows NT 6.1) AppleWebKit/537.4 (KHTML, like Gecko) Chrome/22.0.1229.94 Safari/537.4"
10.34.26.27 - - [24/Oct/2012:15:20:27 -0500] "GET /favicon.ico HTTP/1.1" 404 504 "-" "Mozilla/5.0 (Windows NT 6.1) AppleWebKit/537.4 (KHTML, like Gecko) Chrome/22.0.1229.94 Safari/537.4"
142.16.22.18 - - [24/Oct/2012:15:20:38 -0500] "GET /rails/courses HTTP/1.1" 304 527 "-" "Mozilla/4.0 (compatible; MSIE 8.0; Windows NT 5.1; Trident/4.0; .NET CLR 2.0.50727; .NET CLR 1.1.4322; .NET CLR 3.0.4506.2152; .NET CLR 3.5.30729; .NET4.0C; .NET4.0E; InfoPath.2)"
142.16.22.18 - - [24/Oct/2012:15:20:42 -0500] "GET /rails/courses/2 HTTP/1.1" 200 5427 "http://198.163.145.68/rails/courses" "Mozilla/4.0 (compatible; MSIE 8.0; Windows NT 5.1; Trident/4.0; .NET CLR 2.0.50727; .NET CLR 1.1.4322; .NET CLR 3.0.4506.2152; .NET CLR 3.5.30729; .NET4.0C; .NET4.0E; InfoPath.2)"
142.16.22.18 - - [24/Oct/2012:15:20:42 -0500] "GET /rails/courses/themes/default/style.css HTTP/1.1" 404 829 "http://198.163.145.68/rails/courses/2" "Mozilla/4.0 (compatible; MSIE 8.0; Windows NT 5.1; Trident/4.0; .NET CLR 2.0.50727; .NET CLR 1.1.4322; .NET CLR 3.0.4506.2152; .NET CLR 3.5.30729; .NET4.0C; .NET4.0E; InfoPath.2)"
142.16.22.18 - - [24/Oct/2012:15:20:42 -0500] "GET /rails/assets/d.png HTTP/1.1" 200 8173 "http://198.163.145.68/rails/courses/2" "Mozilla/4.0 (compatible; MSIE 8.0; Windows NT 5.1; Trident/4.0; .NET CLR 2.0.50727; .NET CLR 1.1.4322; .NET CLR 3.0.4506.2152; .NET CLR 3.5.30729; .NET4.0C; .NET4.0E; InfoPath.2)"
10.34.26.27 - - [24/Oct/2012:15:20:45 -0500] "GET /rails/courses HTTP/1.1" 304 527 "http://198.163.145.68/rails/courses/32" "Mozilla/5.0 (Windows NT 6.1) AppleWebKit/537.4 (KHTML, like Gecko) Chrome/22.0.1229.94 Safari/537.4"
10.34.26.27 - - [24/Oct/2012:15:20:45 -0500] "GET /favicon.ico HTTP/1.1" 404 504 "-" "Mozilla/5.0 (Windows NT 6.1) AppleWebKit/537.4 (KHTML, like Gecko) Chrome/22.0.1229.94 Safari/537.4"
10.34.26.27 - - [24/Oct/2012:15:20:48 -0500] "GET /rails/courses/37 HTTP/1.1" 200 5401 "http://198.163.145.68/rails/courses" "Mozilla/5.0 (Windows NT 6.1) AppleWebKit/537.4 (KHTML, like Gecko) Chrome/22.0.1229.94 Safari/537.4"
10.34.26.27 - - [24/Oct/2012:15:20:48 -0500] "GET /favicon.ico HTTP/1.1" 404 504 "-" "Mozilla/5.0 (Windows NT 6.1) AppleWebKit/537.4 (KHTML, like Gecko) Chrome/22.0.1229.94 Safari/537.4"
142.16.22.18 - - [24/Oct/2012:15:20:57 -0500] "GET /rails/courses/themes/default/style.css HTTP/1.1" 404 806 "-" "Mozilla/4.0 (compatible; MSIE 7.0; Windows NT 5.1; Trident/4.0; .NET CLR 2.0.50727; .NET CLR 1.1.4322; .NET CLR 3.0.4506.2152; .NET CLR 3.5.30729; .NET4.0C; .NET4.0E; InfoPath.2; MSOffice 12)"
10.34.26.27 - - [24/Oct/2012:15:20:59 -0500] "GET /rails/courses HTTP/1.1" 304 526 "http://198.163.145.68/rails/courses/37" "Mozilla/5.0 (Windows NT 6.1) AppleWebKit/537.4 (KHTML, like Gecko) Chrome/22.0.1229.94 Safari/537.4"
10.34.26.27 - - [24/Oct/2012:15:20:59 -0500] "GET /favicon.ico HTTP/1.1" 404 504 "-" "Mozilla/5.0 (Windows NT 6.1) AppleWebKit/537.4 (KHTML, like Gecko) Chrome/22.0.1229.94 Safari/537.4"
10.34.26.27 - - [24/Oct/2012:15:21:06 -0500] "GET /rails/courses/3 HTTP/1.1" 200 6326 "http://198.163.145.68/rails/courses" "Mozilla/5.0 (Windows NT 6.1) AppleWebKit/537.4 (KHTML, like Gecko) Chrome/22.0.1229.94 Safari/537.4"
10.34.26.27 - - [24/Oct/2012:15:21:06 -0500] "GET /favicon.ico HTTP/1.1" 404 504 "-" "Mozilla/5.0 (Windows NT 6.1) AppleWebKit/537.4 (KHTML, like Gecko) Chrome/22.0.1229.94 Safari/537.4"
10.34.26.27 - - [24/Oct/2012:15:21:19 -0500] "GET /rails/courses HTTP/1.1" 304 526 "http://198.163.145.68/rails/courses/3" "Mozilla/5.0 (Windows NT 6.1) AppleWebKit/537.4 (KHTML, like Gecko) Chrome/22.0.1229.94 Safari/537.4"
10.34.26.27 - - [24/Oct/2012:15:21:19 -0500] "GET /favicon.ico HTTP/1.1" 404 504 "-" "Mozilla/5.0 (Windows NT 6.1) AppleWebKit/537.4 (KHTML, like Gecko) Chrome/22.0.1229.94 Safari/537.4"
142.16.22.18 - - [24/Oct/2012:15:21:22 -0500] "GET /rails/courses HTTP/1.1" 304 527 "-" "Mozilla/4.0 (compatible; MSIE 8.0; Windows NT 5.1; Trident/4.0; .NET CLR 2.0.50727; .NET CLR 1.1.4322; .NET CLR 3.0.4506.2152; .NET CLR 3.5.30729; .NET4.0C; .NET4.0E; InfoPath.2)"
10.34.26.27 - - [24/Oct/2012:15:21:26 -0500] "GET /rails/courses/5 HTTP/1.1" 200 15456 "http://198.163.145.68/rails/courses" "Mozilla/5.0 (Windows NT 6.1) AppleWebKit/537.4 (KHTML, like Gecko) Chrome/22.0.1229.94 Safari/537.4"
10.34.26.27 - - [24/Oct/2012:15:21:26 -0500] "GET /favicon.ico HTTP/1.1" 404 504 "-" "Mozilla/5.0 (Windows NT 6.1) AppleWebKit/537.4 (KHTML, like Gecko) Chrome/22.0.1229.94 Safari/537.4"
142.16.22.18 - - [24/Oct/2012:15:21:27 -0500] "GET /rails/courses/36 HTTP/1.1" 200 5202 "http://198.163.145.68/rails/courses" "Mozilla/4.0 (compatible; MSIE 8.0; Windows NT 5.1; Trident/4.0; .NET CLR 2.0.50727; .NET CLR 1.1.4322; .NET CLR 3.0.4506.2152; .NET CLR 3.5.30729; .NET4.0C; .NET4.0E; InfoPath.2)"
142.16.22.18 - - [24/Oct/2012:15:21:27 -0500] "GET /rails/courses/themes/default/style.css HTTP/1.1" 404 829 "http://198.163.145.68/rails/courses/36" "Mozilla/4.0 (compatible; MSIE 8.0; Windows NT 5.1; Trident/4.0; .NET CLR 2.0.50727; .NET CLR 1.1.4322; .NET CLR 3.0.4506.2152; .NET CLR 3.5.30729; .NET4.0C; .NET4.0E; InfoPath.2)"
142.16.22.18 - - [24/Oct/2012:15:21:27 -0500] "GET /rails/assets/d.png HTTP/1.1" 200 8173 "http://198.163.145.68/rails/courses/36" "Mozilla/4.0 (compatible; MSIE 8.0; Windows NT 5.1; Trident/4.0; .NET CLR 2.0.50727; .NET CLR 1.1.4322; .NET CLR 3.0.4506.2152; .NET CLR 3.5.30729; .NET4.0C; .NET4.0E; InfoPath.2)"
142.16.22.18 - - [24/Oct/2012:15:21:33 -0500] "GET /rails/courses/themes/default/style.css HTTP/1.1" 404 806 "-" "Mozilla/4.0 (compatible; MSIE 7.0; Windows NT 5.1; Trident/4.0; .NET CLR 2.0.50727; .NET CLR 1.1.4322; .NET CLR 3.0.4506.2152; .NET CLR 3.5.30729; .NET4.0C; .NET4.0E; InfoPath.2; MSOffice 12)"
10.34.26.27 - - [24/Oct/2012:15:21:33 -0500] "GET /rails/courses HTTP/1.1" 304 526 "http://198.163.145.68/rails/courses/5" "Mozilla/5.0 (Windows NT 6.1) AppleWebKit/537.4 (KHTML, like Gecko) Chrome/22.0.1229.94 Safari/537.4"
10.34.26.27 - - [24/Oct/2012:15:21:33 -0500] "GET /favicon.ico HTTP/1.1" 404 504 "-" "Mozilla/5.0 (Windows NT 6.1) AppleWebKit/537.4 (KHTML, like Gecko) Chrome/22.0.1229.94 Safari/537.4"
10.34.26.27 - - [24/Oct/2012:15:21:37 -0500] "GET /rails/courses/6 HTTP/1.1" 200 5431 "http://198.163.145.68/rails/courses" "Mozilla/5.0 (Windows NT 6.1) AppleWebKit/537.4 (KHTML, like Gecko) Chrome/22.0.1229.94 Safari/537.4"
10.34.26.27 - - [24/Oct/2012:15:21:37 -0500] "GET /favicon.ico HTTP/1.1" 404 504 "-" "Mozilla/5.0 (Windows NT 6.1) AppleWebKit/537.4 (KHTML, like Gecko) Chrome/22.0.1229.94 Safari/537.4"
10.34.26.27 - - [24/Oct/2012:15:21:46 -0500] "GET /rails/courses HTTP/1.1" 304 526 "http://198.163.145.68/rails/courses/6" "Mozilla/5.0 (Windows NT 6.1) AppleWebKit/537.4 (KHTML, like Gecko) Chrome/22.0.1229.94 Safari/537.4"
10.34.26.27 - - [24/Oct/2012:15:21:46 -0500] "GET /favicon.ico HTTP/1.1" 404 504 "-" "Mozilla/5.0 (Windows NT 6.1) AppleWebKit/537.4 (KHTML, like Gecko) Chrome/22.0.1229.94 Safari/537.4"
10.34.26.27 - - [24/Oct/2012:15:21:50 -0500] "GET /rails/courses/1 HTTP/1.1" 200 7306 "http://198.163.145.68/rails/courses" "Mozilla/5.0 (Windows NT 6.1) AppleWebKit/537.4 (KHTML, like Gecko) Chrome/22.0.1229.94 Safari/537.4"
10.34.26.27 - - [24/Oct/2012:15:21:50 -0500] "GET /favicon.ico HTTP/1.1" 404 504 "-" "Mozilla/5.0 (Windows NT 6.1) AppleWebKit/537.4 (KHTML, like Gecko) Chrome/22.0.1229.94 Safari/537.4"
142.16.22.18 - - [24/Oct/2012:15:21:58 -0500] "GET /rails/courses HTTP/1.1" 304 527 "-" "Mozilla/4.0 (compatible; MSIE 8.0; Windows NT 5.1; Trident/4.0; .NET CLR 2.0.50727; .NET CLR 1.1.4322; .NET CLR 3.0.4506.2152; .NET CLR 3.5.30729; .NET4.0C; .NET4.0E; InfoPath.2)"
10.34.26.27 - - [24/Oct/2012:15:22:02 -0500] "GET /rails/courses HTTP/1.1" 304 526 "http://198.163.145.68/rails/courses/1" "Mozilla/5.0 (Windows NT 6.1) AppleWebKit/537.4 (KHTML, like Gecko) Chrome/22.0.1229.94 Safari/537.4"
10.34.26.27 - - [24/Oct/2012:15:22:02 -0500] "GET /favicon.ico HTTP/1.1" 404 504 "-" "Mozilla/5.0 (Windows NT 6.1) AppleWebKit/537.4 (KHTML, like Gecko) Chrome/22.0.1229.94 Safari/537.4"
10.34.26.27 - - [24/Oct/2012:15:22:05 -0500] "GET /rails/courses/29 HTTP/1.1" 200 8103 "http://198.163.145.68/rails/courses" "Mozilla/5.0 (Windows NT 6.1) AppleWebKit/537.4 (KHTML, like Gecko) Chrome/22.0.1229.94 Safari/537.4"
10.34.26.27 - - [24/Oct/2012:15:22:05 -0500] "GET /favicon.ico HTTP/1.1" 404 504 "-" "Mozilla/5.0 (Windows NT 6.1) AppleWebKit/537.4 (KHTML, like Gecko) Chrome/22.0.1229.94 Safari/537.4"
142.16.22.18 - - [24/Oct/2012:15:22:08 -0500] "GET /rails/courses/21 HTTP/1.1" 200 5580 "http://198.163.145.68/rails/courses" "Mozilla/4.0 (compatible; MSIE 8.0; Windows NT 5.1; Trident/4.0; .NET CLR 2.0.50727; .NET CLR 1.1.4322; .NET CLR 3.0.4506.2152; .NET CLR 3.5.30729; .NET4.0C; .NET4.0E; InfoPath.2)"
142.16.22.18 - - [24/Oct/2012:15:22:08 -0500] "GET /rails/courses/themes/default/style.css HTTP/1.1" 404 829 "http://198.163.145.68/rails/courses/21" "Mozilla/4.0 (compatible; MSIE 8.0; Windows NT 5.1; Trident/4.0; .NET CLR 2.0.50727; .NET CLR 1.1.4322; .NET CLR 3.0.4506.2152; .NET CLR 3.5.30729; .NET4.0C; .NET4.0E; InfoPath.2)"
142.16.22.18 - - [24/Oct/2012:15:22:08 -0500] "GET /rails/assets/d.png HTTP/1.1" 200 8173 "http://198.163.145.68/rails/courses/21" "Mozilla/4.0 (compatible; MSIE 8.0; Windows NT 5.1; Trident/4.0; .NET CLR 2.0.50727; .NET CLR 1.1.4322; .NET CLR 3.0.4506.2152; .NET CLR 3.5.30729; .NET4.0C; .NET4.0E; InfoPath.2)"
142.16.22.18 - - [24/Oct/2012:15:22:13 -0500] "GET /rails/courses/themes/default/style.css HTTP/1.1" 404 806 "-" "Mozilla/4.0 (compatible; MSIE 7.0; Windows NT 5.1; Trident/4.0; .NET CLR 2.0.50727; .NET CLR 1.1.4322; .NET CLR 3.0.4506.2152; .NET CLR 3.5.30729; .NET4.0C; .NET4.0E; InfoPath.2; MSOffice 12)"
10.34.26.27 - - [24/Oct/2012:15:22:15 -0500] "GET /rails/courses HTTP/1.1" 304 526 "http://198.163.145.68/rails/courses/29" "Mozilla/5.0 (Windows NT 6.1) AppleWebKit/537.4 (KHTML, like Gecko) Chrome/22.0.1229.94 Safari/537.4"
10.34.26.27 - - [24/Oct/2012:15:22:15 -0500] "GET /favicon.ico HTTP/1.1" 404 504 "-" "Mozilla/5.0 (Windows NT 6.1) AppleWebKit/537.4 (KHTML, like Gecko) Chrome/22.0.1229.94 Safari/537.4"
10.34.26.27 - - [24/Oct/2012:15:22:23 -0500] "GET /rails/courses/19 HTTP/1.1" 200 8580 "http://198.163.145.68/rails/courses" "Mozilla/5.0 (Windows NT 6.1) AppleWebKit/537.4 (KHTML, like Gecko) Chrome/22.0.1229.94 Safari/537.4"
10.34.26.27 - - [24/Oct/2012:15:22:24 -0500] "GET /favicon.ico HTTP/1.1" 404 504 "-" "Mozilla/5.0 (Windows NT 6.1) AppleWebKit/537.4 (KHTML, like Gecko) Chrome/22.0.1229.94 Safari/537.4"
10.34.26.27 - - [24/Oct/2012:15:22:32 -0500] "GET /rails/courses HTTP/1.1" 304 526 "http://198.163.145.68/rails/courses/19" "Mozilla/5.0 (Windows NT 6.1) AppleWebKit/537.4 (KHTML, like Gecko) Chrome/22.0.1229.94 Safari/537.4"
10.34.26.27 - - [24/Oct/2012:15:22:32 -0500] "GET /favicon.ico HTTP/1.1" 404 504 "-" "Mozilla/5.0 (Windows NT 6.1) AppleWebKit/537.4 (KHTML, like Gecko) Chrome/22.0.1229.94 Safari/537.4"
10.34.26.27 - - [24/Oct/2012:15:22:37 -0500] "GET /rails/courses/38 HTTP/1.1" 200 3119 "http://198.163.145.68/rails/courses" "Mozilla/5.0 (Windows NT 6.1) AppleWebKit/537.4 (KHTML, like Gecko) Chrome/22.0.1229.94 Safari/537.4"
10.34.26.27 - - [24/Oct/2012:15:22:37 -0500] "GET /favicon.ico HTTP/1.1" 404 504 "-" "Mozilla/5.0 (Windows NT 6.1) AppleWebKit/537.4 (KHTML, like Gecko) Chrome/22.0.1229.94 Safari/537.4"
10.34.26.27 - - [24/Oct/2012:15:22:46 -0500] "GET /rails/courses HTTP/1.1" 304 526 "http://198.163.145.68/rails/courses/38" "Mozilla/5.0 (Windows NT 6.1) AppleWebKit/537.4 (KHTML, like Gecko) Chrome/22.0.1229.94 Safari/537.4"
10.34.26.27 - - [24/Oct/2012:15:22:46 -0500] "GET /favicon.ico HTTP/1.1" 404 504 "-" "Mozilla/5.0 (Windows NT 6.1) AppleWebKit/537.4 (KHTML, like Gecko) Chrome/22.0.1229.94 Safari/537.4"
10.34.26.27 - - [24/Oct/2012:15:22:49 -0500] "GET /rails/courses/30 HTTP/1.1" 200 3044 "http://198.163.145.68/rails/courses" "Mozilla/5.0 (Windows NT 6.1) AppleWebKit/537.4 (KHTML, like Gecko) Chrome/22.0.1229.94 Safari/537.4"
10.34.26.27 - - [24/Oct/2012:15:22:49 -0500] "GET /favicon.ico HTTP/1.1" 404 504 "-" "Mozilla/5.0 (Windows NT 6.1) AppleWebKit/537.4 (KHTML, like Gecko) Chrome/22.0.1229.94 Safari/537.4"
10.34.26.27 - - [24/Oct/2012:15:22:56 -0500] "GET /rails/courses HTTP/1.1" 304 526 "http://198.163.145.68/rails/courses/30" "Mozilla/5.0 (Windows NT 6.1) AppleWebKit/537.4 (KHTML, like Gecko) Chrome/22.0.1229.94 Safari/537.4"
10.34.26.27 - - [24/Oct/2012:15:22:56 -0500] "GET /favicon.ico HTTP/1.1" 404 504 "-" "Mozilla/5.0 (Windows NT 6.1) AppleWebKit/537.4 (KHTML, like Gecko) Chrome/22.0.1229.94 Safari/537.4"
10.34.26.27 - - [24/Oct/2012:15:23:02 -0500] "GET /rails/courses/8 HTTP/1.1" 200 5775 "http://198.163.145.68/rails/courses" "Mozilla/5.0 (Windows NT 6.1) AppleWebKit/537.4 (KHTML, like Gecko) Chrome/22.0.1229.94 Safari/537.4"
10.34.26.27 - - [24/Oct/2012:15:23:02 -0500] "GET /favicon.ico HTTP/1.1" 404 504 "-" "Mozilla/5.0 (Windows NT 6.1) AppleWebKit/537.4 (KHTML, like Gecko) Chrome/22.0.1229.94 Safari/537.4"
10.34.26.27 - - [24/Oct/2012:15:23:12 -0500] "GET /rails/courses HTTP/1.1" 304 526 "http://198.163.145.68/rails/courses/8" "Mozilla/5.0 (Windows NT 6.1) AppleWebKit/537.4 (KHTML, like Gecko) Chrome/22.0.1229.94 Safari/537.4"
10.34.26.27 - - [24/Oct/2012:15:23:12 -0500] "GET /favicon.ico HTTP/1.1" 404 504 "-" "Mozilla/5.0 (Windows NT 6.1) AppleWebKit/537.4 (KHTML, like Gecko) Chrome/22.0.1229.94 Safari/537.4"
10.34.26.27 - - [24/Oct/2012:15:23:20 -0500] "GET /rails/courses/12 HTTP/1.1" 200 3882 "http://198.163.145.68/rails/courses" "Mozilla/5.0 (Windows NT 6.1) AppleWebKit/537.4 (KHTML, like Gecko) Chrome/22.0.1229.94 Safari/537.4"
10.34.26.27 - - [24/Oct/2012:15:23:20 -0500] "GET /favicon.ico HTTP/1.1" 404 504 "-" "Mozilla/5.0 (Windows NT 6.1) AppleWebKit/537.4 (KHTML, like Gecko) Chrome/22.0.1229.94 Safari/537.4"
142.16.22.18 - - [24/Oct/2012:15:23:22 -0500] "GET /rails/courses HTTP/1.1" 304 527 "-" "Mozilla/4.0 (compatible; MSIE 8.0; Windows NT 5.1; Trident/4.0; .NET CLR 2.0.50727; .NET CLR 1.1.4322; .NET CLR 3.0.4506.2152; .NET CLR 3.5.30729; .NET4.0C; .NET4.0E; InfoPath.2)"
142.16.22.18 - - [24/Oct/2012:15:23:27 -0500] "GET /rails/courses/11 HTTP/1.1" 200 3841 "http://198.163.145.68/rails/courses" "Mozilla/4.0 (compatible; MSIE 8.0; Windows NT 5.1; Trident/4.0; .NET CLR 2.0.50727; .NET CLR 1.1.4322; .NET CLR 3.0.4506.2152; .NET CLR 3.5.30729; .NET4.0C; .NET4.0E; InfoPath.2)"
142.16.22.18 - - [24/Oct/2012:15:23:27 -0500] "GET /rails/courses/themes/default/style.css HTTP/1.1" 404 829 "http://198.163.145.68/rails/courses/11" "Mozilla/4.0 (compatible; MSIE 8.0; Windows NT 5.1; Trident/4.0; .NET CLR 2.0.50727; .NET CLR 1.1.4322; .NET CLR 3.0.4506.2152; .NET CLR 3.5.30729; .NET4.0C; .NET4.0E; InfoPath.2)"
142.16.22.18 - - [24/Oct/2012:15:23:27 -0500] "GET /rails/assets/d.png HTTP/1.1" 200 8173 "http://198.163.145.68/rails/courses/11" "Mozilla/4.0 (compatible; MSIE 8.0; Windows NT 5.1; Trident/4.0; .NET CLR 2.0.50727; .NET CLR 1.1.4322; .NET CLR 3.0.4506.2152; .NET CLR 3.5.30729; .NET4.0C; .NET4.0E; InfoPath.2)"
10.34.26.27 - - [24/Oct/2012:15:23:29 -0500] "GET /rails/courses HTTP/1.1" 304 526 "http://198.163.145.68/rails/courses/12" "Mozilla/5.0 (Windows NT 6.1) AppleWebKit/537.4 (KHTML, like Gecko) Chrome/22.0.1229.94 Safari/537.4"
10.34.26.27 - - [24/Oct/2012:15:23:29 -0500] "GET /favicon.ico HTTP/1.1" 404 504 "-" "Mozilla/5.0 (Windows NT 6.1) AppleWebKit/537.4 (KHTML, like Gecko) Chrome/22.0.1229.94 Safari/537.4"
10.34.26.27 - - [24/Oct/2012:15:23:33 -0500] "GET /rails/courses/22 HTTP/1.1" 200 3948 "http://198.163.145.68/rails/courses" "Mozilla/5.0 (Windows NT 6.1) AppleWebKit/537.4 (KHTML, like Gecko) Chrome/22.0.1229.94 Safari/537.4"
10.34.26.27 - - [24/Oct/2012:15:23:33 -0500] "GET /favicon.ico HTTP/1.1" 404 504 "-" "Mozilla/5.0 (Windows NT 6.1) AppleWebKit/537.4 (KHTML, like Gecko) Chrome/22.0.1229.94 Safari/537.4"
10.34.26.27 - - [24/Oct/2012:15:23:42 -0500] "GET /rails/courses HTTP/1.1" 304 526 "http://198.163.145.68/rails/courses/22" "Mozilla/5.0 (Windows NT 6.1) AppleWebKit/537.4 (KHTML, like Gecko) Chrome/22.0.1229.94 Safari/537.4"
