142.16.22.18 - - [24/Oct/2012:15:33:51 -0500] "GET /rails/assets/d.png HTTP/1.1" 200 8172 "http://198.163.145.68/rails/courses/35" "Mozilla/4.0 (compatible; MSIE 8.0; Windows NT 5.1; Trident/4.0; .NET CLR 2.0.50727; .NET CLR 1.1.4322; .NET CLR 3.0.4506.2152; .NET CLR 3.5.30729; .NET4.0C; .NET4.0E; InfoPath.2)"
142.16.22.18 - - [24/Oct/2012:15:34:06 -0500] "GET /rails/courses HTTP/1.1" 304 526 "-" "Mozilla/4.0 (compatible; MSIE 8.0; Windows NT 5.1; Trident/4.0; .NET CLR 2.0.50727; .NET CLR 1.1.4322; .NET CLR 3.0.4506.2152; .NET CLR 3.5.30729; .NET4.0C; .NET4.0E; InfoPath.2)"
142.16.22.18 - - [24/Oct/2012:15:34:09 -0500] "GET /rails/courses/40 HTTP/1.1" 200 2900 "http://198.163.145.68/rails/courses" "Mozilla/4.0 (compatible; MSIE 8.0; Windows NT 5.1; Trident/4.0; .NET CLR 2.0.50727; .NET CLR 1.1.4322; .NET CLR 3.0.4506.2152; .NET CLR 3.5.30729; .NET4.0C; .NET4.0E; InfoPath.2)"
142.16.22.18 - - [24/Oct/2012:15:34:10 -0500] "GET /rails/courses/themes/default/style.css HTTP/1.1" 404 829 "http://198.163.145.68/rails/courses/40" "Mozilla/4.0 (compatible; MSIE 8.0; Windows NT 5.1; Trident/4.0; .NET CLR 2.0.50727; .NET CLR 1.1.4322; .NET CLR 3.0.4506.2152; .NET CLR 3.5.30729; .NET4.0C; .NET4.0E; InfoPath.2)"
142.16.22.18 - - [24/Oct/2012:15:34:10 -0500] "GET /rails/assets/d.png HTTP/1.1" 200 8173 "http://198.163.145.68/rails/courses/40" "Mozilla/4.0 (compatible; MSIE 8.0; Windows NT 5.1; Trident/4.0; .NET CLR 2.0.50727; .NET CLR 1.1.4322; .NET CLR 3.0.4506.2152; .NET CLR 3.5.30729; .NET4.0C; .NET4.0E; InfoPath.2)"
142.16.22.18 - - [24/Oct/2012:15:34:23 -0500] "GET /rails/courses HTTP/1.1" 304 526 "-" "Mozilla/4.0 (compatible; MSIE 8.0; Windows NT 5.1; Trident/4.0; .NET CLR 2.0.50727; .NET CLR 1.1.4322; .NET CLR 3.0.4506.2152; .NET CLR 3.5.30729; .NET4.0C; .NET4.0E; InfoPath.2)"
142.16.22.18 - - [24/Oct/2012:15:34:26 -0500] "GET /rails/courses/39 HTTP/1.1" 200 2870 "http://198.163.145.68/rails/courses" "Mozilla/4.0 (compatible; MSIE 8.0; Windows NT 5.1; Trident/4.0; .NET CLR 2.0.50727; .NET CLR 1.1.4322; .NET CLR 3.0.4506.2152; .NET CLR 3.5.30729; .NET4.0C; .NET4.0E; InfoPath.2)"
142.16.22.18 - - [24/Oct/2012:15:34:26 -0500] "GET /rails/courses/themes/default/style.css HTTP/1.1" 404 829 "http://198.163.145.68/rails/courses/39" "Mozilla/4.0 (compatible; MSIE 8.0; Windows NT 5.1; Trident/4.0; .NET CLR 2.0.50727; .NET CLR 1.1.4322; .NET CLR 3.0.4506.2152; .NET CLR 3.5.30729; .NET4.0C; .NET4.0E; InfoPath.2)"
142.16.22.18 - - [24/Oct/2012:15:34:26 -0500] "GET /rails/assets/d.png HTTP/1.1" 200 8173 "http://198.163.145.68/rails/courses/39" "Mozilla/4.0 (compatible; MSIE 8.0; Windows NT 5.1; Trident/4.0; .NET CLR 2.0.50727; .NET CLR 1.1.4322; .NET CLR 3.0.4506.2152; .NET CLR 3.5.30729; .NET4.0C; .NET4.0E; InfoPath.2)"
142.16.22.18 - - [24/Oct/2012:15:34:47 -0500] "GET /rails/courses HTTP/1.1" 304 527 "-" "Mozilla/4.0 (compatible; MSIE 8.0; Windows NT 5.1; Trident/4.0; .NET CLR 2.0.50727; .NET CLR 1.1.4322; .NET CLR 3.0.4506.2152; .NET CLR 3.5.30729; .NET4.0C; .NET4.0E; InfoPath.2)"
142.16.22.18 - - [24/Oct/2012:15:34:50 -0500] "GET /rails/courses/15 HTTP/1.1" 200 8404 "http://198.163.145.68/rails/courses" "Mozilla/4.0 (compatible; MSIE 8.0; Windows NT 5.1; Trident/4.0; .NET CLR 2.0.50727; .NET CLR 1.1.4322; .NET CLR 3.0.4506.2152; .NET CLR 3.5.30729; .NET4.0C; .NET4.0E; InfoPath.2)"
142.16.22.18 - - [24/Oct/2012:15:34:51 -0500] "GET /rails/courses/themes/default/style.css HTTP/1.1" 404 829 "http://198.163.145.68/rails/courses/15" "Mozilla/4.0 (compatible; MSIE 8.0; Windows NT 5.1; Trident/4.0; .NET CLR 2.0.50727; .NET CLR 1.1.4322; .NET CLR 3.0.4506.2152; .NET CLR 3.5.30729; .NET4.0C; .NET4.0E; InfoPath.2)"
142.16.22.18 - - [24/Oct/2012:15:34:51 -0500] "GET /rails/assets/d.png HTTP/1.1" 200 8173 "http://198.163.145.68/rails/courses/15" "Mozilla/4.0 (compatible; MSIE 8.0; Windows NT 5.1; Trident/4.0; .NET CLR 2.0.50727; .NET CLR 1.1.4322; .NET CLR 3.0.4506.2152; .NET CLR 3.5.30729; .NET4.0C; .NET4.0E; InfoPath.2)"
142.16.22.18 - - [24/Oct/2012:15:35:05 -0500] "GET /rails/courses HTTP/1.1" 304 526 "-" "Mozilla/4.0 (compatible; MSIE 8.0; Windows NT 5.1; Trident/4.0; .NET CLR 2.0.50727; .NET CLR 1.1.4322; .NET CLR 3.0.4506.2152; .NET CLR 3.5.30729; .NET4.0C; .NET4.0E; InfoPath.2)"
142.16.22.18 - - [24/Oct/2012:15:35:08 -0500] "GET /rails/courses/7 HTTP/1.1" 200 3771 "http://198.163.145.68/rails/courses" "Mozilla/4.0 (compatible; MSIE 8.0; Windows NT 5.1; Trident/4.0; .NET CLR 2.0.50727; .NET CLR 1.1.4322; .NET CLR 3.0.4506.2152; .NET CLR 3.5.30729; .NET4.0C; .NET4.0E; InfoPath.2)"
142.16.22.18 - - [24/Oct/2012:15:35:08 -0500] "GET /rails/courses/themes/default/style.css HTTP/1.1" 404 829 "http://198.163.145.68/rails/courses/7" "Mozilla/4.0 (compatible; MSIE 8.0; Windows NT 5.1; Trident/4.0; .NET CLR 2.0.50727; .NET CLR 1.1.4322; .NET CLR 3.0.4506.2152; .NET CLR 3.5.30729; .NET4.0C; .NET4.0E; InfoPath.2)"
142.16.22.18 - - [24/Oct/2012:15:35:08 -0500] "GET /rails/assets/d.png HTTP/1.1" 200 8173 "http://198.163.145.68/rails/courses/7" "Mozilla/4.0 (compatible; MSIE 8.0; Windows NT 5.1; Trident/4.0; .NET CLR 2.0.50727; .NET CLR 1.1.4322; .NET CLR 3.0.4506.2152; .NET CLR 3.5.30729; .NET4.0C; .NET4.0E; InfoPath.2)"
142.16.22.18 - - [24/Oct/2012:15:35:26 -0500] "GET /rails/courses HTTP/1.1" 304 527 "-" "Mozilla/4.0 (compatible; MSIE 8.0; Windows NT 5.1; Trident/4.0; .NET CLR 2.0.50727; .NET CLR 1.1.4322; .NET CLR 3.0.4506.2152; .NET CLR 3.5.30729; .NET4.0C; .NET4.0E; InfoPath.2)"
142.16.22.18 - - [24/Oct/2012:15:35:28 -0500] "GET /rails/courses/17 HTTP/1.1" 200 6060 "http://198.163.145.68/rails/courses" "Mozilla/4.0 (compatible; MSIE 8.0; Windows NT 5.1; Trident/4.0; .NET CLR 2.0.50727; .NET CLR 1.1.4322; .NET CLR 3.0.4506.2152; .NET CLR 3.5.30729; .NET4.0C; .NET4.0E; InfoPath.2)"
142.16.22.18 - - [24/Oct/2012:15:35:29 -0500] "GET /rails/courses/themes/default/style.css HTTP/1.1" 404 829 "http://198.163.145.68/rails/courses/17" "Mozilla/4.0 (compatible; MSIE 8.0; Windows NT 5.1; Trident/4.0; .NET CLR 2.0.50727; .NET CLR 1.1.4322; .NET CLR 3.0.4506.2152; .NET CLR 3.5.30729; .NET4.0C; .NET4.0E; InfoPath.2)"
142.16.22.18 - - [24/Oct/2012:15:35:29 -0500] "GET /rails/assets/d.png HTTP/1.1" 200 8173 "http://198.163.145.68/rails/courses/17" "Mozilla/4.0 (compatible; MSIE 8.0; Windows NT 5.1; Trident/4.0; .NET CLR 2.0.50727; .NET CLR 1.1.4322; .NET CLR 3.0.4506.2152; .NET CLR 3.5.30729; .NET4.0C; .NET4.0E; InfoPath.2)"
142.16.22.18 - - [24/Oct/2012:15:35:45 -0500] "GET /rails/courses HTTP/1.1" 304 527 "-" "Mozilla/4.0 (compatible; MSIE 8.0; Windows NT 5.1; Trident/4.0; .NET CLR 2.0.50727; .NET CLR 1.1.4322; .NET CLR 3.0.4506.2152; .NET CLR 3.5.30729; .NET4.0C; .NET4.0E; InfoPath.2)"
142.16.22.18 - - [24/Oct/2012:15:35:50 -0500] "GET /rails/courses/23 HTTP/1.1" 200 9427 "http://198.163.145.68/rails/courses" "Mozilla/4.0 (compatible; MSIE 8.0; Windows NT 5.1; Trident/4.0; .NET CLR 2.0.50727; .NET CLR 1.1.4322; .NET CLR 3.0.4506.2152; .NET CLR 3.5.30729; .NET4.0C; .NET4.0E; InfoPath.2)"
142.16.22.18 - - [24/Oct/2012:15:35:50 -0500] "GET /rails/courses/themes/default/style.css HTTP/1.1" 404 829 "http://198.163.145.68/rails/courses/23" "Mozilla/4.0 (compatible; MSIE 8.0; Windows NT 5.1; Trident/4.0; .NET CLR 2.0.50727; .NET CLR 1.1.4322; .NET CLR 3.0.4506.2152; .NET CLR 3.5.30729; .NET4.0C; .NET4.0E; InfoPath.2)"
142.16.22.18 - - [24/Oct/2012:15:35:50 -0500] "GET /rails/assets/d.png HTTP/1.1" 200 8173 "http://198.163.145.68/rails/courses/23" "Mozilla/4.0 (compatible; MSIE 8.0; Windows NT 5.1; Trident/4.0; .NET CLR 2.0.50727; .NET CLR 1.1.4322; .NET CLR 3.0.4506.2152; .NET CLR 3.5.30729; .NET4.0C; .NET4.0E; InfoPath.2)"
142.16.22.18 - - [24/Oct/2012:15:36:05 -0500] "GET /rails/courses HTTP/1.1" 304 526 "-" "Mozilla/4.0 (compatible; MSIE 8.0; Windows NT 5.1; Trident/4.0; .NET CLR 2.0.50727; .NET CLR 1.1.4322; .NET CLR 3.0.4506.2152; .NET CLR 3.5.30729; .NET4.0C; .NET4.0E; InfoPath.2)"
142.16.22.18 - - [25/Oct/2012:07:25:21 -0500] "GET /rails/courses/18 HTTP/1.1" 200 9448 "http://198.163.145.68/rails/courses" "Mozilla/4.0 (compatible; MSIE 8.0; Windows NT 5.1; Trident/4.0; .NET CLR 2.0.50727; .NET CLR 1.1.4322; .NET CLR 3.0.4506.2152; .NET CLR 3.5.30729; .NET4.0C; .NET4.0E; InfoPath.2)"
142.16.22.18 - - [25/Oct/2012:07:25:22 -0500] "GET /rails/courses/themes/default/style.css HTTP/1.1" 404 829 "http://198.163.145.68/rails/courses/18" "Mozilla/4.0 (compatible; MSIE 8.0; Windows NT 5.1; Trident/4.0; .NET CLR 2.0.50727; .NET CLR 1.1.4322; .NET CLR 3.0.4506.2152; .NET CLR 3.5.30729; .NET4.0C; .NET4.0E; InfoPath.2)"
142.16.22.18 - - [25/Oct/2012:07:25:22 -0500] "GET /rails/assets/d.png HTTP/1.1" 200 8173 "http://198.163.145.68/rails/courses/18" "Mozilla/4.0 (compatible; MSIE 8.0; Windows NT 5.1; Trident/4.0; .NET CLR 2.0.50727; .NET CLR 1.1.4322; .NET CLR 3.0.4506.2152; .NET CLR 3.5.30729; .NET4.0C; .NET4.0E; InfoPath.2)"
142.16.22.18 - - [25/Oct/2012:07:25:41 -0500] "GET /rails/courses HTTP/1.1" 304 527 "-" "Mozilla/4.0 (compatible; MSIE 8.0; Windows NT 5.1; Trident/4.0; .NET CLR 2.0.50727; .NET CLR 1.1.4322; .NET CLR 3.0.4506.2152; .NET CLR 3.5.30729; .NET4.0C; .NET4.0E; InfoPath.2)"
142.16.22.18 - - [25/Oct/2012:07:25:45 -0500] "GET /rails/courses/24 HTTP/1.1" 200 4558 "http://198.163.145.68/rails/courses" "Mozilla/4.0 (compatible; MSIE 8.0; Windows NT 5.1; Trident/4.0; .NET CLR 2.0.50727; .NET CLR 1.1.4322; .NET CLR 3.0.4506.2152; .NET CLR 3.5.30729; .NET4.0C; .NET4.0E; InfoPath.2)"
142.16.22.18 - - [25/Oct/2012:07:25:45 -0500] "GET /rails/courses/themes/default/style.css HTTP/1.1" 404 829 "http://198.163.145.68/rails/courses/24" "Mozilla/4.0 (compatible; MSIE 8.0; Windows NT 5.1; Trident/4.0; .NET CLR 2.0.50727; .NET CLR 1.1.4322; .NET CLR 3.0.4506.2152; .NET CLR 3.5.30729; .NET4.0C; .NET4.0E; InfoPath.2)"
142.16.22.18 - - [25/Oct/2012:07:25:45 -0500] "GET /rails/assets/d.png HTTP/1.1" 200 8173 "http://198.163.145.68/rails/courses/24" "Mozilla/4.0 (compatible; MSIE 8.0; Windows NT 5.1; Trident/4.0; .NET CLR 2.0.50727; .NET CLR 1.1.4322; .NET CLR 3.0.4506.2152; .NET CLR 3.5.30729; .NET4.0C; .NET4.0E; InfoPath.2)"
142.16.22.18 - - [25/Oct/2012:07:25:58 -0500] "GET /rails/courses HTTP/1.1" 304 526 "-" "Mozilla/4.0 (compatible; MSIE 8.0; Windows NT 5.1; Trident/4.0; .NET CLR 2.0.50727; .NET CLR 1.1.4322; .NET CLR 3.0.4506.2152; .NET CLR 3.5.30729; .NET4.0C; .NET4.0E; InfoPath.2)"
142.16.22.18 - - [25/Oct/2012:07:26:01 -0500] "GET /rails/courses/42 HTTP/1.1" 200 4056 "http://198.163.145.68/rails/courses" "Mozilla/4.0 (compatible; MSIE 8.0; Windows NT 5.1; Trident/4.0; .NET CLR 2.0.50727; .NET CLR 1.1.4322; .NET CLR 3.0.4506.2152; .NET CLR 3.5.30729; .NET4.0C; .NET4.0E; InfoPath.2)"
142.16.22.18 - - [25/Oct/2012:07:26:01 -0500] "GET /rails/courses/themes/default/style.css HTTP/1.1" 404 829 "http://198.163.145.68/rails/courses/42" "Mozilla/4.0 (compatible; MSIE 8.0; Windows NT 5.1; Trident/4.0; .NET CLR 2.0.50727; .NET CLR 1.1.4322; .NET CLR 3.0.4506.2152; .NET CLR 3.5.30729; .NET4.0C; .NET4.0E; InfoPath.2)"
142.16.22.18 - - [25/Oct/2012:07:26:02 -0500] "GET /rails/assets/d.png HTTP/1.1" 200 8173 "http://198.163.145.68/rails/courses/42" "Mozilla/4.0 (compatible; MSIE 8.0; Windows NT 5.1; Trident/4.0; .NET CLR 2.0.50727; .NET CLR 1.1.4322; .NET CLR 3.0.4506.2152; .NET CLR 3.5.30729; .NET4.0C; .NET4.0E; InfoPath.2)"
142.16.22.18 - - [25/Oct/2012:07:26:10 -0500] "GET /rails/courses HTTP/1.1" 304 526 "-" "Mozilla/4.0 (compatible; MSIE 8.0; Windows NT 5.1; Trident/4.0; .NET CLR 2.0.50727; .NET CLR 1.1.4322; .NET CLR 3.0.4506.2152; .NET CLR 3.5.30729; .NET4.0C; .NET4.0E; InfoPath.2)"
142.16.22.18 - - [25/Oct/2012:07:26:16 -0500] "GET /rails/courses/27 HTTP/1.1" 200 3207 "http://198.163.145.68/rails/courses" "Mozilla/4.0 (compatible; MSIE 8.0; Windows NT 5.1; Trident/4.0; .NET CLR 2.0.50727; .NET CLR 1.1.4322; .NET CLR 3.0.4506.2152; .NET CLR 3.5.30729; .NET4.0C; .NET4.0E; InfoPath.2)"
142.16.22.18 - - [25/Oct/2012:07:26:16 -0500] "GET /rails/courses/themes/default/style.css HTTP/1.1" 404 829 "http://198.163.145.68/rails/courses/27" "Mozilla/4.0 (compatible; MSIE 8.0; Windows NT 5.1; Trident/4.0; .NET CLR 2.0.50727; .NET CLR 1.1.4322; .NET CLR 3.0.4506.2152; .NET CLR 3.5.30729; .NET4.0C; .NET4.0E; InfoPath.2)"
142.16.22.18 - - [25/Oct/2012:07:26:16 -0500] "GET /rails/assets/d.png HTTP/1.1" 200 8173 "http://198.163.145.68/rails/courses/27" "Mozilla/4.0 (compatible; MSIE 8.0; Windows NT 5.1; Trident/4.0; .NET CLR 2.0.50727; .NET CLR 1.1.4322; .NET CLR 3.0.4506.2152; .NET CLR 3.5.30729; .NET4.0C; .NET4.0E; InfoPath.2)"
142.16.22.18 - - [25/Oct/2012:07:27:32 -0500] "GET /rails/courses HTTP/1.1" 304 527 "-" "Mozilla/4.0 (compatible; MSIE 8.0; Windows NT 5.1; Trident/4.0; .NET CLR 2.0.50727; .NET CLR 1.1.4322; .NET CLR 3.0.4506.2152; .NET CLR 3.5.30729; .NET4.0C; .NET4.0E; InfoPath.2)"
209.202.23.33 - - [25/Oct/2012:07:27:50 -0500] "GET /rails/courses HTTP/1.1" 200 3554 "-" "Mozilla/5.0 (Windows NT 5.1) AppleWebKit/537.4 (KHTML, like Gecko) Chrome/22.0.1229.94 Safari/537.4"
209.202.23.33 - - [25/Oct/2012:07:27:51 -0500] "GET /rails/assets/application-cd5ea8bcdc66a9dd320ac134ad1306d3.js HTTP/1.1" 200 61427 "http://198.163.145.68/rails/courses" "Mozilla/5.0 (Windows NT 5.1) AppleWebKit/537.4 (KHTML, like Gecko) Chrome/22.0.1229.94 Safari/537.4"
209.202.23.33 - - [25/Oct/2012:07:27:51 -0500] "GET /rails/assets/application-17edb1a16d1c4432b8b57022998f8aa5.css HTTP/1.1" 200 10235 "http://198.163.145.68/rails/courses" "Mozilla/5.0 (Windows NT 5.1) AppleWebKit/537.4 (KHTML, like Gecko) Chrome/22.0.1229.94 Safari/537.4"
209.202.23.33 - - [25/Oct/2012:07:27:55 -0500] "GET /favicon.ico HTTP/1.1" 404 504 "-" "Mozilla/5.0 (Windows NT 5.1) AppleWebKit/537.4 (KHTML, like Gecko) Chrome/22.0.1229.94 Safari/537.4"
209.202.23.33 - - [25/Oct/2012:07:28:00 -0500] "GET /rails/courses HTTP/1.1" 200 3553 "-" "Mozilla/5.0 (Windows NT 5.1) AppleWebKit/537.4 (KHTML, like Gecko) Chrome/22.0.1229.94 Safari/537.4"
209.202.23.33 - - [25/Oct/2012:07:28:01 -0500] "GET /favicon.ico HTTP/1.1" 404 504 "-" "Mozilla/5.0 (Windows NT 5.1) AppleWebKit/537.4 (KHTML, like Gecko) Chrome/22.0.1229.94 Safari/537.4"
209.202.23.33 - - [25/Oct/2012:07:28:01 -0500] "GET /rails/courses HTTP/1.1" 200 3553 "-" "Mozilla/5.0 (Windows NT 5.1) AppleWebKit/537.4 (KHTML, like Gecko) Chrome/22.0.1229.94 Safari/537.4"
209.202.23.33 - - [25/Oct/2012:07:28:01 -0500] "GET /rails/courses HTTP/1.1" 200 3553 "-" "Mozilla/5.0 (Windows NT 5.1) AppleWebKit/537.4 (KHTML, like Gecko) Chrome/22.0.1229.94 Safari/537.4"
209.202.23.33 - - [25/Oct/2012:07:28:01 -0500] "GET /favicon.ico HTTP/1.1" 404 504 "-" "Mozilla/5.0 (Windows NT 5.1) AppleWebKit/537.4 (KHTML, like Gecko) Chrome/22.0.1229.94 Safari/537.4"
209.202.23.33 - - [25/Oct/2012:07:28:01 -0500] "GET /favicon.ico HTTP/1.1" 404 504 "-" "Mozilla/5.0 (Windows NT 5.1) AppleWebKit/537.4 (KHTML, like Gecko) Chrome/22.0.1229.94 Safari/537.4"
209.202.23.33 - - [25/Oct/2012:07:28:06 -0500] "GET /rails/courses HTTP/1.1" 200 3553 "-" "Mozilla/5.0 (Windows NT 5.1) AppleWebKit/537.4 (KHTML, like Gecko) Chrome/22.0.1229.94 Safari/537.4"
209.202.23.33 - - [25/Oct/2012:07:28:06 -0500] "GET /favicon.ico HTTP/1.1" 404 504 "-" "Mozilla/5.0 (Windows NT 5.1) AppleWebKit/537.4 (KHTML, like Gecko) Chrome/22.0.1229.94 Safari/537.4"
209.202.23.33 - - [25/Oct/2012:07:28:08 -0500] "GET /rails/courses HTTP/1.1" 200 3553 "-" "Mozilla/5.0 (Windows NT 5.1) AppleWebKit/537.4 (KHTML, like Gecko) Chrome/22.0.1229.94 Safari/537.4"
209.202.23.33 - - [25/Oct/2012:07:28:08 -0500] "GET /rails/courses HTTP/1.1" 200 3553 "-" "Mozilla/5.0 (Windows NT 5.1) AppleWebKit/537.4 (KHTML, like Gecko) Chrome/22.0.1229.94 Safari/537.4"
209.202.23.33 - - [25/Oct/2012:07:28:09 -0500] "GET /favicon.ico HTTP/1.1" 404 504 "-" "Mozilla/5.0 (Windows NT 5.1) AppleWebKit/537.4 (KHTML, like Gecko) Chrome/22.0.1229.94 Safari/537.4"
209.202.23.33 - - [25/Oct/2012:07:28:09 -0500] "GET /favicon.ico HTTP/1.1" 404 504 "-" "Mozilla/5.0 (Windows NT 5.1) AppleWebKit/537.4 (KHTML, like Gecko) Chrome/22.0.1229.94 Safari/537.4"
209.202.23.33 - - [25/Oct/2012:07:28:17 -0500] "GET /rails/courses/11 HTTP/1.1" 200 3839 "http://198.163.145.68/rails/courses" "Mozilla/5.0 (Windows NT 5.1) AppleWebKit/537.4 (KHTML, like Gecko) Chrome/22.0.1229.94 Safari/537.4"
209.202.23.33 - - [25/Oct/2012:07:28:18 -0500] "GET /rails/assets/print-8ddd96b118e54a74a6d982eecf09cff7.css HTTP/1.1" 200 700 "http://198.163.145.68/rails/courses/11" "Mozilla/5.0 (Windows NT 5.1) AppleWebKit/537.4 (KHTML, like Gecko) Chrome/22.0.1229.94 Safari/537.4"
209.202.23.33 - - [25/Oct/2012:07:28:18 -0500] "GET /rails/courses/themes/default/style.css HTTP/1.1" 404 829 "http://198.163.145.68/rails/courses/11" "Mozilla/5.0 (Windows NT 5.1) AppleWebKit/537.4 (KHTML, like Gecko) Chrome/22.0.1229.94 Safari/537.4"
209.202.23.33 - - [25/Oct/2012:07:28:18 -0500] "GET /rails/assets/d.png HTTP/1.1" 200 8172 "http://198.163.145.68/rails/courses/11" "Mozilla/5.0 (Windows NT 5.1) AppleWebKit/537.4 (KHTML, like Gecko) Chrome/22.0.1229.94 Safari/537.4"
209.202.23.33 - - [25/Oct/2012:07:28:18 -0500] "GET /favicon.ico HTTP/1.1" 404 504 "-" "Mozilla/5.0 (Windows NT 5.1) AppleWebKit/537.4 (KHTML, like Gecko) Chrome/22.0.1229.94 Safari/537.4"
206.132.125.90 - - [25/Oct/2012:08:10:38 -0500] "GET /rails/courses HTTP/1.1" 200 3557 "-" "Mozilla/4.0 (compatible; MSIE 8.0; Windows NT 6.1; WOW64; Trident/4.0; SLCC2; .NET CLR 2.0.50727; .NET CLR 3.5.30729; .NET CLR 3.0.30729; Media Center PC 6.0; MS-RTC LM 8; OfficeLiveConnector.1.4; OfficeLivePatch.1.3; .NET4.0C; .NET4.0E; .NET CLR 1.1.4322; InfoPath.3)"
206.132.125.90 - - [25/Oct/2012:08:10:38 -0500] "GET /rails/assets/application-17edb1a16d1c4432b8b57022998f8aa5.css HTTP/1.1" 200 10234 "http://198.163.145.68/rails/courses" "Mozilla/4.0 (compatible; MSIE 8.0; Windows NT 6.1; WOW64; Trident/4.0; SLCC2; .NET CLR 2.0.50727; .NET CLR 3.5.30729; .NET CLR 3.0.30729; Media Center PC 6.0; MS-RTC LM 8; OfficeLiveConnector.1.4; OfficeLivePatch.1.3; .NET4.0C; .NET4.0E; .NET CLR 1.1.4322; InfoPath.3)"
206.132.125.90 - - [25/Oct/2012:08:10:38 -0500] "GET /rails/assets/application-cd5ea8bcdc66a9dd320ac134ad1306d3.js HTTP/1.1" 200 61428 "http://198.163.145.68/rails/courses" "Mozilla/4.0 (compatible; MSIE 8.0; Windows NT 6.1; WOW64; Trident/4.0; SLCC2; .NET CLR 2.0.50727; .NET CLR 3.5.30729; .NET CLR 3.0.30729; Media Center PC 6.0; MS-RTC LM 8; OfficeLiveConnector.1.4; OfficeLivePatch.1.3; .NET4.0C; .NET4.0E; .NET CLR 1.1.4322; InfoPath.3)"
206.132.125.90 - - [25/Oct/2012:08:10:39 -0500] "GET /favicon.ico HTTP/1.1" 404 504 "-" "Mozilla/4.0 (compatible; MSIE 8.0; Windows NT 6.1; WOW64; Trident/4.0; SLCC2; .NET CLR 2.0.50727; .NET CLR 3.5.30729; .NET CLR 3.0.30729; Media Center PC 6.0; MS-RTC LM 8; OfficeLiveConnector.1.4; OfficeLivePatch.1.3; .NET4.0C; .NET4.0E; .NET CLR 1.1.4322; InfoPath.3)"
206.132.125.90 - - [25/Oct/2012:08:11:35 -0500] "GET /rails/courses/11 HTTP/1.1" 200 3844 "http://198.163.145.68/rails/courses" "Mozilla/4.0 (compatible; MSIE 8.0; Windows NT 6.1; WOW64; Trident/4.0; SLCC2; .NET CLR 2.0.50727; .NET CLR 3.5.30729; .NET CLR 3.0.30729; Media Center PC 6.0; MS-RTC LM 8; OfficeLiveConnector.1.4; OfficeLivePatch.1.3; .NET4.0C; .NET4.0E; .NET CLR 1.1.4322; InfoPath.3)"
206.132.125.90 - - [25/Oct/2012:08:11:35 -0500] "GET /rails/assets/print-8ddd96b118e54a74a6d982eecf09cff7.css HTTP/1.1" 200 700 "http://198.163.145.68/rails/courses/11" "Mozilla/4.0 (compatible; MSIE 8.0; Windows NT 6.1; WOW64; Trident/4.0; SLCC2; .NET CLR 2.0.50727; .NET CLR 3.5.30729; .NET CLR 3.0.30729; Media Center PC 6.0; MS-RTC LM 8; OfficeLiveConnector.1.4; OfficeLivePatch.1.3; .NET4.0C; .NET4.0E; .NET CLR 1.1.4322; InfoPath.3)"
206.132.125.90 - - [25/Oct/2012:08:11:35 -0500] "GET /favicon.ico HTTP/1.1" 404 504 "-" "Mozilla/4.0 (compatible; MSIE 8.0; Windows NT 6.1; WOW64; Trident/4.0; SLCC2; .NET CLR 2.0.50727; .NET CLR 3.5.30729; .NET CLR 3.0.30729; Media Center PC 6.0; MS-RTC LM 8; OfficeLiveConnector.1.4; OfficeLivePatch.1.3; .NET4.0C; .NET4.0E; .NET CLR 1.1.4322; InfoPath.3)"
206.132.125.90 - - [25/Oct/2012:08:11:35 -0500] "GET /rails/courses/themes/default/style.css HTTP/1.1" 404 829 "http://198.163.145.68/rails/courses/11" "Mozilla/4.0 (compatible; MSIE 8.0; Windows NT 6.1; WOW64; Trident/4.0; SLCC2; .NET CLR 2.0.50727; .NET CLR 3.5.30729; .NET CLR 3.0.30729; Media Center PC 6.0; MS-RTC LM 8; OfficeLiveConnector.1.4; OfficeLivePatch.1.3; .NET4.0C; .NET4.0E; .NET CLR 1.1.4322; InfoPath.3)"
206.132.125.90 - - [25/Oct/2012:08:11:35 -0500] "GET /rails/assets/d.png HTTP/1.1" 200 8173 "http://198.163.145.68/rails/courses/11" "Mozilla/4.0 (compatible; MSIE 8.0; Windows NT 6.1; WOW64; Trident/4.0; SLCC2; .NET CLR 2.0.50727; .NET CLR 3.5.30729; .NET CLR 3.0.30729; Media Center PC 6.0; MS-RTC LM 8; OfficeLiveConnector.1.4; OfficeLivePatch.1.3; .NET4.0C; .NET4.0E; .NET CLR 1.1.4322; InfoPath.3)"
206.132.125.90 - - [25/Oct/2012:08:14:03 -0500] "GET /rails/courses HTTP/1.1" 304 527 "-" "Mozilla/4.0 (compatible; MSIE 8.0; Windows NT 6.1; WOW64; Trident/4.0; SLCC2; .NET CLR 2.0.50727; .NET CLR 3.5.30729; .NET CLR 3.0.30729; Media Center PC 6.0; MS-RTC LM 8; OfficeLiveConnector.1.4; OfficeLivePatch.1.3; .NET4.0C; .NET4.0E; .NET CLR 1.1.4322; InfoPath.3)"
206.132.125.90 - - [25/Oct/2012:08:14:06 -0500] "GET /rails/courses/41 HTTP/1.1" 200 3246 "http://198.163.145.68/rails/courses" "Mozilla/4.0 (compatible; MSIE 8.0; Windows NT 6.1; WOW64; Trident/4.0; SLCC2; .NET CLR 2.0.50727; .NET CLR 3.5.30729; .NET CLR 3.0.30729; Media Center PC 6.0; MS-RTC LM 8; OfficeLiveConnector.1.4; OfficeLivePatch.1.3; .NET4.0C; .NET4.0E; .NET CLR 1.1.4322; InfoPath.3)"
206.132.125.90 - - [25/Oct/2012:08:14:07 -0500] "GET /rails/courses/themes/default/style.css HTTP/1.1" 404 829 "http://198.163.145.68/rails/courses/41" "Mozilla/4.0 (compatible; MSIE 8.0; Windows NT 6.1; WOW64; Trident/4.0; SLCC2; .NET CLR 2.0.50727; .NET CLR 3.5.30729; .NET CLR 3.0.30729; Media Center PC 6.0; MS-RTC LM 8; OfficeLiveConnector.1.4; OfficeLivePatch.1.3; .NET4.0C; .NET4.0E; .NET CLR 1.1.4322; InfoPath.3)"
206.132.125.90 - - [25/Oct/2012:08:14:07 -0500] "GET /rails/assets/d.png HTTP/1.1" 200 8173 "http://198.163.145.68/rails/courses/41" "Mozilla/4.0 (compatible; MSIE 8.0; Windows NT 6.1; WOW64; Trident/4.0; SLCC2; .NET CLR 2.0.50727; .NET CLR 3.5.30729; .NET CLR 3.0.30729; Media Center PC 6.0; MS-RTC LM 8; OfficeLiveConnector.1.4; OfficeLivePatch.1.3; .NET4.0C; .NET4.0E; .NET CLR 1.1.4322; InfoPath.3)"
206.132.125.90 - - [25/Oct/2012:08:15:10 -0500] "GET /rails/courses HTTP/1.1" 304 527 "-" "Mozilla/4.0 (compatible; MSIE 8.0; Windows NT 6.1; WOW64; Trident/4.0; SLCC2; .NET CLR 2.0.50727; .NET CLR 3.5.30729; .NET CLR 3.0.30729; Media Center PC 6.0; MS-RTC LM 8; OfficeLiveConnector.1.4; OfficeLivePatch.1.3; .NET4.0C; .NET4.0E; .NET CLR 1.1.4322; InfoPath.3)"
206.132.125.90 - - [25/Oct/2012:08:15:15 -0500] "GET /rails/courses/2 HTTP/1.1" 200 5427 "http://198.163.145.68/rails/courses" "Mozilla/4.0 (compatible; MSIE 8.0; Windows NT 6.1; WOW64; Trident/4.0; SLCC2; .NET CLR 2.0.50727; .NET CLR 3.5.30729; .NET CLR 3.0.30729; Media Center PC 6.0; MS-RTC LM 8; OfficeLiveConnector.1.4; OfficeLivePatch.1.3; .NET4.0C; .NET4.0E; .NET CLR 1.1.4322; InfoPath.3)"
206.132.125.90 - - [25/Oct/2012:08:15:16 -0500] "GET /rails/courses/themes/default/style.css HTTP/1.1" 404 829 "http://198.163.145.68/rails/courses/2" "Mozilla/4.0 (compatible; MSIE 8.0; Windows NT 6.1; WOW64; Trident/4.0; SLCC2; .NET CLR 2.0.50727; .NET CLR 3.5.30729; .NET CLR 3.0.30729; Media Center PC 6.0; MS-RTC LM 8; OfficeLiveConnector.1.4; OfficeLivePatch.1.3; .NET4.0C; .NET4.0E; .NET CLR 1.1.4322; InfoPath.3)"
206.132.125.90 - - [25/Oct/2012:08:15:16 -0500] "GET /rails/assets/d.png HTTP/1.1" 200 8173 "http://198.163.145.68/rails/courses/2" "Mozilla/4.0 (compatible; MSIE 8.0; Windows NT 6.1; WOW64; Trident/4.0; SLCC2; .NET CLR 2.0.50727; .NET CLR 3.5.30729; .NET CLR 3.0.30729; Media Center PC 6.0; MS-RTC LM 8; OfficeLiveConnector.1.4; OfficeLivePatch.1.3; .NET4.0C; .NET4.0E; .NET CLR 1.1.4322; InfoPath.3)"
206.132.125.90 - - [25/Oct/2012:08:15:47 -0500] "GET /rails/courses HTTP/1.1" 304 527 "-" "Mozilla/4.0 (compatible; MSIE 8.0; Windows NT 6.1; WOW64; Trident/4.0; SLCC2; .NET CLR 2.0.50727; .NET CLR 3.5.30729; .NET CLR 3.0.30729; Media Center PC 6.0; MS-RTC LM 8; OfficeLiveConnector.1.4; OfficeLivePatch.1.3; .NET4.0C; .NET4.0E; .NET CLR 1.1.4322; InfoPath.3)"
206.132.125.90 - - [25/Oct/2012:08:15:50 -0500] "GET /rails/courses/36 HTTP/1.1" 200 5202 "http://198.163.145.68/rails/courses" "Mozilla/4.0 (compatible; MSIE 8.0; Windows NT 6.1; WOW64; Trident/4.0; SLCC2; .NET CLR 2.0.50727; .NET CLR 3.5.30729; .NET CLR 3.0.30729; Media Center PC 6.0; MS-RTC LM 8; OfficeLiveConnector.1.4; OfficeLivePatch.1.3; .NET4.0C; .NET4.0E; .NET CLR 1.1.4322; InfoPath.3)"
206.132.125.90 - - [25/Oct/2012:08:15:50 -0500] "GET /rails/courses/themes/default/style.css HTTP/1.1" 404 829 "http://198.163.145.68/rails/courses/36" "Mozilla/4.0 (compatible; MSIE 8.0; Windows NT 6.1; WOW64; Trident/4.0; SLCC2; .NET CLR 2.0.50727; .NET CLR 3.5.30729; .NET CLR 3.0.30729; Media Center PC 6.0; MS-RTC LM 8; OfficeLiveConnector.1.4; OfficeLivePatch.1.3; .NET4.0C; .NET4.0E; .NET CLR 1.1.4322; InfoPath.3)"
206.132.125.90 - - [25/Oct/2012:08:15:51 -0500] "GET /rails/assets/d.png HTTP/1.1" 200 8173 "http://198.163.145.68/rails/courses/36" "Mozilla/4.0 (compatible; MSIE 8.0; Windows NT 6.1; WOW64; Trident/4.0; SLCC2; .NET CLR 2.0.50727; .NET CLR 3.5.30729; .NET CLR 3.0.30729; Media Center PC 6.0; MS-RTC LM 8; OfficeLiveConnector.1.4; OfficeLivePatch.1.3; .NET4.0C; .NET4.0E; .NET CLR 1.1.4322; InfoPath.3)"
206.132.125.90 - - [25/Oct/2012:08:17:28 -0500] "GET /rails/courses HTTP/1.1" 304 527 "-" "Mozilla/4.0 (compatible; MSIE 8.0; Windows NT 6.1; WOW64; Trident/4.0; SLCC2; .NET CLR 2.0.50727; .NET CLR 3.5.30729; .NET CLR 3.0.30729; Media Center PC 6.0; MS-RTC LM 8; OfficeLiveConnector.1.4; OfficeLivePatch.1.3; .NET4.0C; .NET4.0E; .NET CLR 1.1.4322; InfoPath.3)"
206.132.125.90 - - [25/Oct/2012:08:17:58 -0500] "GET /rails/courses/19 HTTP/1.1" 200 8585 "http://198.163.145.68/rails/courses" "Mozilla/4.0 (compatible; MSIE 8.0; Windows NT 6.1; WOW64; Trident/4.0; SLCC2; .NET CLR 2.0.50727; .NET CLR 3.5.30729; .NET CLR 3.0.30729; Media Center PC 6.0; MS-RTC LM 8; OfficeLiveConnector.1.4; OfficeLivePatch.1.3; .NET4.0C; .NET4.0E; .NET CLR 1.1.4322; InfoPath.3)"
206.132.125.90 - - [25/Oct/2012:08:17:59 -0500] "GET /rails/courses/themes/default/style.css HTTP/1.1" 404 829 "http://198.163.145.68/rails/courses/19" "Mozilla/4.0 (compatible; MSIE 8.0; Windows NT 6.1; WOW64; Trident/4.0; SLCC2; .NET CLR 2.0.50727; .NET CLR 3.5.30729; .NET CLR 3.0.30729; Media Center PC 6.0; MS-RTC LM 8; OfficeLiveConnector.1.4; OfficeLivePatch.1.3; .NET4.0C; .NET4.0E; .NET CLR 1.1.4322; InfoPath.3)"
206.132.125.90 - - [25/Oct/2012:08:17:59 -0500] "GET /rails/assets/d.png HTTP/1.1" 200 8173 "http://198.163.145.68/rails/courses/19" "Mozilla/4.0 (compatible; MSIE 8.0; Windows NT 6.1; WOW64; Trident/4.0; SLCC2; .NET CLR 2.0.50727; .NET CLR 3.5.30729; .NET CLR 3.0.30729; Media Center PC 6.0; MS-RTC LM 8; OfficeLiveConnector.1.4; OfficeLivePatch.1.3; .NET4.0C; .NET4.0E; .NET CLR 1.1.4322; InfoPath.3)"
206.132.125.90 - - [25/Oct/2012:08:18:04 -0500] "GET /rails/courses HTTP/1.1" 304 526 "-" "Mozilla/4.0 (compatible; MSIE 8.0; Windows NT 6.1; WOW64; Trident/4.0; SLCC2; .NET CLR 2.0.50727; .NET CLR 3.5.30729; .NET CLR 3.0.30729; Media Center PC 6.0; MS-RTC LM 8; OfficeLiveConnector.1.4; OfficeLivePatch.1.3; .NET4.0C; .NET4.0E; .NET CLR 1.1.4322; InfoPath.3)"
206.132.125.90 - - [25/Oct/2012:08:22:01 -0500] "GET /rails/courses/27 HTTP/1.1" 200 3209 "http://198.163.145.68/rails/courses" "Mozilla/4.0 (compatible; MSIE 8.0; Windows NT 6.1; WOW64; Trident/4.0; SLCC2; .NET CLR 2.0.50727; .NET CLR 3.5.30729; .NET CLR 3.0.30729; Media Center PC 6.0; MS-RTC LM 8; OfficeLiveConnector.1.4; OfficeLivePatch.1.3; .NET4.0C; .NET4.0E; .NET CLR 1.1.4322; InfoPath.3)"
206.132.125.90 - - [25/Oct/2012:08:22:01 -0500] "GET /rails/courses/themes/default/style.css HTTP/1.1" 404 829 "http://198.163.145.68/rails/courses/27" "Mozilla/4.0 (compatible; MSIE 8.0; Windows NT 6.1; WOW64; Trident/4.0; SLCC2; .NET CLR 2.0.50727; .NET CLR 3.5.30729; .NET CLR 3.0.30729; Media Center PC 6.0; MS-RTC LM 8; OfficeLiveConnector.1.4; OfficeLivePatch.1.3; .NET4.0C; .NET4.0E; .NET CLR 1.1.4322; InfoPath.3)"
206.132.125.90 - - [25/Oct/2012:08:22:01 -0500] "GET /rails/assets/d.png HTTP/1.1" 200 8173 "http://198.163.145.68/rails/courses/27" "Mozilla/4.0 (compatible; MSIE 8.0; Windows NT 6.1; WOW64; Trident/4.0; SLCC2; .NET CLR 2.0.50727; .NET CLR 3.5.30729; .NET CLR 3.0.30729; Media Center PC 6.0; MS-RTC LM 8; OfficeLiveConnector.1.4; OfficeLivePatch.1.3; .NET4.0C; .NET4.0E; .NET CLR 1.1.4322; InfoPath.3)"
206.132.125.90 - - [25/Oct/2012:08:22:12 -0500] "GET /rails/courses HTTP/1.1" 304 526 "-" "Mozilla/4.0 (compatible; MSIE 8.0; Windows NT 6.1; WOW64; Trident/4.0; SLCC2; .NET CLR 2.0.50727; .NET CLR 3.5.30729; .NET CLR 3.0.30729; Media Center PC 6.0; MS-RTC LM 8; OfficeLiveConnector.1.4; OfficeLivePatch.1.3; .NET4.0C; .NET4.0E; .NET CLR 1.1.4322; InfoPath.3)"
206.132.125.90 - - [25/Oct/2012:08:22:18 -0500] "GET /rails/outcomes HTTP/1.1" 200 109085 "http://198.163.145.68/rails/courses" "Mozilla/4.0 (compatible; MSIE 8.0; Windows NT 6.1; WOW64; Trident/4.0; SLCC2; .NET CLR 2.0.50727; .NET CLR 3.5.30729; .NET CLR 3.0.30729; Media Center PC 6.0; MS-RTC LM 8; OfficeLiveConnector.1.4; OfficeLivePatch.1.3; .NET4.0C; .NET4.0E; .NET CLR 1.1.4322; InfoPath.3)"
206.132.125.90 - - [25/Oct/2012:08:22:37 -0500] "GET /rails/course_outcomes HTTP/1.1" 200 34275 "http://198.163.145.68/rails/outcomes" "Mozilla/4.0 (compatible; MSIE 8.0; Windows NT 6.1; WOW64; Trident/4.0; SLCC2; .NET CLR 2.0.50727; .NET CLR 3.5.30729; .NET CLR 3.0.30729; Media Center PC 6.0; MS-RTC LM 8; OfficeLiveConnector.1.4; OfficeLivePatch.1.3; .NET4.0C; .NET4.0E; .NET CLR 1.1.4322; InfoPath.3)"
206.132.125.90 - - [25/Oct/2012:08:22:58 -0500] "GET /rails/semesters HTTP/1.1" 200 1692 "http://198.163.145.68/rails/course_outcomes" "Mozilla/4.0 (compatible; MSIE 8.0; Windows NT 6.1; WOW64; Trident/4.0; SLCC2; .NET CLR 2.0.50727; .NET CLR 3.5.30729; .NET CLR 3.0.30729; Media Center PC 6.0; MS-RTC LM 8; OfficeLiveConnector.1.4; OfficeLivePatch.1.3; .NET4.0C; .NET4.0E; .NET CLR 1.1.4322; InfoPath.3)"
207.161.201.33 - - [25/Oct/2012:08:58:32 -0500] "GET /rails/courses HTTP/1.1" 200 22872 "-" "Mozilla/4.0 (compatible; MSIE 7.0; Windows NT 5.1; .NET CLR 1.1.4322; .NET CLR 2.0.50727; InfoPath.2; .NET CLR 3.0.4506.2152; .NET CLR 3.5.30729; .NET4.0C; .NET4.0E)"
207.161.201.33 - - [25/Oct/2012:08:58:32 -0500] "GET /rails/assets/application-17edb1a16d1c4432b8b57022998f8aa5.css HTTP/1.1" 200 52352 "http://198.163.145.68/rails/courses" "Mozilla/4.0 (compatible; MSIE 7.0; Windows NT 5.1; .NET CLR 1.1.4322; .NET CLR 2.0.50727; InfoPath.2; .NET CLR 3.0.4506.2152; .NET CLR 3.5.30729; .NET4.0C; .NET4.0E)"
207.161.201.33 - - [25/Oct/2012:08:58:32 -0500] "GET /rails/assets/application-cd5ea8bcdc66a9dd320ac134ad1306d3.js HTTP/1.1" 200 219344 "http://198.163.145.68/rails/courses" "Mozilla/4.0 (compatible; MSIE 7.0; Windows NT 5.1; .NET CLR 1.1.4322; .NET CLR 2.0.50727; InfoPath.2; .NET CLR 3.0.4506.2152; .NET CLR 3.5.30729; .NET4.0C; .NET4.0E)"
207.161.201.33 - - [25/Oct/2012:08:58:33 -0500] "GET /favicon.ico HTTP/1.1" 404 529 "-" "Mozilla/4.0 (compatible; MSIE 7.0; Windows NT 5.1; .NET CLR 1.1.4322; .NET CLR 2.0.50727; InfoPath.2; .NET CLR 3.0.4506.2152; .NET CLR 3.5.30729; .NET4.0C; .NET4.0E)"
207.161.201.33 - - [25/Oct/2012:08:59:11 -0500] "GET /rails/courses/4 HTTP/1.1" 200 40209 "http://198.163.145.68/rails/courses" "Mozilla/4.0 (compatible; MSIE 7.0; Windows NT 5.1; .NET CLR 1.1.4322; .NET CLR 2.0.50727; InfoPath.2; .NET CLR 3.0.4506.2152; .NET CLR 3.5.30729; .NET4.0C; .NET4.0E)"
207.161.201.33 - - [25/Oct/2012:08:59:11 -0500] "GET /rails/assets/print-8ddd96b118e54a74a6d982eecf09cff7.css HTTP/1.1" 200 683 "http://198.163.145.68/rails/courses/4" "Mozilla/4.0 (compatible; MSIE 7.0; Windows NT 5.1; .NET CLR 1.1.4322; .NET CLR 2.0.50727; InfoPath.2; .NET CLR 3.0.4506.2152; .NET CLR 3.5.30729; .NET4.0C; .NET4.0E)"
207.161.201.33 - - [25/Oct/2012:08:59:11 -0500] "GET /rails/courses/themes/default/style.css HTTP/1.1" 404 1102 "http://198.163.145.68/rails/courses/4" "Mozilla/4.0 (compatible; MSIE 7.0; Windows NT 5.1; .NET CLR 1.1.4322; .NET CLR 2.0.50727; InfoPath.2; .NET CLR 3.0.4506.2152; .NET CLR 3.5.30729; .NET4.0C; .NET4.0E)"
207.161.201.33 - - [25/Oct/2012:08:59:11 -0500] "GET /rails/assets/d.png HTTP/1.1" 200 8173 "http://198.163.145.68/rails/courses/4" "Mozilla/4.0 (compatible; MSIE 7.0; Windows NT 5.1; .NET CLR 1.1.4322; .NET CLR 2.0.50727; InfoPath.2; .NET CLR 3.0.4506.2152; .NET CLR 3.5.30729; .NET4.0C; .NET4.0E)"
207.161.201.33 - - [25/Oct/2012:08:59:11 -0500] "GET /rails/assets/throbber.gif HTTP/1.1" 200 2387 "http://198.163.145.68/rails/courses/4" "Mozilla/4.0 (compatible; MSIE 7.0; Windows NT 5.1; .NET CLR 1.1.4322; .NET CLR 2.0.50727; InfoPath.2; .NET CLR 3.0.4506.2152; .NET CLR 3.5.30729; .NET4.0C; .NET4.0E)"
8.28.16.254 - - [25/Oct/2012:08:59:11 -0500] "GET /rails/courses/4 HTTP/1.1" 200 40209 "-" "Mozilla/4.0 (compatible; MSIE 7.0; Windows NT 5.1; InfoPath.1; .NET CLR 2.0.50727; .NET CLR 1.1.4322; MS-RTC LM 8; .NET CLR 3.0.4506.2152; .NET CLR 3.5.30729)"
207.161.201.33 - - [25/Oct/2012:08:59:14 -0500] "GET /rails/courses HTTP/1.1" 200 22871 "-" "Mozilla/4.0 (compatible; MSIE 7.0; Windows NT 5.1; .NET CLR 1.1.4322; .NET CLR 2.0.50727; InfoPath.2; .NET CLR 3.0.4506.2152; .NET CLR 3.5.30729; .NET4.0C; .NET4.0E)"
64.4.82.77 - - [25/Oct/2012:09:03:07 -0500] "GET /rails/courses HTTP/1.1" 200 3556 "-" "Mozilla/5.0 (Windows NT 6.1; WOW64) AppleWebKit/537.4 (KHTML, like Gecko) Chrome/22.0.1229.94 Safari/537.4"
64.4.82.77 - - [25/Oct/2012:09:03:07 -0500] "GET /rails/assets/application-17edb1a16d1c4432b8b57022998f8aa5.css HTTP/1.1" 200 10234 "http://198.163.145.68/rails/courses" "Mozilla/5.0 (Windows NT 6.1; WOW64) AppleWebKit/537.4 (KHTML, like Gecko) Chrome/22.0.1229.94 Safari/537.4"
64.4.82.77 - - [25/Oct/2012:09:03:07 -0500] "GET /rails/assets/application-cd5ea8bcdc66a9dd320ac134ad1306d3.js HTTP/1.1" 200 61428 "http://198.163.145.68/rails/courses" "Mozilla/5.0 (Windows NT 6.1; WOW64) AppleWebKit/537.4 (KHTML, like Gecko) Chrome/22.0.1229.94 Safari/537.4"
64.4.82.77 - - [25/Oct/2012:09:03:07 -0500] "GET /favicon.ico HTTP/1.1" 404 504 "-" "Mozilla/5.0 (Windows NT 6.1; WOW64) AppleWebKit/537.4 (KHTML, like Gecko) Chrome/22.0.1229.94 Safari/537.4"
8.28.16.254 - - [25/Oct/2012:09:03:19 -0500] "GET /rails/courses/38 HTTP/1.1" 200 12663 "-" "Mozilla/4.0 (compatible; MSIE 7.0; Windows NT 5.1; InfoPath.1; .NET CLR 2.0.50727; .NET CLR 1.1.4322; MS-RTC LM 8; .NET CLR 3.0.4506.2152; .NET CLR 3.5.30729)"
205.200.120.72 - - [25/Oct/2012:09:03:19 -0500] "GET /rails/courses/38 HTTP/1.1" 200 3121 "http://198.163.145.68/rails/courses" "Mozilla/4.0 (compatible; MSIE 8.0; Windows NT 6.1; WOW64; Trident/4.0; SLCC2; .NET CLR 2.0.50727; .NET CLR 3.5.30729; .NET CLR 3.0.30729; InfoPath.2)"
205.200.120.72 - - [25/Oct/2012:09:03:20 -0500] "GET /rails/courses/themes/default/style.css HTTP/1.1" 404 829 "http://198.163.145.68/rails/courses/38" "Mozilla/4.0 (compatible; MSIE 8.0; Windows NT 6.1; WOW64; Trident/4.0; SLCC2; .NET CLR 2.0.50727; .NET CLR 3.5.30729; .NET CLR 3.0.30729; InfoPath.2)"
205.200.120.72 - - [25/Oct/2012:09:03:20 -0500] "GET /rails/assets/d.png HTTP/1.1" 200 8173 "http://198.163.145.68/rails/courses/38" "Mozilla/4.0 (compatible; MSIE 8.0; Windows NT 6.1; WOW64; Trident/4.0; SLCC2; .NET CLR 2.0.50727; .NET CLR 3.5.30729; .NET CLR 3.0.30729; InfoPath.2)"
64.4.82.77 - - [25/Oct/2012:09:03:35 -0500] "GET / HTTP/1.1" 200 1388 "http://198.163.145.68/rails/courses" "Mozilla/5.0 (Windows NT 6.1; WOW64) AppleWebKit/537.4 (KHTML, like Gecko) Chrome/22.0.1229.94 Safari/537.4"
64.4.82.77 - - [25/Oct/2012:09:03:35 -0500] "GET /admin/resources/css/login/main.css HTTP/1.1" 200 1181 "http://198.163.145.68/" "Mozilla/5.0 (Windows NT 6.1; WOW64) AppleWebKit/537.4 (KHTML, like Gecko) Chrome/22.0.1229.94 Safari/537.4"
64.4.82.77 - - [25/Oct/2012:09:03:35 -0500] "GET /admin/resources/js/jquery.cookie.js HTTP/1.1" 200 1697 "http://198.163.145.68/" "Mozilla/5.0 (Windows NT 6.1; WOW64) AppleWebKit/537.4 (KHTML, like Gecko) Chrome/22.0.1229.94 Safari/537.4"
64.4.82.77 - - [25/Oct/2012:09:03:35 -0500] "GET /admin/resources/js/logintabs.js HTTP/1.1" 200 498 "http://198.163.145.68/" "Mozilla/5.0 (Windows NT 6.1; WOW64) AppleWebKit/537.4 (KHTML, like Gecko) Chrome/22.0.1229.94 Safari/537.4"
64.4.82.77 - - [25/Oct/2012:09:03:35 -0500] "GET /admin/resources/js/jquery-1.6.2.min.js HTTP/1.1" 200 32423 "http://198.163.145.68/" "Mozilla/5.0 (Windows NT 6.1; WOW64) AppleWebKit/537.4 (KHTML, like Gecko) Chrome/22.0.1229.94 Safari/537.4"
64.4.82.77 - - [25/Oct/2012:09:03:35 -0500] "GET /admin/resources/js/jquery-ui-1.8.16.custom.min.js HTTP/1.1" 200 53338 "http://198.163.145.68/" "Mozilla/5.0 (Windows NT 6.1; WOW64) AppleWebKit/537.4 (KHTML, like Gecko) Chrome/22.0.1229.94 Safari/537.4"
64.4.82.77 - - [25/Oct/2012:09:03:35 -0500] "GET /admin/resources/images/footer-tail.gif HTTP/1.1" 200 399 "http://198.163.145.68/" "Mozilla/5.0 (Windows NT 6.1; WOW64) AppleWebKit/537.4 (KHTML, like Gecko) Chrome/22.0.1229.94 Safari/537.4"
64.4.82.77 - - [25/Oct/2012:09:03:35 -0500] "GET /favicon.ico HTTP/1.1" 404 504 "-" "Mozilla/5.0 (Windows NT 6.1; WOW64) AppleWebKit/537.4 (KHTML, like Gecko) Chrome/22.0.1229.94 Safari/537.4"
64.4.82.77 - - [25/Oct/2012:09:03:37 -0500] "GET /favicon.ico HTTP/1.1" 404 504 "-" "Mozilla/5.0 (Windows NT 6.1; WOW64) AppleWebKit/537.4 (KHTML, like Gecko) Chrome/22.0.1229.94 Safari/537.4"
64.4.82.77 - - [25/Oct/2012:09:03:38 -0500] "GET /rails/outcomes HTTP/1.1" 200 109083 "http://198.163.145.68/rails/courses" "Mozilla/5.0 (Windows NT 6.1; WOW64) AppleWebKit/537.4 (KHTML, like Gecko) Chrome/22.0.1229.94 Safari/537.4"
64.4.82.77 - - [25/Oct/2012:09:03:44 -0500] "GET /rails/themes/default/style.css HTTP/1.1" 404 829 "http://198.163.145.68/rails/outcomes" "Mozilla/5.0 (Windows NT 6.1; WOW64) AppleWebKit/537.4 (KHTML, like Gecko) Chrome/22.0.1229.94 Safari/537.4"
64.4.82.77 - - [25/Oct/2012:09:03:44 -0500] "GET /favicon.ico HTTP/1.1" 404 504 "-" "Mozilla/5.0 (Windows NT 6.1; WOW64) AppleWebKit/537.4 (KHTML, like Gecko) Chrome/22.0.1229.94 Safari/537.4"
64.4.82.77 - - [25/Oct/2012:09:03:44 -0500] "GET /rails/assets/d.png HTTP/1.1" 200 8172 "http://198.163.145.68/rails/outcomes" "Mozilla/5.0 (Windows NT 6.1; WOW64) AppleWebKit/537.4 (KHTML, like Gecko) Chrome/22.0.1229.94 Safari/537.4"
205.200.120.72 - - [25/Oct/2012:09:03:45 -0500] "GET /rails/courses HTTP/1.1" 304 527 "-" "Mozilla/4.0 (compatible; MSIE 8.0; Windows NT 6.1; WOW64; Trident/4.0; SLCC2; .NET CLR 2.0.50727; .NET CLR 3.5.30729; .NET CLR 3.0.30729; InfoPath.2)"
64.4.82.77 - - [25/Oct/2012:09:03:47 -0500] "GET /rails/course_outcomes HTTP/1.1" 200 34269 "http://198.163.145.68/rails/outcomes" "Mozilla/5.0 (Windows NT 6.1; WOW64) AppleWebKit/537.4 (KHTML, like Gecko) Chrome/22.0.1229.94 Safari/537.4"
::1 - - [25/Oct/2012:09:03:53 -0500] "OPTIONS * HTTP/1.0" 200 152 "-" "Apache/2.2.16 (Debian) (internal dummy connection)"
64.4.82.77 - - [25/Oct/2012:09:03:56 -0500] "GET /favicon.ico HTTP/1.1" 404 504 "-" "Mozilla/5.0 (Windows NT 6.1; WOW64) AppleWebKit/537.4 (KHTML, like Gecko) Chrome/22.0.1229.94 Safari/537.4"
8.28.16.254 - - [25/Oct/2012:09:03:58 -0500] "GET /rails/courses/39 HTTP/1.1" 200 10571 "-" "Mozilla/4.0 (compatible; MSIE 7.0; Windows NT 5.1; InfoPath.1; .NET CLR 2.0.50727; .NET CLR 1.1.4322; MS-RTC LM 8; .NET CLR 3.0.4506.2152; .NET CLR 3.5.30729)"
205.200.120.72 - - [25/Oct/2012:09:03:58 -0500] "GET /rails/courses/39 HTTP/1.1" 200 2868 "http://198.163.145.68/rails/courses" "Mozilla/4.0 (compatible; MSIE 8.0; Windows NT 6.1; WOW64; Trident/4.0; SLCC2; .NET CLR 2.0.50727; .NET CLR 3.5.30729; .NET CLR 3.0.30729; InfoPath.2)"
205.200.120.72 - - [25/Oct/2012:09:03:58 -0500] "GET /rails/courses/themes/default/style.css HTTP/1.1" 404 829 "http://198.163.145.68/rails/courses/39" "Mozilla/4.0 (compatible; MSIE 8.0; Windows NT 6.1; WOW64; Trident/4.0; SLCC2; .NET CLR 2.0.50727; .NET CLR 3.5.30729; .NET CLR 3.0.30729; InfoPath.2)"
205.200.120.72 - - [25/Oct/2012:09:03:58 -0500] "GET /rails/assets/d.png HTTP/1.1" 200 8173 "http://198.163.145.68/rails/courses/39" "Mozilla/4.0 (compatible; MSIE 8.0; Windows NT 6.1; WOW64; Trident/4.0; SLCC2; .NET CLR 2.0.50727; .NET CLR 3.5.30729; .NET CLR 3.0.30729; InfoPath.2)"
64.4.82.77 - - [25/Oct/2012:09:04:00 -0500] "GET /rails/course_outcomes/1 HTTP/1.1" 200 1503 "http://198.163.145.68/rails/course_outcomes" "Mozilla/5.0 (Windows NT 6.1; WOW64) AppleWebKit/537.4 (KHTML, like Gecko) Chrome/22.0.1229.94 Safari/537.4"
64.4.82.77 - - [25/Oct/2012:09:04:00 -0500] "GET /favicon.ico HTTP/1.1" 404 504 "-" "Mozilla/5.0 (Windows NT 6.1; WOW64) AppleWebKit/537.4 (KHTML, like Gecko) Chrome/22.0.1229.94 Safari/537.4"
64.4.82.77 - - [25/Oct/2012:09:04:07 -0500] "GET /favicon.ico HTTP/1.1" 404 504 "-" "Mozilla/5.0 (Windows NT 6.1; WOW64) AppleWebKit/537.4 (KHTML, like Gecko) Chrome/22.0.1229.94 Safari/537.4"
64.4.82.77 - - [25/Oct/2012:09:04:07 -0500] "GET /rails/semesters HTTP/1.1" 200 1688 "http://198.163.145.68/rails/course_outcomes" "Mozilla/5.0 (Windows NT 6.1; WOW64) AppleWebKit/537.4 (KHTML, like Gecko) Chrome/22.0.1229.94 Safari/537.4"
64.4.82.77 - - [25/Oct/2012:09:04:08 -0500] "GET /favicon.ico HTTP/1.1" 404 504 "-" "Mozilla/5.0 (Windows NT 6.1; WOW64) AppleWebKit/537.4 (KHTML, like Gecko) Chrome/22.0.1229.94 Safari/537.4"
64.4.82.77 - - [25/Oct/2012:09:04:11 -0500] "GET /rails/semesters/1 HTTP/1.1" 200 1500 "http://198.163.145.68/rails/semesters" "Mozilla/5.0 (Windows NT 6.1; WOW64) AppleWebKit/537.4 (KHTML, like Gecko) Chrome/22.0.1229.94 Safari/537.4"
64.4.82.77 - - [25/Oct/2012:09:04:11 -0500] "GET /favicon.ico HTTP/1.1" 404 504 "-" "Mozilla/5.0 (Windows NT 6.1; WOW64) AppleWebKit/537.4 (KHTML, like Gecko) Chrome/22.0.1229.94 Safari/537.4"
64.4.82.77 - - [25/Oct/2012:09:04:13 -0500] "GET /favicon.ico HTTP/1.1" 404 504 "-" "Mozilla/5.0 (Windows NT 6.1; WOW64) AppleWebKit/537.4 (KHTML, like Gecko) Chrome/22.0.1229.94 Safari/537.4"
207.161.201.33 - - [25/Oct/2012:09:04:14 -0500] "GET /rails/courses/24 HTTP/1.1" 200 31370 "http://198.163.145.68/rails/courses" "Mozilla/4.0 (compatible; MSIE 7.0; Windows NT 5.1; .NET CLR 1.1.4322; .NET CLR 2.0.50727; InfoPath.2; .NET CLR 3.0.4506.2152; .NET CLR 3.5.30729; .NET4.0C; .NET4.0E)"
8.28.16.254 - - [25/Oct/2012:09:04:14 -0500] "GET /rails/courses/24 HTTP/1.1" 200 31370 "-" "Mozilla/4.0 (compatible; MSIE 7.0; Windows NT 5.1; InfoPath.1; .NET CLR 2.0.50727; .NET CLR 1.1.4322; MS-RTC LM 8; .NET CLR 3.0.4506.2152; .NET CLR 3.5.30729)"
207.161.201.33 - - [25/Oct/2012:09:04:14 -0500] "GET /rails/courses/themes/default/style.css HTTP/1.1" 404 1102 "http://198.163.145.68/rails/courses/24" "Mozilla/4.0 (compatible; MSIE 7.0; Windows NT 5.1; .NET CLR 1.1.4322; .NET CLR 2.0.50727; InfoPath.2; .NET CLR 3.0.4506.2152; .NET CLR 3.5.30729; .NET4.0C; .NET4.0E)"
207.161.201.33 - - [25/Oct/2012:09:04:14 -0500] "GET /rails/assets/d.png HTTP/1.1" 200 8173 "http://198.163.145.68/rails/courses/24" "Mozilla/4.0 (compatible; MSIE 7.0; Windows NT 5.1; .NET CLR 1.1.4322; .NET CLR 2.0.50727; InfoPath.2; .NET CLR 3.0.4506.2152; .NET CLR 3.5.30729; .NET4.0C; .NET4.0E)"
207.161.201.33 - - [25/Oct/2012:09:04:14 -0500] "GET /rails/assets/throbber.gif HTTP/1.1" 200 2386 "http://198.163.145.68/rails/courses/24" "Mozilla/4.0 (compatible; MSIE 7.0; Windows NT 5.1; .NET CLR 1.1.4322; .NET CLR 2.0.50727; InfoPath.2; .NET CLR 3.0.4506.2152; .NET CLR 3.5.30729; .NET4.0C; .NET4.0E)"
8.28.16.254 - - [25/Oct/2012:09:04:15 -0500] "GET /rails/courses/27 HTTP/1.1" 200 13307 "-" "Mozilla/4.0 (compatible; MSIE 7.0; Windows NT 5.1; InfoPath.1; .NET CLR 2.0.50727; .NET CLR 1.1.4322; MS-RTC LM 8; .NET CLR 3.0.4506.2152; .NET CLR 3.5.30729)"
205.200.120.72 - - [25/Oct/2012:09:04:16 -0500] "GET /rails/courses/27 HTTP/1.1" 200 3207 "http://198.163.145.68/rails/courses" "Mozilla/4.0 (compatible; MSIE 8.0; Windows NT 6.1; WOW64; Trident/4.0; SLCC2; .NET CLR 2.0.50727; .NET CLR 3.5.30729; .NET CLR 3.0.30729; InfoPath.2)"
205.200.120.72 - - [25/Oct/2012:09:04:16 -0500] "GET /rails/assets/d.png HTTP/1.1" 200 8173 "http://198.163.145.68/rails/courses/27" "Mozilla/4.0 (compatible; MSIE 8.0; Windows NT 6.1; WOW64; Trident/4.0; SLCC2; .NET CLR 2.0.50727; .NET CLR 3.5.30729; .NET CLR 3.0.30729; InfoPath.2)"
205.200.120.72 - - [25/Oct/2012:09:04:16 -0500] "GET /rails/courses/themes/default/style.css HTTP/1.1" 404 829 "http://198.163.145.68/rails/courses/27" "Mozilla/4.0 (compatible; MSIE 8.0; Windows NT 6.1; WOW64; Trident/4.0; SLCC2; .NET CLR 2.0.50727; .NET CLR 3.5.30729; .NET CLR 3.0.30729; InfoPath.2)"
64.4.82.77 - - [25/Oct/2012:09:04:17 -0500] "GET /rails/courses HTTP/1.1" 304 526 "http://198.163.145.68/rails/semesters" "Mozilla/5.0 (Windows NT 6.1; WOW64) AppleWebKit/537.4 (KHTML, like Gecko) Chrome/22.0.1229.94 Safari/537.4"
64.4.82.77 - - [25/Oct/2012:09:04:17 -0500] "GET /favicon.ico HTTP/1.1" 404 504 "-" "Mozilla/5.0 (Windows NT 6.1; WOW64) AppleWebKit/537.4 (KHTML, like Gecko) Chrome/22.0.1229.94 Safari/537.4"
64.4.82.77 - - [25/Oct/2012:09:04:19 -0500] "GET /rails/courses/11 HTTP/1.1" 200 3840 "http://198.163.145.68/rails/courses" "Mozilla/5.0 (Windows NT 6.1; WOW64) AppleWebKit/537.4 (KHTML, like Gecko) Chrome/22.0.1229.94 Safari/537.4"
64.4.82.77 - - [25/Oct/2012:09:04:19 -0500] "GET /rails/assets/print-8ddd96b118e54a74a6d982eecf09cff7.css HTTP/1.1" 200 700 "http://198.163.145.68/rails/courses/11" "Mozilla/5.0 (Windows NT 6.1; WOW64) AppleWebKit/537.4 (KHTML, like Gecko) Chrome/22.0.1229.94 Safari/537.4"
64.4.82.77 - - [25/Oct/2012:09:04:19 -0500] "GET /rails/courses/themes/default/style.css HTTP/1.1" 404 830 "http://198.163.145.68/rails/courses/11" "Mozilla/5.0 (Windows NT 6.1; WOW64) AppleWebKit/537.4 (KHTML, like Gecko) Chrome/22.0.1229.94 Safari/537.4"
64.4.82.77 - - [25/Oct/2012:09:04:19 -0500] "GET /favicon.ico HTTP/1.1" 404 504 "-" "Mozilla/5.0 (Windows NT 6.1; WOW64) AppleWebKit/537.4 (KHTML, like Gecko) Chrome/22.0.1229.94 Safari/537.4"
207.161.201.33 - - [25/Oct/2012:09:04:21 -0500] "GET /rails/courses HTTP/1.1" 200 22871 "-" "Mozilla/4.0 (compatible; MSIE 7.0; Windows NT 5.1; .NET CLR 1.1.4322; .NET CLR 2.0.50727; InfoPath.2; .NET CLR 3.0.4506.2152; .NET CLR 3.5.30729; .NET4.0C; .NET4.0E)"
64.4.82.77 - - [25/Oct/2012:09:04:22 -0500] "GET /favicon.ico HTTP/1.1" 404 504 "-" "Mozilla/5.0 (Windows NT 6.1; WOW64) AppleWebKit/537.4 (KHTML, like Gecko) Chrome/22.0.1229.94 Safari/537.4"
64.4.82.77 - - [25/Oct/2012:09:04:28 -0500] "GET /favicon.ico HTTP/1.1" 404 504 "-" "Mozilla/5.0 (Windows NT 6.1; WOW64) AppleWebKit/537.4 (KHTML, like Gecko) Chrome/22.0.1229.94 Safari/537.4"
64.4.82.77 - - [25/Oct/2012:09:04:29 -0500] "GET /favicon.ico HTTP/1.1" 404 504 "-" "Mozilla/5.0 (Windows NT 6.1; WOW64) AppleWebKit/537.4 (KHTML, like Gecko) Chrome/22.0.1229.94 Safari/537.4"
::1 - - [25/Oct/2012:09:04:35 -0500] "OPTIONS * HTTP/1.0" 200 152 "-" "Apache/2.2.16 (Debian) (internal dummy connection)"
::1 - - [25/Oct/2012:09:04:39 -0500] "OPTIONS * HTTP/1.0" 200 152 "-" "Apache/2.2.16 (Debian) (internal dummy connection)"
64.4.82.77 - - [25/Oct/2012:09:04:41 -0500] "GET /favicon.ico HTTP/1.1" 404 504 "-" "Mozilla/5.0 (Windows NT 6.1; WOW64) AppleWebKit/537.4 (KHTML, like Gecko) Chrome/22.0.1229.94 Safari/537.4"
::1 - - [25/Oct/2012:09:04:43 -0500] "OPTIONS * HTTP/1.0" 200 152 "-" "Apache/2.2.16 (Debian) (internal dummy connection)"
8.28.16.254 - - [25/Oct/2012:09:05:21 -0500] "GET /rails/courses/21 HTTP/1.1" 200 46958 "-" "Mozilla/4.0 (compatible; MSIE 7.0; Windows NT 5.1; InfoPath.1; .NET CLR 2.0.50727; .NET CLR 1.1.4322; MS-RTC LM 8; .NET CLR 3.0.4506.2152; .NET CLR 3.5.30729)"
205.200.120.72 - - [25/Oct/2012:09:05:21 -0500] "GET /rails/courses/21 HTTP/1.1" 200 5580 "http://198.163.145.68/rails/courses" "Mozilla/4.0 (compatible; MSIE 8.0; Windows NT 6.1; WOW64; Trident/4.0; SLCC2; .NET CLR 2.0.50727; .NET CLR 3.5.30729; .NET CLR 3.0.30729; InfoPath.2)"
205.200.120.72 - - [25/Oct/2012:09:05:22 -0500] "GET /rails/courses/themes/default/style.css HTTP/1.1" 404 829 "http://198.163.145.68/rails/courses/21" "Mozilla/4.0 (compatible; MSIE 8.0; Windows NT 6.1; WOW64; Trident/4.0; SLCC2; .NET CLR 2.0.50727; .NET CLR 3.5.30729; .NET CLR 3.0.30729; InfoPath.2)"
205.200.120.72 - - [25/Oct/2012:09:05:22 -0500] "GET /rails/assets/d.png HTTP/1.1" 200 8173 "http://198.163.145.68/rails/courses/21" "Mozilla/4.0 (compatible; MSIE 8.0; Windows NT 6.1; WOW64; Trident/4.0; SLCC2; .NET CLR 2.0.50727; .NET CLR 3.5.30729; .NET CLR 3.0.30729; InfoPath.2)"
207.161.201.33 - - [25/Oct/2012:09:06:01 -0500] "GET /rails/courses/27 HTTP/1.1" 200 13307 "http://198.163.145.68/rails/courses" "Mozilla/4.0 (compatible; MSIE 7.0; Windows NT 5.1; .NET CLR 1.1.4322; .NET CLR 2.0.50727; InfoPath.2; .NET CLR 3.0.4506.2152; .NET CLR 3.5.30729; .NET4.0C; .NET4.0E)"
207.161.201.33 - - [25/Oct/2012:09:06:02 -0500] "GET /rails/courses/themes/default/style.css HTTP/1.1" 404 1102 "http://198.163.145.68/rails/courses/27" "Mozilla/4.0 (compatible; MSIE 7.0; Windows NT 5.1; .NET CLR 1.1.4322; .NET CLR 2.0.50727; InfoPath.2; .NET CLR 3.0.4506.2152; .NET CLR 3.5.30729; .NET4.0C; .NET4.0E)"
207.161.201.33 - - [25/Oct/2012:09:06:02 -0500] "GET /rails/assets/d.png HTTP/1.1" 200 8173 "http://198.163.145.68/rails/courses/27" "Mozilla/4.0 (compatible; MSIE 7.0; Windows NT 5.1; .NET CLR 1.1.4322; .NET CLR 2.0.50727; InfoPath.2; .NET CLR 3.0.4506.2152; .NET CLR 3.5.30729; .NET4.0C; .NET4.0E)"
207.161.201.33 - - [25/Oct/2012:09:06:02 -0500] "GET /rails/assets/throbber.gif HTTP/1.1" 200 2387 "http://198.163.145.68/rails/courses/27" "Mozilla/4.0 (compatible; MSIE 7.0; Windows NT 5.1; .NET CLR 1.1.4322; .NET CLR 2.0.50727; InfoPath.2; .NET CLR 3.0.4506.2152; .NET CLR 3.5.30729; .NET4.0C; .NET4.0E)"
