207.161.201.33 - - [25/Oct/2012:09:06:02 -0500] "GET /rails/assets/d.png HTTP/1.1" 200 8172 "http://198.163.145.68/rails/courses/27" "Mozilla/4.0 (compatible; MSIE 7.0; Windows NT 5.1; .NET CLR 1.1.4322; .NET CLR 2.0.50727; InfoPath.2; .NET CLR 3.0.4506.2152; .NET CLR 3.5.30729; .NET4.0C; .NET4.0E)"
207.161.201.33 - - [25/Oct/2012:09:06:10 -0500] "GET /rails/courses HTTP/1.1" 200 22871 "-" "Mozilla/4.0 (compatible; MSIE 7.0; Windows NT 5.1; .NET CLR 1.1.4322; .NET CLR 2.0.50727; InfoPath.2; .NET CLR 3.0.4506.2152; .NET CLR 3.5.30729; .NET4.0C; .NET4.0E)"
207.161.201.33 - - [25/Oct/2012:09:06:15 -0500] "GET /rails/courses/15 HTTP/1.1" 200 81245 "http://198.163.145.68/rails/courses" "Mozilla/4.0 (compatible; MSIE 7.0; Windows NT 5.1; .NET CLR 1.1.4322; .NET CLR 2.0.50727; InfoPath.2; .NET CLR 3.0.4506.2152; .NET CLR 3.5.30729; .NET4.0C; .NET4.0E)"
207.161.201.33 - - [25/Oct/2012:09:06:17 -0500] "GET /rails/courses/themes/default/style.css HTTP/1.1" 404 1102 "http://198.163.145.68/rails/courses/15" "Mozilla/4.0 (compatible; MSIE 7.0; Windows NT 5.1; .NET CLR 1.1.4322; .NET CLR 2.0.50727; InfoPath.2; .NET CLR 3.0.4506.2152; .NET CLR 3.5.30729; .NET4.0C; .NET4.0E)"
207.161.201.33 - - [25/Oct/2012:09:06:17 -0500] "GET /rails/assets/d.png HTTP/1.1" 200 8173 "http://198.163.145.68/rails/courses/15" "Mozilla/4.0 (compatible; MSIE 7.0; Windows NT 5.1; .NET CLR 1.1.4322; .NET CLR 2.0.50727; InfoPath.2; .NET CLR 3.0.4506.2152; .NET CLR 3.5.30729; .NET4.0C; .NET4.0E)"
207.161.201.33 - - [25/Oct/2012:09:06:17 -0500] "GET /rails/assets/throbber.gif HTTP/1.1" 200 2387 "http://198.163.145.68/rails/courses/15" "Mozilla/4.0 (compatible; MSIE 7.0; Windows NT 5.1; .NET CLR 1.1.4322; .NET CLR 2.0.50727; InfoPath.2; .NET CLR 3.0.4506.2152; .NET CLR 3.5.30729; .NET4.0C; .NET4.0E)"
207.161.201.33 - - [25/Oct/2012:09:07:03 -0500] "GET /rails/courses HTTP/1.1" 200 22872 "-" "Mozilla/4.0 (compatible; MSIE 7.0; Windows NT 5.1; .NET CLR 1.1.4322; .NET CLR 2.0.50727; InfoPath.2; .NET CLR 3.0.4506.2152; .NET CLR 3.5.30729; .NET4.0C; .NET4.0E)"
142.16.22.18 - - [25/Oct/2012:09:08:36 -0500] "GET /rails/courses/11 HTTP/1.1" 200 3842 "http://198.163.145.68/rails/courses" "Mozilla/4.0 (compatible; MSIE 8.0; Windows NT 5.1; Trident/4.0; .NET CLR 2.0.50727; .NET CLR 1.1.4322; .NET CLR 3.0.4506.2152; .NET CLR 3.5.30729; .NET4.0C; .NET4.0E; InfoPath.2)"
142.16.22.18 - - [25/Oct/2012:09:08:37 -0500] "GET /rails/courses/themes/default/style.css HTTP/1.1" 404 829 "http://198.163.145.68/rails/courses/11" "Mozilla/4.0 (compatible; MSIE 8.0; Windows NT 5.1; Trident/4.0; .NET CLR 2.0.50727; .NET CLR 1.1.4322; .NET CLR 3.0.4506.2152; .NET CLR 3.5.30729; .NET4.0C; .NET4.0E; InfoPath.2)"
142.16.22.18 - - [25/Oct/2012:09:08:37 -0500] "GET /rails/assets/d.png HTTP/1.1" 200 8173 "http://198.163.145.68/rails/courses/11" "Mozilla/4.0 (compatible; MSIE 8.0; Windows NT 5.1; Trident/4.0; .NET CLR 2.0.50727; .NET CLR 1.1.4322; .NET CLR 3.0.4506.2152; .NET CLR 3.5.30729; .NET4.0C; .NET4.0E; InfoPath.2)"
207.161.201.33 - - [25/Oct/2012:09:08:49 -0500] "GET /rails/courses/23 HTTP/1.1" 200 98866 "http://198.163.145.68/rails/courses" "Mozilla/4.0 (compatible; MSIE 7.0; Windows NT 5.1; .NET CLR 1.1.4322; .NET CLR 2.0.50727; InfoPath.2; .NET CLR 3.0.4506.2152; .NET CLR 3.5.30729; .NET4.0C; .NET4.0E)"
8.28.16.254 - - [25/Oct/2012:09:08:49 -0500] "GET /rails/courses/23 HTTP/1.1" 200 98866 "-" "Mozilla/4.0 (compatible; MSIE 7.0; Windows NT 5.1; InfoPath.1; .NET CLR 2.0.50727; .NET CLR 1.1.4322; MS-RTC LM 8; .NET CLR 3.0.4506.2152; .NET CLR 3.5.30729)"
207.161.201.33 - - [25/Oct/2012:09:08:50 -0500] "GET /rails/courses/themes/default/style.css HTTP/1.1" 404 1102 "http://198.163.145.68/rails/courses/23" "Mozilla/4.0 (compatible; MSIE 7.0; Windows NT 5.1; .NET CLR 1.1.4322; .NET CLR 2.0.50727; InfoPath.2; .NET CLR 3.0.4506.2152; .NET CLR 3.5.30729; .NET4.0C; .NET4.0E)"
207.161.201.33 - - [25/Oct/2012:09:08:50 -0500] "GET /rails/assets/d.png HTTP/1.1" 200 8173 "http://198.163.145.68/rails/courses/23" "Mozilla/4.0 (compatible; MSIE 7.0; Windows NT 5.1; .NET CLR 1.1.4322; .NET CLR 2.0.50727; InfoPath.2; .NET CLR 3.0.4506.2152; .NET CLR 3.5.30729; .NET4.0C; .NET4.0E)"
207.161.201.33 - - [25/Oct/2012:09:08:50 -0500] "GET /rails/assets/throbber.gif HTTP/1.1" 200 2387 "http://198.163.145.68/rails/courses/23" "Mozilla/4.0 (compatible; MSIE 7.0; Windows NT 5.1; .NET CLR 1.1.4322; .NET CLR 2.0.50727; InfoPath.2; .NET CLR 3.0.4506.2152; .NET CLR 3.5.30729; .NET4.0C; .NET4.0E)"
207.161.201.33 - - [25/Oct/2012:09:08:50 -0500] "GET /rails/assets/d.png HTTP/1.1" 200 8172 "http://198.163.145.68/rails/courses/23" "Mozilla/4.0 (compatible; MSIE 7.0; Windows NT 5.1; .NET CLR 1.1.4322; .NET CLR 2.0.50727; InfoPath.2; .NET CLR 3.0.4506.2152; .NET CLR 3.5.30729; .NET4.0C; .NET4.0E)"
207.161.201.33 - - [25/Oct/2012:09:09:15 -0500] "GET /rails/courses HTTP/1.1" 200 22872 "-" "Mozilla/4.0 (compatible; MSIE 7.0; Windows NT 5.1; .NET CLR 1.1.4322; .NET CLR 2.0.50727; InfoPath.2; .NET CLR 3.0.4506.2152; .NET CLR 3.5.30729; .NET4.0C; .NET4.0E)"
207.161.201.33 - - [25/Oct/2012:09:10:05 -0500] "GET /rails/courses/8 HTTP/1.1" 200 44981 "http://198.163.145.68/rails/courses" "Mozilla/4.0 (compatible; MSIE 7.0; Windows NT 5.1; .NET CLR 1.1.4322; .NET CLR 2.0.50727; InfoPath.2; .NET CLR 3.0.4506.2152; .NET CLR 3.5.30729; .NET4.0C; .NET4.0E)"
8.28.16.254 - - [25/Oct/2012:09:10:05 -0500] "GET /rails/courses/8 HTTP/1.1" 200 44981 "-" "Mozilla/4.0 (compatible; MSIE 7.0; Windows NT 5.1; InfoPath.1; .NET CLR 2.0.50727; .NET CLR 1.1.4322; MS-RTC LM 8; .NET CLR 3.0.4506.2152; .NET CLR 3.5.30729)"
207.161.201.33 - - [25/Oct/2012:09:10:06 -0500] "GET /rails/courses/themes/default/style.css HTTP/1.1" 404 1102 "http://198.163.145.68/rails/courses/8" "Mozilla/4.0 (compatible; MSIE 7.0; Windows NT 5.1; .NET CLR 1.1.4322; .NET CLR 2.0.50727; InfoPath.2; .NET CLR 3.0.4506.2152; .NET CLR 3.5.30729; .NET4.0C; .NET4.0E)"
207.161.201.33 - - [25/Oct/2012:09:10:06 -0500] "GET /rails/assets/d.png HTTP/1.1" 200 8173 "http://198.163.145.68/rails/courses/8" "Mozilla/4.0 (compatible; MSIE 7.0; Windows NT 5.1; .NET CLR 1.1.4322; .NET CLR 2.0.50727; InfoPath.2; .NET CLR 3.0.4506.2152; .NET CLR 3.5.30729; .NET4.0C; .NET4.0E)"
207.161.201.33 - - [25/Oct/2012:09:10:06 -0500] "GET /rails/assets/throbber.gif HTTP/1.1" 200 2387 "http://198.163.145.68/rails/courses/8" "Mozilla/4.0 (compatible; MSIE 7.0; Windows NT 5.1; .NET CLR 1.1.4322; .NET CLR 2.0.50727; InfoPath.2; .NET CLR 3.0.4506.2152; .NET CLR 3.5.30729; .NET4.0C; .NET4.0E)"
207.161.201.33 - - [25/Oct/2012:09:10:06 -0500] "GET /rails/assets/d.png HTTP/1.1" 200 8172 "http://198.163.145.68/rails/courses/8" "Mozilla/4.0 (compatible; MSIE 7.0; Windows NT 5.1; .NET CLR 1.1.4322; .NET CLR 2.0.50727; InfoPath.2; .NET CLR 3.0.4506.2152; .NET CLR 3.5.30729; .NET4.0C; .NET4.0E)"
207.161.201.33 - - [25/Oct/2012:09:10:31 -0500] "GET /rails/courses HTTP/1.1" 200 22872 "-" "Mozilla/4.0 (compatible; MSIE 7.0; Windows NT 5.1; .NET CLR 1.1.4322; .NET CLR 2.0.50727; InfoPath.2; .NET CLR 3.0.4506.2152; .NET CLR 3.5.30729; .NET4.0C; .NET4.0E)"
207.161.201.33 - - [25/Oct/2012:09:10:37 -0500] "GET /rails/courses/8 HTTP/1.1" 200 44980 "http://198.163.145.68/rails/courses" "Mozilla/4.0 (compatible; MSIE 7.0; Windows NT 5.1; .NET CLR 1.1.4322; .NET CLR 2.0.50727; InfoPath.2; .NET CLR 3.0.4506.2152; .NET CLR 3.5.30729; .NET4.0C; .NET4.0E)"
207.161.201.33 - - [25/Oct/2012:09:10:37 -0500] "GET /rails/courses/themes/default/style.css HTTP/1.1" 404 1102 "http://198.163.145.68/rails/courses/8" "Mozilla/4.0 (compatible; MSIE 7.0; Windows NT 5.1; .NET CLR 1.1.4322; .NET CLR 2.0.50727; InfoPath.2; .NET CLR 3.0.4506.2152; .NET CLR 3.5.30729; .NET4.0C; .NET4.0E)"
207.161.201.33 - - [25/Oct/2012:09:10:37 -0500] "GET /rails/assets/throbber.gif HTTP/1.1" 200 2387 "http://198.163.145.68/rails/courses/8" "Mozilla/4.0 (compatible; MSIE 7.0; Windows NT 5.1; .NET CLR 1.1.4322; .NET CLR 2.0.50727; InfoPath.2; .NET CLR 3.0.4506.2152; .NET CLR 3.5.30729; .NET4.0C; .NET4.0E)"
207.161.201.33 - - [25/Oct/2012:09:10:37 -0500] "GET /rails/assets/d.png HTTP/1.1" 200 8173 "http://198.163.145.68/rails/courses/8" "Mozilla/4.0 (compatible; MSIE 7.0; Windows NT 5.1; .NET CLR 1.1.4322; .NET CLR 2.0.50727; InfoPath.2; .NET CLR 3.0.4506.2152; .NET CLR 3.5.30729; .NET4.0C; .NET4.0E)"
207.161.201.33 - - [25/Oct/2012:09:10:37 -0500] "GET /rails/assets/d.png HTTP/1.1" 200 8172 "http://198.163.145.68/rails/courses/8" "Mozilla/4.0 (compatible; MSIE 7.0; Windows NT 5.1; .NET CLR 1.1.4322; .NET CLR 2.0.50727; InfoPath.2; .NET CLR 3.0.4506.2152; .NET CLR 3.5.30729; .NET4.0C; .NET4.0E)"
207.161.201.33 - - [25/Oct/2012:09:10:40 -0500] "GET /rails/courses HTTP/1.1" 200 22871 "-" "Mozilla/4.0 (compatible; MSIE 7.0; Windows NT 5.1; .NET CLR 1.1.4322; .NET CLR 2.0.50727; InfoPath.2; .NET CLR 3.0.4506.2152; .NET CLR 3.5.30729; .NET4.0C; .NET4.0E)"
207.161.201.33 - - [25/Oct/2012:09:10:44 -0500] "GET /rails/courses/6 HTTP/1.1" 200 41186 "http://198.163.145.68/rails/courses" "Mozilla/4.0 (compatible; MSIE 7.0; Windows NT 5.1; .NET CLR 1.1.4322; .NET CLR 2.0.50727; InfoPath.2; .NET CLR 3.0.4506.2152; .NET CLR 3.5.30729; .NET4.0C; .NET4.0E)"
8.28.16.254 - - [25/Oct/2012:09:10:44 -0500] "GET /rails/courses/6 HTTP/1.1" 200 41187 "-" "Mozilla/4.0 (compatible; MSIE 7.0; Windows NT 5.1; InfoPath.1; .NET CLR 2.0.50727; .NET CLR 1.1.4322; MS-RTC LM 8; .NET CLR 3.0.4506.2152; .NET CLR 3.5.30729)"
207.161.201.33 - - [25/Oct/2012:09:10:45 -0500] "GET /rails/assets/d.png HTTP/1.1" 200 8172 "http://198.163.145.68/rails/courses/6" "Mozilla/4.0 (compatible; MSIE 7.0; Windows NT 5.1; .NET CLR 1.1.4322; .NET CLR 2.0.50727; InfoPath.2; .NET CLR 3.0.4506.2152; .NET CLR 3.5.30729; .NET4.0C; .NET4.0E)"
207.161.201.33 - - [25/Oct/2012:09:10:45 -0500] "GET /rails/courses/themes/default/style.css HTTP/1.1" 404 1102 "http://198.163.145.68/rails/courses/6" "Mozilla/4.0 (compatible; MSIE 7.0; Windows NT 5.1; .NET CLR 1.1.4322; .NET CLR 2.0.50727; InfoPath.2; .NET CLR 3.0.4506.2152; .NET CLR 3.5.30729; .NET4.0C; .NET4.0E)"
207.161.201.33 - - [25/Oct/2012:09:10:45 -0500] "GET /rails/assets/throbber.gif HTTP/1.1" 200 2386 "http://198.163.145.68/rails/courses/6" "Mozilla/4.0 (compatible; MSIE 7.0; Windows NT 5.1; .NET CLR 1.1.4322; .NET CLR 2.0.50727; InfoPath.2; .NET CLR 3.0.4506.2152; .NET CLR 3.5.30729; .NET4.0C; .NET4.0E)"
10.34.26.132 - - [25/Oct/2012:09:12:00 -0500] "GET /rails/courses HTTP/1.1" 200 3557 "http://198.163.145.68/rails/courses/42/edit" "Mozilla/5.0 (Windows NT 6.1; WOW64) AppleWebKit/537.4 (KHTML, like Gecko) Chrome/22.0.1229.94 Safari/537.4"
::1 - - [25/Oct/2012:09:12:17 -0500] "OPTIONS * HTTP/1.0" 200 152 "-" "Apache/2.2.16 (Debian) (internal dummy connection)"
10.34.26.132 - - [25/Oct/2012:09:12:20 -0500] "GET /favicon.ico HTTP/1.1" 404 505 "-" "Mozilla/5.0 (Windows NT 6.1; WOW64) AppleWebKit/537.4 (KHTML, like Gecko) Chrome/22.0.1229.94 Safari/537.4"
142.16.22.18 - - [25/Oct/2012:09:15:28 -0500] "GET /rails/courses HTTP/1.1" 304 527 "-" "Mozilla/4.0 (compatible; MSIE 8.0; Windows NT 5.1; Trident/4.0; .NET CLR 2.0.50727; .NET CLR 1.1.4322; .NET CLR 3.0.4506.2152; .NET CLR 3.5.30729; .NET4.0C; .NET4.0E; InfoPath.2)"
142.16.22.18 - - [25/Oct/2012:09:15:31 -0500] "GET /rails/courses/41 HTTP/1.1" 200 3244 "http://198.163.145.68/rails/courses" "Mozilla/4.0 (compatible; MSIE 8.0; Windows NT 5.1; Trident/4.0; .NET CLR 2.0.50727; .NET CLR 1.1.4322; .NET CLR 3.0.4506.2152; .NET CLR 3.5.30729; .NET4.0C; .NET4.0E; InfoPath.2)"
142.16.22.18 - - [25/Oct/2012:09:15:31 -0500] "GET /rails/courses/themes/default/style.css HTTP/1.1" 404 829 "http://198.163.145.68/rails/courses/41" "Mozilla/4.0 (compatible; MSIE 8.0; Windows NT 5.1; Trident/4.0; .NET CLR 2.0.50727; .NET CLR 1.1.4322; .NET CLR 3.0.4506.2152; .NET CLR 3.5.30729; .NET4.0C; .NET4.0E; InfoPath.2)"
142.16.22.18 - - [25/Oct/2012:09:15:31 -0500] "GET /rails/assets/d.png HTTP/1.1" 200 8173 "http://198.163.145.68/rails/courses/41" "Mozilla/4.0 (compatible; MSIE 8.0; Windows NT 5.1; Trident/4.0; .NET CLR 2.0.50727; .NET CLR 1.1.4322; .NET CLR 3.0.4506.2152; .NET CLR 3.5.30729; .NET4.0C; .NET4.0E; InfoPath.2)"
142.16.22.18 - - [25/Oct/2012:09:17:33 -0500] "GET /rails/courses HTTP/1.1" 304 527 "-" "Mozilla/4.0 (compatible; MSIE 8.0; Windows NT 5.1; Trident/4.0; .NET CLR 2.0.50727; .NET CLR 1.1.4322; .NET CLR 3.0.4506.2152; .NET CLR 3.5.30729; .NET4.0C; .NET4.0E; InfoPath.2)"
142.16.22.18 - - [25/Oct/2012:09:17:35 -0500] "GET /rails/courses/2 HTTP/1.1" 200 5425 "http://198.163.145.68/rails/courses" "Mozilla/4.0 (compatible; MSIE 8.0; Windows NT 5.1; Trident/4.0; .NET CLR 2.0.50727; .NET CLR 1.1.4322; .NET CLR 3.0.4506.2152; .NET CLR 3.5.30729; .NET4.0C; .NET4.0E; InfoPath.2)"
142.16.22.18 - - [25/Oct/2012:09:17:36 -0500] "GET /rails/courses/themes/default/style.css HTTP/1.1" 404 829 "http://198.163.145.68/rails/courses/2" "Mozilla/4.0 (compatible; MSIE 8.0; Windows NT 5.1; Trident/4.0; .NET CLR 2.0.50727; .NET CLR 1.1.4322; .NET CLR 3.0.4506.2152; .NET CLR 3.5.30729; .NET4.0C; .NET4.0E; InfoPath.2)"
142.16.22.18 - - [25/Oct/2012:09:17:36 -0500] "GET /rails/assets/d.png HTTP/1.1" 200 8173 "http://198.163.145.68/rails/courses/2" "Mozilla/4.0 (compatible; MSIE 8.0; Windows NT 5.1; Trident/4.0; .NET CLR 2.0.50727; .NET CLR 1.1.4322; .NET CLR 3.0.4506.2152; .NET CLR 3.5.30729; .NET4.0C; .NET4.0E; InfoPath.2)"
172.24.130.34 - - [25/Oct/2012:09:19:13 -0500] "GET /rails/courses HTTP/1.1" 200 3555 "-" "Mozilla/5.0 (compatible; MSIE 9.0; Windows NT 6.1; Trident/5.0)"
172.24.130.34 - - [25/Oct/2012:09:19:13 -0500] "GET /rails/assets/application-17edb1a16d1c4432b8b57022998f8aa5.css HTTP/1.1" 200 10235 "http://198.163.145.68/rails/courses" "Mozilla/5.0 (compatible; MSIE 9.0; Windows NT 6.1; Trident/5.0)"
172.24.130.34 - - [25/Oct/2012:09:19:13 -0500] "GET /rails/assets/application-cd5ea8bcdc66a9dd320ac134ad1306d3.js HTTP/1.1" 200 61427 "http://198.163.145.68/rails/courses" "Mozilla/5.0 (compatible; MSIE 9.0; Windows NT 6.1; Trident/5.0)"
172.24.130.34 - - [25/Oct/2012:09:19:14 -0500] "GET /favicon.ico HTTP/1.1" 404 505 "-" "Mozilla/5.0 (compatible; MSIE 9.0; Windows NT 6.1; Trident/5.0)"
172.24.130.34 - - [25/Oct/2012:09:19:32 -0500] "GET /rails/courses/11 HTTP/1.1" 200 3840 "http://198.163.145.68/rails/courses" "Mozilla/5.0 (compatible; MSIE 9.0; Windows NT 6.1; Trident/5.0)"
172.24.130.34 - - [25/Oct/2012:09:19:33 -0500] "GET /rails/assets/print-8ddd96b118e54a74a6d982eecf09cff7.css HTTP/1.1" 200 701 "http://198.163.145.68/rails/courses/11" "Mozilla/5.0 (compatible; MSIE 9.0; Windows NT 6.1; Trident/5.0)"
172.24.130.34 - - [25/Oct/2012:09:19:33 -0500] "GET /favicon.ico HTTP/1.1" 404 505 "-" "Mozilla/5.0 (compatible; MSIE 9.0; Windows NT 6.1; Trident/5.0)"
172.24.130.34 - - [25/Oct/2012:09:19:33 -0500] "GET /rails/courses/themes/default/style.css HTTP/1.1" 404 829 "http://198.163.145.68/rails/courses/11" "Mozilla/5.0 (compatible; MSIE 9.0; Windows NT 6.1; Trident/5.0)"
172.24.130.34 - - [25/Oct/2012:09:19:34 -0500] "GET /rails/assets/d.png HTTP/1.1" 200 8172 "http://198.163.145.68/rails/courses/11" "Mozilla/5.0 (compatible; MSIE 9.0; Windows NT 6.1; Trident/5.0)"
172.24.130.34 - - [25/Oct/2012:09:19:54 -0500] "GET /rails/semesters HTTP/1.1" 200 1690 "http://198.163.145.68/rails/courses/11" "Mozilla/5.0 (compatible; MSIE 9.0; Windows NT 6.1; Trident/5.0)"
172.24.130.34 - - [25/Oct/2012:09:19:50 -0500] "GET /rails/outcomes HTTP/1.1" 200 37260 "http://198.163.145.68/rails/courses/11" "Mozilla/5.0 (compatible; MSIE 9.0; Windows NT 6.1; Trident/5.0)"
172.24.130.34 - - [25/Oct/2012:09:19:54 -0500] "GET /rails/outcomes HTTP/1.1" 200 37260 "http://198.163.145.68/rails/courses/11" "Mozilla/5.0 (compatible; MSIE 9.0; Windows NT 6.1; Trident/5.0)"
172.24.130.34 - - [25/Oct/2012:09:20:03 -0500] "GET /rails/semesters/1 HTTP/1.1" 200 1503 "http://198.163.145.68/rails/semesters" "Mozilla/5.0 (compatible; MSIE 9.0; Windows NT 6.1; Trident/5.0)"
172.24.130.34 - - [25/Oct/2012:09:20:09 -0500] "GET /rails/semesters HTTP/1.1" 304 526 "http://198.163.145.68/rails/semesters/1" "Mozilla/5.0 (compatible; MSIE 9.0; Windows NT 6.1; Trident/5.0)"
172.24.130.34 - - [25/Oct/2012:09:20:12 -0500] "GET /rails/semesters/1 HTTP/1.1" 304 526 "http://198.163.145.68/rails/semesters" "Mozilla/5.0 (compatible; MSIE 9.0; Windows NT 6.1; Trident/5.0)"
172.24.130.34 - - [25/Oct/2012:09:20:15 -0500] "GET /rails/semesters/1/edit HTTP/1.1" 200 1802 "http://198.163.145.68/rails/semesters/1" "Mozilla/5.0 (compatible; MSIE 9.0; Windows NT 6.1; Trident/5.0)"
172.24.130.34 - - [25/Oct/2012:09:20:23 -0500] "GET /rails/semesters HTTP/1.1" 304 526 "http://198.163.145.68/rails/semesters/1" "Mozilla/5.0 (compatible; MSIE 9.0; Windows NT 6.1; Trident/5.0)"
172.24.130.34 - - [25/Oct/2012:09:20:30 -0500] "GET /rails/course_outcomes HTTP/1.1" 200 34267 "http://198.163.145.68/rails/semesters" "Mozilla/5.0 (compatible; MSIE 9.0; Windows NT 6.1; Trident/5.0)"
172.24.130.34 - - [25/Oct/2012:09:20:37 -0500] "GET /rails/semesters/new HTTP/1.1" 200 1756 "http://198.163.145.68/rails/semesters" "Mozilla/5.0 (compatible; MSIE 9.0; Windows NT 6.1; Trident/5.0)"
172.24.130.34 - - [25/Oct/2012:09:20:42 -0500] "GET /rails/course_outcomes HTTP/1.1" 200 34267 "http://198.163.145.68/rails/semesters/new" "Mozilla/5.0 (compatible; MSIE 9.0; Windows NT 6.1; Trident/5.0)"
172.24.130.34 - - [25/Oct/2012:09:24:22 -0500] "GET /rails/courses HTTP/1.1" 304 527 "http://198.163.145.68/rails/semesters/new" "Mozilla/5.0 (compatible; MSIE 9.0; Windows NT 6.1; Trident/5.0)"
172.24.130.34 - - [25/Oct/2012:09:24:28 -0500] "GET /rails/outcomes HTTP/1.1" 200 109082 "http://198.163.145.68/rails/courses" "Mozilla/5.0 (compatible; MSIE 9.0; Windows NT 6.1; Trident/5.0)"
172.24.130.34 - - [25/Oct/2012:09:24:43 -0500] "GET /rails/themes/default/style.css HTTP/1.1" 404 829 "http://198.163.145.68/rails/outcomes" "Mozilla/5.0 (compatible; MSIE 9.0; Windows NT 6.1; Trident/5.0)"
172.24.130.34 - - [25/Oct/2012:09:24:55 -0500] "GET /rails/assets/d.png HTTP/1.1" 200 8172 "http://198.163.145.68/rails/outcomes" "Mozilla/5.0 (compatible; MSIE 9.0; Windows NT 6.1; Trident/5.0)"
142.16.22.18 - - [25/Oct/2012:09:26:45 -0500] "GET /rails/courses HTTP/1.1" 304 527 "-" "Mozilla/4.0 (compatible; MSIE 8.0; Windows NT 5.1; Trident/4.0; .NET CLR 2.0.50727; .NET CLR 1.1.4322; .NET CLR 3.0.4506.2152; .NET CLR 3.5.30729; .NET4.0C; .NET4.0E; InfoPath.2)"
142.16.22.18 - - [25/Oct/2012:09:26:48 -0500] "GET /rails/courses/36 HTTP/1.1" 200 5199 "http://198.163.145.68/rails/courses" "Mozilla/4.0 (compatible; MSIE 8.0; Windows NT 5.1; Trident/4.0; .NET CLR 2.0.50727; .NET CLR 1.1.4322; .NET CLR 3.0.4506.2152; .NET CLR 3.5.30729; .NET4.0C; .NET4.0E; InfoPath.2)"
142.16.22.18 - - [25/Oct/2012:09:26:49 -0500] "GET /rails/courses/themes/default/style.css HTTP/1.1" 404 829 "http://198.163.145.68/rails/courses/36" "Mozilla/4.0 (compatible; MSIE 8.0; Windows NT 5.1; Trident/4.0; .NET CLR 2.0.50727; .NET CLR 1.1.4322; .NET CLR 3.0.4506.2152; .NET CLR 3.5.30729; .NET4.0C; .NET4.0E; InfoPath.2)"
142.16.22.18 - - [25/Oct/2012:09:26:49 -0500] "GET /rails/assets/d.png HTTP/1.1" 200 8173 "http://198.163.145.68/rails/courses/36" "Mozilla/4.0 (compatible; MSIE 8.0; Windows NT 5.1; Trident/4.0; .NET CLR 2.0.50727; .NET CLR 1.1.4322; .NET CLR 3.0.4506.2152; .NET CLR 3.5.30729; .NET4.0C; .NET4.0E; InfoPath.2)"
142.16.22.18 - - [25/Oct/2012:09:29:03 -0500] "GET /rails/courses HTTP/1.1" 304 527 "-" "Mozilla/4.0 (compatible; MSIE 8.0; Windows NT 5.1; Trident/4.0; .NET CLR 2.0.50727; .NET CLR 1.1.4322; .NET CLR 3.0.4506.2152; .NET CLR 3.5.30729; .NET4.0C; .NET4.0E; InfoPath.2)"
142.16.22.18 - - [25/Oct/2012:09:29:07 -0500] "GET /rails/courses/21 HTTP/1.1" 200 5580 "http://198.163.145.68/rails/courses" "Mozilla/4.0 (compatible; MSIE 8.0; Windows NT 5.1; Trident/4.0; .NET CLR 2.0.50727; .NET CLR 1.1.4322; .NET CLR 3.0.4506.2152; .NET CLR 3.5.30729; .NET4.0C; .NET4.0E; InfoPath.2)"
142.16.22.18 - - [25/Oct/2012:09:29:08 -0500] "GET /rails/courses/themes/default/style.css HTTP/1.1" 404 829 "http://198.163.145.68/rails/courses/21" "Mozilla/4.0 (compatible; MSIE 8.0; Windows NT 5.1; Trident/4.0; .NET CLR 2.0.50727; .NET CLR 1.1.4322; .NET CLR 3.0.4506.2152; .NET CLR 3.5.30729; .NET4.0C; .NET4.0E; InfoPath.2)"
142.16.22.18 - - [25/Oct/2012:09:29:08 -0500] "GET /rails/assets/d.png HTTP/1.1" 200 8173 "http://198.163.145.68/rails/courses/21" "Mozilla/4.0 (compatible; MSIE 8.0; Windows NT 5.1; Trident/4.0; .NET CLR 2.0.50727; .NET CLR 1.1.4322; .NET CLR 3.0.4506.2152; .NET CLR 3.5.30729; .NET4.0C; .NET4.0E; InfoPath.2)"
8.28.16.254 - - [25/Oct/2012:09:30:10 -0500] "GET /rails/courses/41 HTTP/1.1" 200 11846 "-" "Mozilla/4.0 (compatible; MSIE 7.0; Windows NT 5.1; InfoPath.1; .NET CLR 2.0.50727; .NET CLR 1.1.4322; MS-RTC LM 8; .NET CLR 3.0.4506.2152; .NET CLR 3.5.30729)"
205.200.120.72 - - [25/Oct/2012:09:30:10 -0500] "GET /rails/courses/41 HTTP/1.1" 200 3245 "http://198.163.145.68/rails/courses" "Mozilla/4.0 (compatible; MSIE 8.0; Windows NT 6.1; WOW64; Trident/4.0; SLCC2; .NET CLR 2.0.50727; .NET CLR 3.5.30729; .NET CLR 3.0.30729; InfoPath.2)"
205.200.120.72 - - [25/Oct/2012:09:30:10 -0500] "GET /rails/courses/themes/default/style.css HTTP/1.1" 404 829 "http://198.163.145.68/rails/courses/41" "Mozilla/4.0 (compatible; MSIE 8.0; Windows NT 6.1; WOW64; Trident/4.0; SLCC2; .NET CLR 2.0.50727; .NET CLR 3.5.30729; .NET CLR 3.0.30729; InfoPath.2)"
205.200.120.72 - - [25/Oct/2012:09:30:10 -0500] "GET /rails/assets/d.png HTTP/1.1" 200 8173 "http://198.163.145.68/rails/courses/41" "Mozilla/4.0 (compatible; MSIE 8.0; Windows NT 6.1; WOW64; Trident/4.0; SLCC2; .NET CLR 2.0.50727; .NET CLR 3.5.30729; .NET CLR 3.0.30729; InfoPath.2)"
205.200.120.72 - - [25/Oct/2012:09:30:47 -0500] "GET /rails/courses HTTP/1.1" 304 527 "-" "Mozilla/4.0 (compatible; MSIE 8.0; Windows NT 6.1; WOW64; Trident/4.0; SLCC2; .NET CLR 2.0.50727; .NET CLR 3.5.30729; .NET CLR 3.0.30729; InfoPath.2)"
142.16.22.18 - - [25/Oct/2012:09:31:04 -0500] "GET /rails/courses HTTP/1.1" 304 527 "-" "Mozilla/4.0 (compatible; MSIE 8.0; Windows NT 5.1; Trident/4.0; .NET CLR 2.0.50727; .NET CLR 1.1.4322; .NET CLR 3.0.4506.2152; .NET CLR 3.5.30729; .NET4.0C; .NET4.0E; InfoPath.2)"
142.16.22.18 - - [25/Oct/2012:09:31:07 -0500] "GET /rails/courses/13 HTTP/1.1" 200 4007 "http://198.163.145.68/rails/courses" "Mozilla/4.0 (compatible; MSIE 8.0; Windows NT 5.1; Trident/4.0; .NET CLR 2.0.50727; .NET CLR 1.1.4322; .NET CLR 3.0.4506.2152; .NET CLR 3.5.30729; .NET4.0C; .NET4.0E; InfoPath.2)"
142.16.22.18 - - [25/Oct/2012:09:31:08 -0500] "GET /rails/courses/themes/default/style.css HTTP/1.1" 404 829 "http://198.163.145.68/rails/courses/13" "Mozilla/4.0 (compatible; MSIE 8.0; Windows NT 5.1; Trident/4.0; .NET CLR 2.0.50727; .NET CLR 1.1.4322; .NET CLR 3.0.4506.2152; .NET CLR 3.5.30729; .NET4.0C; .NET4.0E; InfoPath.2)"
142.16.22.18 - - [25/Oct/2012:09:31:08 -0500] "GET /rails/assets/d.png HTTP/1.1" 200 8173 "http://198.163.145.68/rails/courses/13" "Mozilla/4.0 (compatible; MSIE 8.0; Windows NT 5.1; Trident/4.0; .NET CLR 2.0.50727; .NET CLR 1.1.4322; .NET CLR 3.0.4506.2152; .NET CLR 3.5.30729; .NET4.0C; .NET4.0E; InfoPath.2)"
205.200.120.72 - - [25/Oct/2012:09:31:14 -0500] "GET /rails/courses/39 HTTP/1.1" 200 2869 "http://198.163.145.68/rails/courses" "Mozilla/4.0 (compatible; MSIE 8.0; Windows NT 6.1; WOW64; Trident/4.0; SLCC2; .NET CLR 2.0.50727; .NET CLR 3.5.30729; .NET CLR 3.0.30729; InfoPath.2)"
205.200.120.72 - - [25/Oct/2012:09:31:14 -0500] "GET /rails/courses/themes/default/style.css HTTP/1.1" 404 829 "http://198.163.145.68/rails/courses/39" "Mozilla/4.0 (compatible; MSIE 8.0; Windows NT 6.1; WOW64; Trident/4.0; SLCC2; .NET CLR 2.0.50727; .NET CLR 3.5.30729; .NET CLR 3.0.30729; InfoPath.2)"
205.200.120.72 - - [25/Oct/2012:09:31:14 -0500] "GET /rails/assets/d.png HTTP/1.1" 200 8173 "http://198.163.145.68/rails/courses/39" "Mozilla/4.0 (compatible; MSIE 8.0; Windows NT 6.1; WOW64; Trident/4.0; SLCC2; .NET CLR 2.0.50727; .NET CLR 3.5.30729; .NET CLR 3.0.30729; InfoPath.2)"
142.16.22.18 - - [25/Oct/2012:09:37:15 -0500] "GET /rails/courses HTTP/1.1" 304 527 "-" "Mozilla/4.0 (compatible; MSIE 8.0; Windows NT 5.1; Trident/4.0; .NET CLR 2.0.50727; .NET CLR 1.1.4322; .NET CLR 3.0.4506.2152; .NET CLR 3.5.30729; .NET4.0C; .NET4.0E; InfoPath.2)"
142.16.22.18 - - [25/Oct/2012:09:37:18 -0500] "GET /rails/courses/14 HTTP/1.1" 200 4252 "http://198.163.145.68/rails/courses" "Mozilla/4.0 (compatible; MSIE 8.0; Windows NT 5.1; Trident/4.0; .NET CLR 2.0.50727; .NET CLR 1.1.4322; .NET CLR 3.0.4506.2152; .NET CLR 3.5.30729; .NET4.0C; .NET4.0E; InfoPath.2)"
142.16.22.18 - - [25/Oct/2012:09:37:18 -0500] "GET /rails/courses/themes/default/style.css HTTP/1.1" 404 829 "http://198.163.145.68/rails/courses/14" "Mozilla/4.0 (compatible; MSIE 8.0; Windows NT 5.1; Trident/4.0; .NET CLR 2.0.50727; .NET CLR 1.1.4322; .NET CLR 3.0.4506.2152; .NET CLR 3.5.30729; .NET4.0C; .NET4.0E; InfoPath.2)"
142.16.22.18 - - [25/Oct/2012:09:37:18 -0500] "GET /rails/assets/d.png HTTP/1.1" 200 8173 "http://198.163.145.68/rails/courses/14" "Mozilla/4.0 (compatible; MSIE 8.0; Windows NT 5.1; Trident/4.0; .NET CLR 2.0.50727; .NET CLR 1.1.4322; .NET CLR 3.0.4506.2152; .NET CLR 3.5.30729; .NET4.0C; .NET4.0E; InfoPath.2)"
142.16.22.18 - - [25/Oct/2012:09:38:22 -0500] "GET /rails/courses HTTP/1.1" 304 527 "-" "Mozilla/4.0 (compatible; MSIE 8.0; Windows NT 5.1; Trident/4.0; .NET CLR 2.0.50727; .NET CLR 1.1.4322; .NET CLR 3.0.4506.2152; .NET CLR 3.5.30729; .NET4.0C; .NET4.0E; InfoPath.2)"
142.16.22.18 - - [25/Oct/2012:09:38:26 -0500] "GET /rails/courses/33 HTTP/1.1" 200 7052 "http://198.163.145.68/rails/courses" "Mozilla/4.0 (compatible; MSIE 8.0; Windows NT 5.1; Trident/4.0; .NET CLR 2.0.50727; .NET CLR 1.1.4322; .NET CLR 3.0.4506.2152; .NET CLR 3.5.30729; .NET4.0C; .NET4.0E; InfoPath.2)"
142.16.22.18 - - [25/Oct/2012:09:38:26 -0500] "GET /rails/courses/themes/default/style.css HTTP/1.1" 404 829 "http://198.163.145.68/rails/courses/33" "Mozilla/4.0 (compatible; MSIE 8.0; Windows NT 5.1; Trident/4.0; .NET CLR 2.0.50727; .NET CLR 1.1.4322; .NET CLR 3.0.4506.2152; .NET CLR 3.5.30729; .NET4.0C; .NET4.0E; InfoPath.2)"
142.16.22.18 - - [25/Oct/2012:09:38:26 -0500] "GET /rails/assets/d.png HTTP/1.1" 200 8173 "http://198.163.145.68/rails/courses/33" "Mozilla/4.0 (compatible; MSIE 8.0; Windows NT 5.1; Trident/4.0; .NET CLR 2.0.50727; .NET CLR 1.1.4322; .NET CLR 3.0.4506.2152; .NET CLR 3.5.30729; .NET4.0C; .NET4.0E; InfoPath.2)"
142.16.22.18 - - [25/Oct/2012:09:42:13 -0500] "GET /rails/courses HTTP/1.1" 304 527 "-" "Mozilla/4.0 (compatible; MSIE 8.0; Windows NT 5.1; Trident/4.0; .NET CLR 2.0.50727; .NET CLR 1.1.4322; .NET CLR 3.0.4506.2152; .NET CLR 3.5.30729; .NET4.0C; .NET4.0E; InfoPath.2)"
142.16.22.18 - - [25/Oct/2012:09:42:23 -0500] "GET /rails/courses/32 HTTP/1.1" 200 5296 "http://198.163.145.68/rails/courses" "Mozilla/4.0 (compatible; MSIE 8.0; Windows NT 5.1; Trident/4.0; .NET CLR 2.0.50727; .NET CLR 1.1.4322; .NET CLR 3.0.4506.2152; .NET CLR 3.5.30729; .NET4.0C; .NET4.0E; InfoPath.2)"
142.16.22.18 - - [25/Oct/2012:09:42:23 -0500] "GET /rails/courses/themes/default/style.css HTTP/1.1" 404 829 "http://198.163.145.68/rails/courses/32" "Mozilla/4.0 (compatible; MSIE 8.0; Windows NT 5.1; Trident/4.0; .NET CLR 2.0.50727; .NET CLR 1.1.4322; .NET CLR 3.0.4506.2152; .NET CLR 3.5.30729; .NET4.0C; .NET4.0E; InfoPath.2)"
142.16.22.18 - - [25/Oct/2012:09:42:23 -0500] "GET /rails/assets/d.png HTTP/1.1" 200 8173 "http://198.163.145.68/rails/courses/32" "Mozilla/4.0 (compatible; MSIE 8.0; Windows NT 5.1; Trident/4.0; .NET CLR 2.0.50727; .NET CLR 1.1.4322; .NET CLR 3.0.4506.2152; .NET CLR 3.5.30729; .NET4.0C; .NET4.0E; InfoPath.2)"
172.24.130.34 - - [25/Oct/2012:09:43:13 -0500] "GET /rails/courses HTTP/1.1" 304 527 "http://198.163.145.68/rails/outcomes" "Mozilla/5.0 (compatible; MSIE 9.0; Windows NT 6.1; Trident/5.0)"
10.34.26.49 - - [25/Oct/2012:09:44:40 -0500] "GET /rails HTTP/1.1" 200 109085 "-" "Mozilla/5.0 (Windows NT 6.1) AppleWebKit/537.4 (KHTML, like Gecko) Chrome/22.0.1229.94 Safari/537.4"
142.16.22.18 - - [25/Oct/2012:09:44:43 -0500] "GET /rails/courses HTTP/1.1" 304 527 "-" "Mozilla/4.0 (compatible; MSIE 8.0; Windows NT 5.1; Trident/4.0; .NET CLR 2.0.50727; .NET CLR 1.1.4322; .NET CLR 3.0.4506.2152; .NET CLR 3.5.30729; .NET4.0C; .NET4.0E; InfoPath.2)"
10.34.26.49 - - [25/Oct/2012:09:44:46 -0500] "GET /rails/assets/application-17edb1a16d1c4432b8b57022998f8aa5.css HTTP/1.1" 200 10234 "http://198.163.145.68/rails" "Mozilla/5.0 (Windows NT 6.1) AppleWebKit/537.4 (KHTML, like Gecko) Chrome/22.0.1229.94 Safari/537.4"
10.34.26.49 - - [25/Oct/2012:09:44:46 -0500] "GET /rails/assets/application-cd5ea8bcdc66a9dd320ac134ad1306d3.js HTTP/1.1" 200 61428 "http://198.163.145.68/rails" "Mozilla/5.0 (Windows NT 6.1) AppleWebKit/537.4 (KHTML, like Gecko) Chrome/22.0.1229.94 Safari/537.4"
10.34.26.49 - - [25/Oct/2012:09:44:47 -0500] "GET /themes/default/style.css HTTP/1.1" 404 513 "http://198.163.145.68/rails" "Mozilla/5.0 (Windows NT 6.1) AppleWebKit/537.4 (KHTML, like Gecko) Chrome/22.0.1229.94 Safari/537.4"
10.34.26.49 - - [25/Oct/2012:09:44:47 -0500] "GET /favicon.ico HTTP/1.1" 404 504 "-" "Mozilla/5.0 (Windows NT 6.1) AppleWebKit/537.4 (KHTML, like Gecko) Chrome/22.0.1229.94 Safari/537.4"
10.34.26.49 - - [25/Oct/2012:09:44:47 -0500] "GET /rails/assets/d.png HTTP/1.1" 200 8172 "http://198.163.145.68/rails" "Mozilla/5.0 (Windows NT 6.1) AppleWebKit/537.4 (KHTML, like Gecko) Chrome/22.0.1229.94 Safari/537.4"
142.16.22.18 - - [25/Oct/2012:09:45:05 -0500] "GET /rails/courses/37 HTTP/1.1" 200 5405 "http://198.163.145.68/rails/courses" "Mozilla/4.0 (compatible; MSIE 8.0; Windows NT 5.1; Trident/4.0; .NET CLR 2.0.50727; .NET CLR 1.1.4322; .NET CLR 3.0.4506.2152; .NET CLR 3.5.30729; .NET4.0C; .NET4.0E; InfoPath.2)"
142.16.22.18 - - [25/Oct/2012:09:45:06 -0500] "GET /rails/courses/themes/default/style.css HTTP/1.1" 404 829 "http://198.163.145.68/rails/courses/37" "Mozilla/4.0 (compatible; MSIE 8.0; Windows NT 5.1; Trident/4.0; .NET CLR 2.0.50727; .NET CLR 1.1.4322; .NET CLR 3.0.4506.2152; .NET CLR 3.5.30729; .NET4.0C; .NET4.0E; InfoPath.2)"
142.16.22.18 - - [25/Oct/2012:09:45:06 -0500] "GET /rails/assets/d.png HTTP/1.1" 200 8173 "http://198.163.145.68/rails/courses/37" "Mozilla/4.0 (compatible; MSIE 8.0; Windows NT 5.1; Trident/4.0; .NET CLR 2.0.50727; .NET CLR 1.1.4322; .NET CLR 3.0.4506.2152; .NET CLR 3.5.30729; .NET4.0C; .NET4.0E; InfoPath.2)"
142.16.22.18 - - [25/Oct/2012:09:45:13 -0500] "GET /rails/courses HTTP/1.1" 304 526 "-" "Mozilla/4.0 (compatible; MSIE 8.0; Windows NT 5.1; Trident/4.0; .NET CLR 2.0.50727; .NET CLR 1.1.4322; .NET CLR 3.0.4506.2152; .NET CLR 3.5.30729; .NET4.0C; .NET4.0E; InfoPath.2)"
142.16.22.18 - - [25/Oct/2012:09:45:16 -0500] "GET /rails/courses/5 HTTP/1.1" 200 15459 "http://198.163.145.68/rails/courses" "Mozilla/4.0 (compatible; MSIE 8.0; Windows NT 5.1; Trident/4.0; .NET CLR 2.0.50727; .NET CLR 1.1.4322; .NET CLR 3.0.4506.2152; .NET CLR 3.5.30729; .NET4.0C; .NET4.0E; InfoPath.2)"
142.16.22.18 - - [25/Oct/2012:09:45:17 -0500] "GET /rails/courses/themes/default/style.css HTTP/1.1" 404 829 "http://198.163.145.68/rails/courses/5" "Mozilla/4.0 (compatible; MSIE 8.0; Windows NT 5.1; Trident/4.0; .NET CLR 2.0.50727; .NET CLR 1.1.4322; .NET CLR 3.0.4506.2152; .NET CLR 3.5.30729; .NET4.0C; .NET4.0E; InfoPath.2)"
142.16.22.18 - - [25/Oct/2012:09:45:18 -0500] "GET /rails/assets/d.png HTTP/1.1" 200 8173 "http://198.163.145.68/rails/courses/5" "Mozilla/4.0 (compatible; MSIE 8.0; Windows NT 5.1; Trident/4.0; .NET CLR 2.0.50727; .NET CLR 1.1.4322; .NET CLR 3.0.4506.2152; .NET CLR 3.5.30729; .NET4.0C; .NET4.0E; InfoPath.2)"
10.34.26.49 - - [25/Oct/2012:09:47:45 -0500] "GET /rails/courses HTTP/1.1" 200 3555 "http://198.163.145.68/rails" "Mozilla/5.0 (Windows NT 6.1) AppleWebKit/537.4 (KHTML, like Gecko) Chrome/22.0.1229.94 Safari/537.4"
10.34.26.49 - - [25/Oct/2012:09:47:45 -0500] "GET /favicon.ico HTTP/1.1" 404 504 "-" "Mozilla/5.0 (Windows NT 6.1) AppleWebKit/537.4 (KHTML, like Gecko) Chrome/22.0.1229.94 Safari/537.4"
10.34.26.49 - - [25/Oct/2012:09:47:57 -0500] "GET /rails/courses/3 HTTP/1.1" 200 6328 "http://198.163.145.68/rails/courses" "Mozilla/5.0 (Windows NT 6.1) AppleWebKit/537.4 (KHTML, like Gecko) Chrome/22.0.1229.94 Safari/537.4"
10.34.26.49 - - [25/Oct/2012:09:47:58 -0500] "GET /rails/assets/print-8ddd96b118e54a74a6d982eecf09cff7.css HTTP/1.1" 200 700 "http://198.163.145.68/rails/courses/3" "Mozilla/5.0 (Windows NT 6.1) AppleWebKit/537.4 (KHTML, like Gecko) Chrome/22.0.1229.94 Safari/537.4"
10.34.26.49 - - [25/Oct/2012:09:47:58 -0500] "GET /rails/courses/themes/default/style.css HTTP/1.1" 404 829 "http://198.163.145.68/rails/courses/3" "Mozilla/5.0 (Windows NT 6.1) AppleWebKit/537.4 (KHTML, like Gecko) Chrome/22.0.1229.94 Safari/537.4"
10.34.26.49 - - [25/Oct/2012:09:47:58 -0500] "GET /favicon.ico HTTP/1.1" 404 504 "-" "Mozilla/5.0 (Windows NT 6.1) AppleWebKit/537.4 (KHTML, like Gecko) Chrome/22.0.1229.94 Safari/537.4"
142.16.22.18 - - [25/Oct/2012:09:48:14 -0500] "GET /rails/courses HTTP/1.1" 304 527 "-" "Mozilla/4.0 (compatible; MSIE 8.0; Windows NT 5.1; Trident/4.0; .NET CLR 2.0.50727; .NET CLR 1.1.4322; .NET CLR 3.0.4506.2152; .NET CLR 3.5.30729; .NET4.0C; .NET4.0E; InfoPath.2)"
10.34.26.49 - - [25/Oct/2012:09:48:18 -0500] "GET /favicon.ico HTTP/1.1" 404 505 "-" "Mozilla/5.0 (Windows NT 6.1) AppleWebKit/537.4 (KHTML, like Gecko) Chrome/22.0.1229.94 Safari/537.4"
142.16.22.18 - - [25/Oct/2012:09:48:25 -0500] "GET /rails/courses/6 HTTP/1.1" 200 5431 "http://198.163.145.68/rails/courses" "Mozilla/4.0 (compatible; MSIE 8.0; Windows NT 5.1; Trident/4.0; .NET CLR 2.0.50727; .NET CLR 1.1.4322; .NET CLR 3.0.4506.2152; .NET CLR 3.5.30729; .NET4.0C; .NET4.0E; InfoPath.2)"
142.16.22.18 - - [25/Oct/2012:09:48:25 -0500] "GET /rails/courses/themes/default/style.css HTTP/1.1" 404 829 "http://198.163.145.68/rails/courses/6" "Mozilla/4.0 (compatible; MSIE 8.0; Windows NT 5.1; Trident/4.0; .NET CLR 2.0.50727; .NET CLR 1.1.4322; .NET CLR 3.0.4506.2152; .NET CLR 3.5.30729; .NET4.0C; .NET4.0E; InfoPath.2)"
142.16.22.18 - - [25/Oct/2012:09:48:25 -0500] "GET /rails/assets/d.png HTTP/1.1" 200 8173 "http://198.163.145.68/rails/courses/6" "Mozilla/4.0 (compatible; MSIE 8.0; Windows NT 5.1; Trident/4.0; .NET CLR 2.0.50727; .NET CLR 1.1.4322; .NET CLR 3.0.4506.2152; .NET CLR 3.5.30729; .NET4.0C; .NET4.0E; InfoPath.2)"
::1 - - [25/Oct/2012:09:48:40 -0500] "OPTIONS * HTTP/1.0" 200 152 "-" "Apache/2.2.16 (Debian) (internal dummy connection)"
10.34.26.49 - - [25/Oct/2012:09:49:47 -0500] "GET /rails/courses/36 HTTP/1.1" 200 5200 "http://198.163.145.68/rails/courses" "Mozilla/5.0 (Windows NT 6.1) AppleWebKit/537.4 (KHTML, like Gecko) Chrome/22.0.1229.94 Safari/537.4"
10.34.26.49 - - [25/Oct/2012:09:49:47 -0500] "GET /rails/courses/themes/default/style.css HTTP/1.1" 404 829 "http://198.163.145.68/rails/courses/36" "Mozilla/5.0 (Windows NT 6.1) AppleWebKit/537.4 (KHTML, like Gecko) Chrome/22.0.1229.94 Safari/537.4"
10.34.26.49 - - [25/Oct/2012:09:49:47 -0500] "GET /favicon.ico HTTP/1.1" 404 504 "-" "Mozilla/5.0 (Windows NT 6.1) AppleWebKit/537.4 (KHTML, like Gecko) Chrome/22.0.1229.94 Safari/537.4"
10.34.26.49 - - [25/Oct/2012:09:50:09 -0500] "GET /rails/courses/36/edit HTTP/1.1" 200 151203 "http://198.163.145.68/rails/courses/36" "Mozilla/5.0 (Windows NT 6.1) AppleWebKit/537.4 (KHTML, like Gecko) Chrome/22.0.1229.94 Safari/537.4"
10.34.26.49 - - [25/Oct/2012:09:50:18 -0500] "GET /rails/courses/36/themes/default/style.css HTTP/1.1" 404 829 "http://198.163.145.68/rails/courses/36/edit" "Mozilla/5.0 (Windows NT 6.1) AppleWebKit/537.4 (KHTML, like Gecko) Chrome/22.0.1229.94 Safari/537.4"
10.34.26.49 - - [25/Oct/2012:09:50:18 -0500] "GET /favicon.ico HTTP/1.1" 404 504 "-" "Mozilla/5.0 (Windows NT 6.1) AppleWebKit/537.4 (KHTML, like Gecko) Chrome/22.0.1229.94 Safari/537.4"
10.34.26.49 - - [25/Oct/2012:09:50:34 -0500] "GET /favicon.ico HTTP/1.1" 404 505 "-" "Mozilla/5.0 (Windows NT 6.1) AppleWebKit/537.4 (KHTML, like Gecko) Chrome/22.0.1229.94 Safari/537.4"
10.34.26.49 - - [25/Oct/2012:09:50:38 -0500] "GET /favicon.ico HTTP/1.1" 404 504 "-" "Mozilla/5.0 (Windows NT 6.1) AppleWebKit/537.4 (KHTML, like Gecko) Chrome/22.0.1229.94 Safari/537.4"
142.16.22.18 - - [25/Oct/2012:09:50:52 -0500] "GET /rails/courses HTTP/1.1" 304 527 "-" "Mozilla/4.0 (compatible; MSIE 8.0; Windows NT 5.1; Trident/4.0; .NET CLR 2.0.50727; .NET CLR 1.1.4322; .NET CLR 3.0.4506.2152; .NET CLR 3.5.30729; .NET4.0C; .NET4.0E; InfoPath.2)"
142.16.22.18 - - [25/Oct/2012:09:50:57 -0500] "GET /rails/courses/1 HTTP/1.1" 200 7309 "http://198.163.145.68/rails/courses" "Mozilla/4.0 (compatible; MSIE 8.0; Windows NT 5.1; Trident/4.0; .NET CLR 2.0.50727; .NET CLR 1.1.4322; .NET CLR 3.0.4506.2152; .NET CLR 3.5.30729; .NET4.0C; .NET4.0E; InfoPath.2)"
142.16.22.18 - - [25/Oct/2012:09:50:58 -0500] "GET /rails/courses/themes/default/style.css HTTP/1.1" 404 829 "http://198.163.145.68/rails/courses/1" "Mozilla/4.0 (compatible; MSIE 8.0; Windows NT 5.1; Trident/4.0; .NET CLR 2.0.50727; .NET CLR 1.1.4322; .NET CLR 3.0.4506.2152; .NET CLR 3.5.30729; .NET4.0C; .NET4.0E; InfoPath.2)"
142.16.22.18 - - [25/Oct/2012:09:50:58 -0500] "GET /rails/assets/d.png HTTP/1.1" 200 8173 "http://198.163.145.68/rails/courses/1" "Mozilla/4.0 (compatible; MSIE 8.0; Windows NT 5.1; Trident/4.0; .NET CLR 2.0.50727; .NET CLR 1.1.4322; .NET CLR 3.0.4506.2152; .NET CLR 3.5.30729; .NET4.0C; .NET4.0E; InfoPath.2)"
142.16.22.18 - - [25/Oct/2012:09:51:24 -0500] "GET /rails/courses HTTP/1.1" 304 527 "-" "Mozilla/4.0 (compatible; MSIE 8.0; Windows NT 5.1; Trident/4.0; .NET CLR 2.0.50727; .NET CLR 1.1.4322; .NET CLR 3.0.4506.2152; .NET CLR 3.5.30729; .NET4.0C; .NET4.0E; InfoPath.2)"
142.16.22.18 - - [25/Oct/2012:09:51:26 -0500] "GET /rails/courses/29 HTTP/1.1" 200 8107 "http://198.163.145.68/rails/courses" "Mozilla/4.0 (compatible; MSIE 8.0; Windows NT 5.1; Trident/4.0; .NET CLR 2.0.50727; .NET CLR 1.1.4322; .NET CLR 3.0.4506.2152; .NET CLR 3.5.30729; .NET4.0C; .NET4.0E; InfoPath.2)"
142.16.22.18 - - [25/Oct/2012:09:51:27 -0500] "GET /rails/courses/themes/default/style.css HTTP/1.1" 404 829 "http://198.163.145.68/rails/courses/29" "Mozilla/4.0 (compatible; MSIE 8.0; Windows NT 5.1; Trident/4.0; .NET CLR 2.0.50727; .NET CLR 1.1.4322; .NET CLR 3.0.4506.2152; .NET CLR 3.5.30729; .NET4.0C; .NET4.0E; InfoPath.2)"
142.16.22.18 - - [25/Oct/2012:09:51:27 -0500] "GET /rails/assets/d.png HTTP/1.1" 200 8173 "http://198.163.145.68/rails/courses/29" "Mozilla/4.0 (compatible; MSIE 8.0; Windows NT 5.1; Trident/4.0; .NET CLR 2.0.50727; .NET CLR 1.1.4322; .NET CLR 3.0.4506.2152; .NET CLR 3.5.30729; .NET4.0C; .NET4.0E; InfoPath.2)"
10.34.26.27 - - [25/Oct/2012:09:51:55 -0500] "GET /rails/courses HTTP/1.1" 200 3556 "-" "Mozilla/5.0 (Windows NT 6.1) AppleWebKit/537.4 (KHTML, like Gecko) Chrome/22.0.1229.94 Safari/537.4"
10.34.26.27 - - [25/Oct/2012:09:51:56 -0500] "GET /favicon.ico HTTP/1.1" 404 504 "-" "Mozilla/5.0 (Windows NT 6.1) AppleWebKit/537.4 (KHTML, like Gecko) Chrome/22.0.1229.94 Safari/537.4"
10.34.26.27 - - [25/Oct/2012:09:52:03 -0500] "GET /rails/courses/20 HTTP/1.1" 200 4856 "http://198.163.145.68/rails/courses" "Mozilla/5.0 (Windows NT 6.1) AppleWebKit/537.4 (KHTML, like Gecko) Chrome/22.0.1229.94 Safari/537.4"
10.34.26.27 - - [25/Oct/2012:09:52:03 -0500] "GET /rails/courses/themes/default/style.css HTTP/1.1" 404 829 "http://198.163.145.68/rails/courses/20" "Mozilla/5.0 (Windows NT 6.1) AppleWebKit/537.4 (KHTML, like Gecko) Chrome/22.0.1229.94 Safari/537.4"
10.34.26.27 - - [25/Oct/2012:09:52:03 -0500] "GET /rails/assets/d.png HTTP/1.1" 304 221 "http://198.163.145.68/rails/courses/20" "Mozilla/5.0 (Windows NT 6.1) AppleWebKit/537.4 (KHTML, like Gecko) Chrome/22.0.1229.94 Safari/537.4"
10.34.26.27 - - [25/Oct/2012:09:52:03 -0500] "GET /favicon.ico HTTP/1.1" 404 504 "-" "Mozilla/5.0 (Windows NT 6.1) AppleWebKit/537.4 (KHTML, like Gecko) Chrome/22.0.1229.94 Safari/537.4"
8.28.16.254 - - [25/Oct/2012:09:52:05 -0500] "GET /rails/courses/7 HTTP/1.1" 200 18367 "-" "Mozilla/4.0 (compatible; MSIE 7.0; Windows NT 5.1; InfoPath.1; .NET CLR 2.0.50727; .NET CLR 1.1.4322; MS-RTC LM 8; .NET CLR 3.0.4506.2152; .NET CLR 3.5.30729)"
205.200.120.72 - - [25/Oct/2012:09:52:05 -0500] "GET /rails/courses/7 HTTP/1.1" 200 3769 "http://198.163.145.68/rails/courses" "Mozilla/4.0 (compatible; MSIE 8.0; Windows NT 6.1; WOW64; Trident/4.0; SLCC2; .NET CLR 2.0.50727; .NET CLR 3.5.30729; .NET CLR 3.0.30729; InfoPath.2)"
205.200.120.72 - - [25/Oct/2012:09:52:06 -0500] "GET /rails/courses/themes/default/style.css HTTP/1.1" 404 829 "http://198.163.145.68/rails/courses/7" "Mozilla/4.0 (compatible; MSIE 8.0; Windows NT 6.1; WOW64; Trident/4.0; SLCC2; .NET CLR 2.0.50727; .NET CLR 3.5.30729; .NET CLR 3.0.30729; InfoPath.2)"
205.200.120.72 - - [25/Oct/2012:09:52:06 -0500] "GET /rails/assets/d.png HTTP/1.1" 200 8173 "http://198.163.145.68/rails/courses/7" "Mozilla/4.0 (compatible; MSIE 8.0; Windows NT 6.1; WOW64; Trident/4.0; SLCC2; .NET CLR 2.0.50727; .NET CLR 3.5.30729; .NET CLR 3.0.30729; InfoPath.2)"
::1 - - [25/Oct/2012:09:52:24 -0500] "OPTIONS * HTTP/1.0" 200 152 "-" "Apache/2.2.16 (Debian) (internal dummy connection)"
205.200.120.72 - - [25/Oct/2012:09:52:29 -0500] "GET /rails/courses HTTP/1.1" 304 527 "-" "Mozilla/4.0 (compatible; MSIE 8.0; Windows NT 6.1; WOW64; Trident/4.0; SLCC2; .NET CLR 2.0.50727; .NET CLR 3.5.30729; .NET CLR 3.0.30729; InfoPath.2)"
10.34.26.27 - - [25/Oct/2012:09:52:36 -0500] "GET /rails/courses/20 HTTP/1.1" 200 4856 "http://198.163.145.68/rails/courses" "Mozilla/5.0 (Windows NT 6.1) AppleWebKit/537.4 (KHTML, like Gecko) Chrome/22.0.1229.94 Safari/537.4"
10.34.26.27 - - [25/Oct/2012:09:52:36 -0500] "GET /rails/assets/application-17edb1a16d1c4432b8b57022998f8aa5.css HTTP/1.1" 304 237 "http://198.163.145.68/rails/courses/20" "Mozilla/5.0 (Windows NT 6.1) AppleWebKit/537.4 (KHTML, like Gecko) Chrome/22.0.1229.94 Safari/537.4"
10.34.26.27 - - [25/Oct/2012:09:52:36 -0500] "GET /rails/assets/print-8ddd96b118e54a74a6d982eecf09cff7.css HTTP/1.1" 304 237 "http://198.163.145.68/rails/courses/20" "Mozilla/5.0 (Windows NT 6.1) AppleWebKit/537.4 (KHTML, like Gecko) Chrome/22.0.1229.94 Safari/537.4"
10.34.26.27 - - [25/Oct/2012:09:52:36 -0500] "GET /favicon.ico HTTP/1.1" 404 504 "-" "Mozilla/5.0 (Windows NT 6.1) AppleWebKit/537.4 (KHTML, like Gecko) Chrome/22.0.1229.94 Safari/537.4"
8.28.16.254 - - [25/Oct/2012:09:52:38 -0500] "GET /rails/courses/2 HTTP/1.1" 200 44059 "-" "Mozilla/4.0 (compatible; MSIE 7.0; Windows NT 5.1; InfoPath.1; .NET CLR 2.0.50727; .NET CLR 1.1.4322; MS-RTC LM 8; .NET CLR 3.0.4506.2152; .NET CLR 3.5.30729)"
205.200.120.72 - - [25/Oct/2012:09:52:38 -0500] "GET /rails/courses/2 HTTP/1.1" 200 5425 "http://198.163.145.68/rails/courses" "Mozilla/4.0 (compatible; MSIE 8.0; Windows NT 6.1; WOW64; Trident/4.0; SLCC2; .NET CLR 2.0.50727; .NET CLR 3.5.30729; .NET CLR 3.0.30729; InfoPath.2)"
205.200.120.72 - - [25/Oct/2012:09:52:39 -0500] "GET /rails/courses/themes/default/style.css HTTP/1.1" 404 829 "http://198.163.145.68/rails/courses/2" "Mozilla/4.0 (compatible; MSIE 8.0; Windows NT 6.1; WOW64; Trident/4.0; SLCC2; .NET CLR 2.0.50727; .NET CLR 3.5.30729; .NET CLR 3.0.30729; InfoPath.2)"
205.200.120.72 - - [25/Oct/2012:09:52:39 -0500] "GET /rails/assets/d.png HTTP/1.1" 200 8173 "http://198.163.145.68/rails/courses/2" "Mozilla/4.0 (compatible; MSIE 8.0; Windows NT 6.1; WOW64; Trident/4.0; SLCC2; .NET CLR 2.0.50727; .NET CLR 3.5.30729; .NET CLR 3.0.30729; InfoPath.2)"
::1 - - [25/Oct/2012:09:52:54 -0500] "OPTIONS * HTTP/1.0" 200 152 "-" "Apache/2.2.16 (Debian) (internal dummy connection)"
::1 - - [25/Oct/2012:09:52:57 -0500] "OPTIONS * HTTP/1.0" 200 152 "-" "Apache/2.2.16 (Debian) (internal dummy connection)"
::1 - - [25/Oct/2012:09:52:58 -0500] "OPTIONS * HTTP/1.0" 200 152 "-" "Apache/2.2.16 (Debian) (internal dummy connection)"
142.16.22.18 - - [25/Oct/2012:09:53:31 -0500] "GET /rails/courses HTTP/1.1" 304 527 "-" "Mozilla/4.0 (compatible; MSIE 8.0; Windows NT 5.1; Trident/4.0; .NET CLR 2.0.50727; .NET CLR 1.1.4322; .NET CLR 3.0.4506.2152; .NET CLR 3.5.30729; .NET4.0C; .NET4.0E; InfoPath.2)"
142.16.22.18 - - [25/Oct/2012:09:53:40 -0500] "GET /rails/courses/24 HTTP/1.1" 200 4558 "http://198.163.145.68/rails/courses" "Mozilla/4.0 (compatible; MSIE 8.0; Windows NT 5.1; Trident/4.0; .NET CLR 2.0.50727; .NET CLR 1.1.4322; .NET CLR 3.0.4506.2152; .NET CLR 3.5.30729; .NET4.0C; .NET4.0E; InfoPath.2)"
142.16.22.18 - - [25/Oct/2012:09:53:41 -0500] "GET /rails/courses/themes/default/style.css HTTP/1.1" 404 829 "http://198.163.145.68/rails/courses/24" "Mozilla/4.0 (compatible; MSIE 8.0; Windows NT 5.1; Trident/4.0; .NET CLR 2.0.50727; .NET CLR 1.1.4322; .NET CLR 3.0.4506.2152; .NET CLR 3.5.30729; .NET4.0C; .NET4.0E; InfoPath.2)"
142.16.22.18 - - [25/Oct/2012:09:53:41 -0500] "GET /rails/assets/d.png HTTP/1.1" 200 8173 "http://198.163.145.68/rails/courses/24" "Mozilla/4.0 (compatible; MSIE 8.0; Windows NT 5.1; Trident/4.0; .NET CLR 2.0.50727; .NET CLR 1.1.4322; .NET CLR 3.0.4506.2152; .NET CLR 3.5.30729; .NET4.0C; .NET4.0E; InfoPath.2)"
142.16.22.18 - - [25/Oct/2012:09:53:45 -0500] "GET /rails/courses HTTP/1.1" 304 526 "-" "Mozilla/4.0 (compatible; MSIE 8.0; Windows NT 5.1; Trident/4.0; .NET CLR 2.0.50727; .NET CLR 1.1.4322; .NET CLR 3.0.4506.2152; .NET CLR 3.5.30729; .NET4.0C; .NET4.0E; InfoPath.2)"
142.16.22.18 - - [25/Oct/2012:09:54:12 -0500] "GET /rails/courses/3 HTTP/1.1" 200 6332 "http://198.163.145.68/rails/courses" "Mozilla/4.0 (compatible; MSIE 8.0; Windows NT 5.1; Trident/4.0; .NET CLR 2.0.50727; .NET CLR 1.1.4322; .NET CLR 3.0.4506.2152; .NET CLR 3.5.30729; .NET4.0C; .NET4.0E; InfoPath.2)"
142.16.22.18 - - [25/Oct/2012:09:54:13 -0500] "GET /rails/courses/themes/default/style.css HTTP/1.1" 404 829 "http://198.163.145.68/rails/courses/3" "Mozilla/4.0 (compatible; MSIE 8.0; Windows NT 5.1; Trident/4.0; .NET CLR 2.0.50727; .NET CLR 1.1.4322; .NET CLR 3.0.4506.2152; .NET CLR 3.5.30729; .NET4.0C; .NET4.0E; InfoPath.2)"
142.16.22.18 - - [25/Oct/2012:09:54:13 -0500] "GET /rails/assets/d.png HTTP/1.1" 200 8173 "http://198.163.145.68/rails/courses/3" "Mozilla/4.0 (compatible; MSIE 8.0; Windows NT 5.1; Trident/4.0; .NET CLR 2.0.50727; .NET CLR 1.1.4322; .NET CLR 3.0.4506.2152; .NET CLR 3.5.30729; .NET4.0C; .NET4.0E; InfoPath.2)"
10.34.26.49 - - [25/Oct/2012:09:54:41 -0500] "GET /favicon.ico HTTP/1.1" 404 505 "-" "Mozilla/5.0 (Windows NT 6.1) AppleWebKit/537.4 (KHTML, like Gecko) Chrome/22.0.1229.94 Safari/537.4"
10.34.26.49 - - [25/Oct/2012:09:54:44 -0500] "GET /favicon.ico HTTP/1.1" 404 504 "-" "Mozilla/5.0 (Windows NT 6.1) AppleWebKit/537.4 (KHTML, like Gecko) Chrome/22.0.1229.94 Safari/537.4"
10.34.26.49 - - [25/Oct/2012:09:55:04 -0500] "GET /rails/outcomes/2689/edit HTTP/1.1" 200 3141 "http://198.163.145.68/rails/courses/36/edit" "Mozilla/5.0 (Windows NT 6.1) AppleWebKit/537.4 (KHTML, like Gecko) Chrome/22.0.1229.94 Safari/537.4"
10.34.26.49 - - [25/Oct/2012:09:55:04 -0500] "GET /favicon.ico HTTP/1.1" 404 504 "-" "Mozilla/5.0 (Windows NT 6.1) AppleWebKit/537.4 (KHTML, like Gecko) Chrome/22.0.1229.94 Safari/537.4"
142.16.22.18 - - [25/Oct/2012:09:55:11 -0500] "GET /rails/courses HTTP/1.1" 304 527 "-" "Mozilla/4.0 (compatible; MSIE 8.0; Windows NT 5.1; Trident/4.0; .NET CLR 2.0.50727; .NET CLR 1.1.4322; .NET CLR 3.0.4506.2152; .NET CLR 3.5.30729; .NET4.0C; .NET4.0E; InfoPath.2)"
142.16.22.18 - - [25/Oct/2012:09:55:14 -0500] "GET /rails/courses/19 HTTP/1.1" 200 8582 "http://198.163.145.68/rails/courses" "Mozilla/4.0 (compatible; MSIE 8.0; Windows NT 5.1; Trident/4.0; .NET CLR 2.0.50727; .NET CLR 1.1.4322; .NET CLR 3.0.4506.2152; .NET CLR 3.5.30729; .NET4.0C; .NET4.0E; InfoPath.2)"
142.16.22.18 - - [25/Oct/2012:09:55:15 -0500] "GET /rails/courses/themes/default/style.css HTTP/1.1" 404 829 "http://198.163.145.68/rails/courses/19" "Mozilla/4.0 (compatible; MSIE 8.0; Windows NT 5.1; Trident/4.0; .NET CLR 2.0.50727; .NET CLR 1.1.4322; .NET CLR 3.0.4506.2152; .NET CLR 3.5.30729; .NET4.0C; .NET4.0E; InfoPath.2)"
142.16.22.18 - - [25/Oct/2012:09:55:15 -0500] "GET /rails/assets/d.png HTTP/1.1" 200 8173 "http://198.163.145.68/rails/courses/19" "Mozilla/4.0 (compatible; MSIE 8.0; Windows NT 5.1; Trident/4.0; .NET CLR 2.0.50727; .NET CLR 1.1.4322; .NET CLR 3.0.4506.2152; .NET CLR 3.5.30729; .NET4.0C; .NET4.0E; InfoPath.2)"
10.34.26.49 - - [25/Oct/2012:09:55:38 -0500] "GET /rails/courses/36/themes/default/style.css HTTP/1.1" 404 830 "http://198.163.145.68/rails/courses/36/edit" "Mozilla/5.0 (Windows NT 6.1) AppleWebKit/537.4 (KHTML, like Gecko) Chrome/22.0.1229.94 Safari/537.4"
10.34.26.49 - - [25/Oct/2012:09:55:38 -0500] "GET /favicon.ico HTTP/1.1" 404 504 "-" "Mozilla/5.0 (Windows NT 6.1) AppleWebKit/537.4 (KHTML, like Gecko) Chrome/22.0.1229.94 Safari/537.4"
10.34.26.49 - - [25/Oct/2012:09:56:02 -0500] "GET /favicon.ico HTTP/1.1" 404 505 "-" "Mozilla/5.0 (Windows NT 6.1) AppleWebKit/537.4 (KHTML, like Gecko) Chrome/22.0.1229.94 Safari/537.4"
10.34.26.49 - - [25/Oct/2012:09:56:04 -0500] "GET /favicon.ico HTTP/1.1" 404 504 "-" "Mozilla/5.0 (Windows NT 6.1) AppleWebKit/537.4 (KHTML, like Gecko) Chrome/22.0.1229.94 Safari/537.4"
10.34.26.49 - - [25/Oct/2012:09:56:06 -0500] "GET /favicon.ico HTTP/1.1" 404 504 "-" "Mozilla/5.0 (Windows NT 6.1) AppleWebKit/537.4 (KHTML, like Gecko) Chrome/22.0.1229.94 Safari/537.4"
10.34.26.49 - - [25/Oct/2012:09:56:07 -0500] "GET /favicon.ico HTTP/1.1" 404 504 "-" "Mozilla/5.0 (Windows NT 6.1) AppleWebKit/537.4 (KHTML, like Gecko) Chrome/22.0.1229.94 Safari/537.4"
10.34.26.49 - - [25/Oct/2012:09:56:09 -0500] "GET /rails/courses HTTP/1.1" 304 526 "http://198.163.145.68/rails/courses/36/edit" "Mozilla/5.0 (Windows NT 6.1) AppleWebKit/537.4 (KHTML, like Gecko) Chrome/22.0.1229.94 Safari/537.4"
10.34.26.49 - - [25/Oct/2012:09:56:09 -0500] "GET /favicon.ico HTTP/1.1" 404 504 "-" "Mozilla/5.0 (Windows NT 6.1) AppleWebKit/537.4 (KHTML, like Gecko) Chrome/22.0.1229.94 Safari/537.4"
