10.34.26.40 - - [23/Oct/2012:13:30:26 -0500] "GET /rails_jody/courses/25 HTTP/1.1" 200 12036 "-" "Mozilla/5.0 (Windows NT 6.1; WOW64) AppleWebKit/537.4 (KHTML, like Gecko) Chrome/22.0.1229.94 Safari/537.4"
10.34.26.40 - - [23/Oct/2012:13:30:28 -0500] "GET /favicon.ico HTTP/1.1" 404 504 "-" "Mozilla/5.0 (Windows NT 6.1; WOW64) AppleWebKit/537.4 (KHTML, like Gecko) Chrome/22.0.1229.94 Safari/537.4"
::1 - - [23/Oct/2012:13:30:45 -0500] "OPTIONS * HTTP/1.0" 200 152 "-" "Apache/2.2.16 (Debian) (internal dummy connection)"
10.34.26.40 - - [23/Oct/2012:13:31:29 -0500] "GET /rails/courses/themes/default/style.css HTTP/1.1" 404 830 "http://198.163.145.68/rails/courses/25" "Mozilla/5.0 (Windows NT 6.1; WOW64) AppleWebKit/537.4 (KHTML, like Gecko) Chrome/22.0.1229.94 Safari/537.4"
10.34.26.40 - - [23/Oct/2012:13:31:29 -0500] "GET /favicon.ico HTTP/1.1" 404 504 "-" "Mozilla/5.0 (Windows NT 6.1; WOW64) AppleWebKit/537.4 (KHTML, like Gecko) Chrome/22.0.1229.94 Safari/537.4"
10.34.26.40 - - [23/Oct/2012:13:31:32 -0500] "GET /favicon.ico HTTP/1.1" 404 504 "-" "Mozilla/5.0 (Windows NT 6.1; WOW64) AppleWebKit/537.4 (KHTML, like Gecko) Chrome/22.0.1229.94 Safari/537.4"
10.34.26.40 - - [23/Oct/2012:13:31:34 -0500] "GET /rails_jody/courses HTTP/1.1" 200 3646 "http://198.163.145.68/rails_jody/courses/25" "Mozilla/5.0 (Windows NT 6.1; WOW64) AppleWebKit/537.4 (KHTML, like Gecko) Chrome/22.0.1229.94 Safari/537.4"
10.34.26.40 - - [23/Oct/2012:13:31:34 -0500] "GET /favicon.ico HTTP/1.1" 404 504 "-" "Mozilla/5.0 (Windows NT 6.1; WOW64) AppleWebKit/537.4 (KHTML, like Gecko) Chrome/22.0.1229.94 Safari/537.4"
10.34.26.40 - - [23/Oct/2012:13:31:39 -0500] "GET /rails_jody/outcomes HTTP/1.1" 200 110288 "http://198.163.145.68/rails_jody/courses" "Mozilla/5.0 (Windows NT 6.1; WOW64) AppleWebKit/537.4 (KHTML, like Gecko) Chrome/22.0.1229.94 Safari/537.4"
10.34.26.40 - - [23/Oct/2012:13:31:50 -0500] "GET /favicon.ico HTTP/1.1" 404 504 "-" "Mozilla/5.0 (Windows NT 6.1; WOW64) AppleWebKit/537.4 (KHTML, like Gecko) Chrome/22.0.1229.94 Safari/537.4"
10.34.26.40 - - [23/Oct/2012:13:31:57 -0500] "GET /rails_jody/outcomes/814 HTTP/1.1" 200 1807 "http://198.163.145.68/rails_jody/outcomes" "Mozilla/5.0 (Windows NT 6.1; WOW64) AppleWebKit/537.4 (KHTML, like Gecko) Chrome/22.0.1229.94 Safari/537.4"
10.34.26.40 - - [23/Oct/2012:13:31:57 -0500] "GET /favicon.ico HTTP/1.1" 404 504 "-" "Mozilla/5.0 (Windows NT 6.1; WOW64) AppleWebKit/537.4 (KHTML, like Gecko) Chrome/22.0.1229.94 Safari/537.4"
10.34.26.40 - - [23/Oct/2012:13:32:01 -0500] "GET /rails_jody/courses/8 HTTP/1.1" 200 5804 "http://198.163.145.68/rails_jody/outcomes/814" "Mozilla/5.0 (Windows NT 6.1; WOW64) AppleWebKit/537.4 (KHTML, like Gecko) Chrome/22.0.1229.94 Safari/537.4"
10.34.26.40 - - [23/Oct/2012:13:32:02 -0500] "GET /favicon.ico HTTP/1.1" 404 504 "-" "Mozilla/5.0 (Windows NT 6.1; WOW64) AppleWebKit/537.4 (KHTML, like Gecko) Chrome/22.0.1229.94 Safari/537.4"
10.34.26.40 - - [23/Oct/2012:13:32:17 -0500] "GET /favicon.ico HTTP/1.1" 404 505 "-" "Mozilla/5.0 (Windows NT 6.1; WOW64) AppleWebKit/537.4 (KHTML, like Gecko) Chrome/22.0.1229.94 Safari/537.4"
10.34.26.40 - - [23/Oct/2012:13:32:24 -0500] "GET /favicon.ico HTTP/1.1" 404 504 "-" "Mozilla/5.0 (Windows NT 6.1; WOW64) AppleWebKit/537.4 (KHTML, like Gecko) Chrome/22.0.1229.94 Safari/537.4"
10.34.26.40 - - [23/Oct/2012:13:32:34 -0500] "GET /rails_jody/outcomes/new?parent_id=2182 HTTP/1.1" 200 2279 "http://198.163.145.68/rails_jody/outcomes" "Mozilla/5.0 (Windows NT 6.1; WOW64) AppleWebKit/537.4 (KHTML, like Gecko) Chrome/22.0.1229.94 Safari/537.4"
10.34.26.40 - - [23/Oct/2012:13:32:34 -0500] "GET /favicon.ico HTTP/1.1" 404 504 "-" "Mozilla/5.0 (Windows NT 6.1; WOW64) AppleWebKit/537.4 (KHTML, like Gecko) Chrome/22.0.1229.94 Safari/537.4"
10.34.26.40 - - [23/Oct/2012:13:32:39 -0500] "GET /favicon.ico HTTP/1.1" 404 504 "-" "Mozilla/5.0 (Windows NT 6.1; WOW64) AppleWebKit/537.4 (KHTML, like Gecko) Chrome/22.0.1229.94 Safari/537.4"
10.34.26.40 - - [23/Oct/2012:13:32:44 -0500] "GET /rails_jody/outcomes/2182 HTTP/1.1" 200 2231 "http://198.163.145.68/rails_jody/outcomes" "Mozilla/5.0 (Windows NT 6.1; WOW64) AppleWebKit/537.4 (KHTML, like Gecko) Chrome/22.0.1229.94 Safari/537.4"
10.34.26.40 - - [23/Oct/2012:13:32:45 -0500] "GET /favicon.ico HTTP/1.1" 404 504 "-" "Mozilla/5.0 (Windows NT 6.1; WOW64) AppleWebKit/537.4 (KHTML, like Gecko) Chrome/22.0.1229.94 Safari/537.4"
10.34.26.40 - - [23/Oct/2012:13:32:47 -0500] "GET /rails_jody/courses/28 HTTP/1.1" 200 5355 "http://198.163.145.68/rails_jody/outcomes/2182" "Mozilla/5.0 (Windows NT 6.1; WOW64) AppleWebKit/537.4 (KHTML, like Gecko) Chrome/22.0.1229.94 Safari/537.4"
10.34.26.40 - - [23/Oct/2012:13:32:48 -0500] "GET /favicon.ico HTTP/1.1" 404 504 "-" "Mozilla/5.0 (Windows NT 6.1; WOW64) AppleWebKit/537.4 (KHTML, like Gecko) Chrome/22.0.1229.94 Safari/537.4"
10.34.26.40 - - [23/Oct/2012:13:35:14 -0500] "GET /favicon.ico HTTP/1.1" 404 505 "-" "Mozilla/5.0 (Windows NT 6.1; WOW64) AppleWebKit/537.4 (KHTML, like Gecko) Chrome/22.0.1229.94 Safari/537.4"
10.34.26.40 - - [23/Oct/2012:13:37:01 -0500] "GET /rails_jody/assets/jstree/themes/default/style.css HTTP/1.1" 304 180 "http://198.163.145.68/rails_jody/courses/28" "Mozilla/5.0 (Windows NT 6.1; WOW64) AppleWebKit/537.4 (KHTML, like Gecko) Chrome/22.0.1229.94 Safari/537.4"
10.34.26.40 - - [23/Oct/2012:13:37:01 -0500] "GET /favicon.ico HTTP/1.1" 404 504 "-" "Mozilla/5.0 (Windows NT 6.1; WOW64) AppleWebKit/537.4 (KHTML, like Gecko) Chrome/22.0.1229.94 Safari/537.4"
10.34.26.40 - - [23/Oct/2012:13:37:01 -0500] "GET /rails_jody/assets/jstree/themes/default/d.png HTTP/1.1" 304 180 "http://198.163.145.68/rails_jody/courses/28" "Mozilla/5.0 (Windows NT 6.1; WOW64) AppleWebKit/537.4 (KHTML, like Gecko) Chrome/22.0.1229.94 Safari/537.4"
10.34.26.40 - - [23/Oct/2012:13:37:24 -0500] "GET /favicon.ico HTTP/1.1" 404 505 "-" "Mozilla/5.0 (Windows NT 6.1; WOW64) AppleWebKit/537.4 (KHTML, like Gecko) Chrome/22.0.1229.94 Safari/537.4"
10.34.26.40 - - [23/Oct/2012:13:39:21 -0500] "GET /rails_jody/courses/28 HTTP/1.1" 200 5354 "http://198.163.145.68/rails_jody/outcomes/2182" "Mozilla/5.0 (Windows NT 6.1; WOW64) AppleWebKit/537.4 (KHTML, like Gecko) Chrome/22.0.1229.94 Safari/537.4"
10.34.26.40 - - [23/Oct/2012:13:39:22 -0500] "GET /rails_jody/assets/application.css?body=1 HTTP/1.1" 200 701 "http://198.163.145.68/rails_jody/courses/28" "Mozilla/5.0 (Windows NT 6.1; WOW64) AppleWebKit/537.4 (KHTML, like Gecko) Chrome/22.0.1229.94 Safari/537.4"
10.34.26.40 - - [23/Oct/2012:13:39:22 -0500] "GET /rails_jody/assets/base.css?body=1 HTTP/1.1" 304 180 "http://198.163.145.68/rails_jody/courses/28" "Mozilla/5.0 (Windows NT 6.1; WOW64) AppleWebKit/537.4 (KHTML, like Gecko) Chrome/22.0.1229.94 Safari/537.4"
10.34.26.40 - - [23/Oct/2012:13:39:22 -0500] "GET /rails_jody/assets/print.css?body=1 HTTP/1.1" 200 629 "http://198.163.145.68/rails_jody/courses/28" "Mozilla/5.0 (Windows NT 6.1; WOW64) AppleWebKit/537.4 (KHTML, like Gecko) Chrome/22.0.1229.94 Safari/537.4"
10.34.26.40 - - [23/Oct/2012:13:39:22 -0500] "GET /rails_jody/assets/style.css?body=1 HTTP/1.1" 304 180 "http://198.163.145.68/rails_jody/courses/28" "Mozilla/5.0 (Windows NT 6.1; WOW64) AppleWebKit/537.4 (KHTML, like Gecko) Chrome/22.0.1229.94 Safari/537.4"
10.34.26.40 - - [23/Oct/2012:13:39:22 -0500] "GET /rails_jody/assets/jquery_ujs.js?body=1 HTTP/1.1" 304 180 "http://198.163.145.68/rails_jody/courses/28" "Mozilla/5.0 (Windows NT 6.1; WOW64) AppleWebKit/537.4 (KHTML, like Gecko) Chrome/22.0.1229.94 Safari/537.4"
10.34.26.40 - - [23/Oct/2012:13:39:22 -0500] "GET /rails_jody/assets/jstree/jquery.jstree.js?body=1 HTTP/1.1" 304 179 "http://198.163.145.68/rails_jody/courses/28" "Mozilla/5.0 (Windows NT 6.1; WOW64) AppleWebKit/537.4 (KHTML, like Gecko) Chrome/22.0.1229.94 Safari/537.4"
10.34.26.40 - - [23/Oct/2012:13:39:22 -0500] "GET /rails_jody/assets/bootstrap-alerts.js?body=1 HTTP/1.1" 304 179 "http://198.163.145.68/rails_jody/courses/28" "Mozilla/5.0 (Windows NT 6.1; WOW64) AppleWebKit/537.4 (KHTML, like Gecko) Chrome/22.0.1229.94 Safari/537.4"
10.34.26.40 - - [23/Oct/2012:13:39:22 -0500] "GET /rails_jody/assets/application.js?body=1 HTTP/1.1" 304 179 "http://198.163.145.68/rails_jody/courses/28" "Mozilla/5.0 (Windows NT 6.1; WOW64) AppleWebKit/537.4 (KHTML, like Gecko) Chrome/22.0.1229.94 Safari/537.4"
10.34.26.40 - - [23/Oct/2012:13:39:22 -0500] "GET /rails_jody/assets/bootstrap-base.css?body=1 HTTP/1.1" 304 180 "http://198.163.145.68/rails_jody/courses/28" "Mozilla/5.0 (Windows NT 6.1; WOW64) AppleWebKit/537.4 (KHTML, like Gecko) Chrome/22.0.1229.94 Safari/537.4"
10.34.26.40 - - [23/Oct/2012:13:39:22 -0500] "GET /rails_jody/assets/jstree_custom_menu.js?body=1 HTTP/1.1" 304 179 "http://198.163.145.68/rails_jody/courses/28" "Mozilla/5.0 (Windows NT 6.1; WOW64) AppleWebKit/537.4 (KHTML, like Gecko) Chrome/22.0.1229.94 Safari/537.4"
10.34.26.40 - - [23/Oct/2012:13:39:23 -0500] "GET /favicon.ico HTTP/1.1" 404 504 "-" "Mozilla/5.0 (Windows NT 6.1; WOW64) AppleWebKit/537.4 (KHTML, like Gecko) Chrome/22.0.1229.94 Safari/537.4"
10.34.26.40 - - [23/Oct/2012:13:39:23 -0500] "GET /rails_jody/assets/jstree/themes/default/style.css HTTP/1.1" 304 179 "http://198.163.145.68/rails_jody/courses/28" "Mozilla/5.0 (Windows NT 6.1; WOW64) AppleWebKit/537.4 (KHTML, like Gecko) Chrome/22.0.1229.94 Safari/537.4"
::1 - - [23/Oct/2012:13:39:40 -0500] "OPTIONS * HTTP/1.0" 200 152 "-" "Apache/2.2.16 (Debian) (internal dummy connection)"
10.34.26.40 - - [23/Oct/2012:13:39:48 -0500] "GET /rails_jody/courses/28 HTTP/1.1" 200 5355 "-" "Mozilla/5.0 (Windows NT 6.1; WOW64) AppleWebKit/537.4 (KHTML, like Gecko) Chrome/22.0.1229.94 Safari/537.4"
10.34.26.40 - - [23/Oct/2012:13:39:48 -0500] "GET /rails_jody/assets/base.css?body=1 HTTP/1.1" 304 180 "http://198.163.145.68/rails_jody/courses/28" "Mozilla/5.0 (Windows NT 6.1; WOW64) AppleWebKit/537.4 (KHTML, like Gecko) Chrome/22.0.1229.94 Safari/537.4"
10.34.26.40 - - [23/Oct/2012:13:39:48 -0500] "GET /rails_jody/assets/bootstrap-base.css?body=1 HTTP/1.1" 304 180 "http://198.163.145.68/rails_jody/courses/28" "Mozilla/5.0 (Windows NT 6.1; WOW64) AppleWebKit/537.4 (KHTML, like Gecko) Chrome/22.0.1229.94 Safari/537.4"
10.34.26.40 - - [23/Oct/2012:13:39:48 -0500] "GET /rails_jody/assets/application.css?body=1 HTTP/1.1" 200 701 "http://198.163.145.68/rails_jody/courses/28" "Mozilla/5.0 (Windows NT 6.1; WOW64) AppleWebKit/537.4 (KHTML, like Gecko) Chrome/22.0.1229.94 Safari/537.4"
10.34.26.40 - - [23/Oct/2012:13:39:48 -0500] "GET /rails_jody/assets/style.css?body=1 HTTP/1.1" 304 180 "http://198.163.145.68/rails_jody/courses/28" "Mozilla/5.0 (Windows NT 6.1; WOW64) AppleWebKit/537.4 (KHTML, like Gecko) Chrome/22.0.1229.94 Safari/537.4"
10.34.26.40 - - [23/Oct/2012:13:39:48 -0500] "GET /rails_jody/assets/print.css?body=1 HTTP/1.1" 200 632 "http://198.163.145.68/rails_jody/courses/28" "Mozilla/5.0 (Windows NT 6.1; WOW64) AppleWebKit/537.4 (KHTML, like Gecko) Chrome/22.0.1229.94 Safari/537.4"
10.34.26.40 - - [23/Oct/2012:13:39:48 -0500] "GET /rails_jody/assets/jstree/jquery.jstree.js?body=1 HTTP/1.1" 304 179 "http://198.163.145.68/rails_jody/courses/28" "Mozilla/5.0 (Windows NT 6.1; WOW64) AppleWebKit/537.4 (KHTML, like Gecko) Chrome/22.0.1229.94 Safari/537.4"
10.34.26.40 - - [23/Oct/2012:13:39:48 -0500] "GET /rails_jody/assets/jstree_custom_menu.js?body=1 HTTP/1.1" 304 179 "http://198.163.145.68/rails_jody/courses/28" "Mozilla/5.0 (Windows NT 6.1; WOW64) AppleWebKit/537.4 (KHTML, like Gecko) Chrome/22.0.1229.94 Safari/537.4"
10.34.26.40 - - [23/Oct/2012:13:39:48 -0500] "GET /rails_jody/assets/bootstrap-alerts.js?body=1 HTTP/1.1" 304 179 "http://198.163.145.68/rails_jody/courses/28" "Mozilla/5.0 (Windows NT 6.1; WOW64) AppleWebKit/537.4 (KHTML, like Gecko) Chrome/22.0.1229.94 Safari/537.4"
10.34.26.40 - - [23/Oct/2012:13:39:48 -0500] "GET /rails_jody/assets/application.js?body=1 HTTP/1.1" 304 179 "http://198.163.145.68/rails_jody/courses/28" "Mozilla/5.0 (Windows NT 6.1; WOW64) AppleWebKit/537.4 (KHTML, like Gecko) Chrome/22.0.1229.94 Safari/537.4"
10.34.26.40 - - [23/Oct/2012:13:39:48 -0500] "GET /rails_jody/assets/jquery_ujs.js?body=1 HTTP/1.1" 304 180 "http://198.163.145.68/rails_jody/courses/28" "Mozilla/5.0 (Windows NT 6.1; WOW64) AppleWebKit/537.4 (KHTML, like Gecko) Chrome/22.0.1229.94 Safari/537.4"
10.34.26.40 - - [23/Oct/2012:13:39:49 -0500] "GET /rails_jody/assets/jstree/themes/default/style.css HTTP/1.1" 304 179 "http://198.163.145.68/rails_jody/courses/28" "Mozilla/5.0 (Windows NT 6.1; WOW64) AppleWebKit/537.4 (KHTML, like Gecko) Chrome/22.0.1229.94 Safari/537.4"
10.34.26.40 - - [23/Oct/2012:13:39:49 -0500] "GET /favicon.ico HTTP/1.1" 404 504 "-" "Mozilla/5.0 (Windows NT 6.1; WOW64) AppleWebKit/537.4 (KHTML, like Gecko) Chrome/22.0.1229.94 Safari/537.4"
::1 - - [23/Oct/2012:13:40:06 -0500] "OPTIONS * HTTP/1.0" 200 152 "-" "Apache/2.2.16 (Debian) (internal dummy connection)"
10.34.26.40 - - [23/Oct/2012:13:40:24 -0500] "GET /rails_jody/courses/28 HTTP/1.1" 200 5355 "-" "Mozilla/5.0 (Windows NT 6.1; WOW64) AppleWebKit/537.4 (KHTML, like Gecko) Chrome/22.0.1229.94 Safari/537.4"
10.34.26.40 - - [23/Oct/2012:13:40:24 -0500] "GET /rails_jody/assets/jquery_ujs.js?body=1 HTTP/1.1" 304 180 "http://198.163.145.68/rails_jody/courses/28" "Mozilla/5.0 (Windows NT 6.1; WOW64) AppleWebKit/537.4 (KHTML, like Gecko) Chrome/22.0.1229.94 Safari/537.4"
10.34.26.40 - - [23/Oct/2012:13:40:24 -0500] "GET /rails_jody/assets/application.css?body=1 HTTP/1.1" 200 701 "http://198.163.145.68/rails_jody/courses/28" "Mozilla/5.0 (Windows NT 6.1; WOW64) AppleWebKit/537.4 (KHTML, like Gecko) Chrome/22.0.1229.94 Safari/537.4"
10.34.26.40 - - [23/Oct/2012:13:40:24 -0500] "GET /rails_jody/assets/style.css?body=1 HTTP/1.1" 304 180 "http://198.163.145.68/rails_jody/courses/28" "Mozilla/5.0 (Windows NT 6.1; WOW64) AppleWebKit/537.4 (KHTML, like Gecko) Chrome/22.0.1229.94 Safari/537.4"
10.34.26.40 - - [23/Oct/2012:13:40:24 -0500] "GET /rails_jody/assets/jstree/jquery.jstree.js?body=1 HTTP/1.1" 304 179 "http://198.163.145.68/rails_jody/courses/28" "Mozilla/5.0 (Windows NT 6.1; WOW64) AppleWebKit/537.4 (KHTML, like Gecko) Chrome/22.0.1229.94 Safari/537.4"
10.34.26.40 - - [23/Oct/2012:13:40:24 -0500] "GET /rails_jody/assets/print.css?body=1 HTTP/1.1" 200 634 "http://198.163.145.68/rails_jody/courses/28" "Mozilla/5.0 (Windows NT 6.1; WOW64) AppleWebKit/537.4 (KHTML, like Gecko) Chrome/22.0.1229.94 Safari/537.4"
10.34.26.40 - - [23/Oct/2012:13:40:24 -0500] "GET /rails_jody/assets/bootstrap-base.css?body=1 HTTP/1.1" 304 180 "http://198.163.145.68/rails_jody/courses/28" "Mozilla/5.0 (Windows NT 6.1; WOW64) AppleWebKit/537.4 (KHTML, like Gecko) Chrome/22.0.1229.94 Safari/537.4"
10.34.26.40 - - [23/Oct/2012:13:40:24 -0500] "GET /rails_jody/assets/bootstrap-alerts.js?body=1 HTTP/1.1" 304 179 "http://198.163.145.68/rails_jody/courses/28" "Mozilla/5.0 (Windows NT 6.1; WOW64) AppleWebKit/537.4 (KHTML, like Gecko) Chrome/22.0.1229.94 Safari/537.4"
10.34.26.40 - - [23/Oct/2012:13:40:24 -0500] "GET /rails_jody/assets/jstree_custom_menu.js?body=1 HTTP/1.1" 304 179 "http://198.163.145.68/rails_jody/courses/28" "Mozilla/5.0 (Windows NT 6.1; WOW64) AppleWebKit/537.4 (KHTML, like Gecko) Chrome/22.0.1229.94 Safari/537.4"
10.34.26.40 - - [23/Oct/2012:13:40:24 -0500] "GET /rails_jody/assets/application.js?body=1 HTTP/1.1" 304 179 "http://198.163.145.68/rails_jody/courses/28" "Mozilla/5.0 (Windows NT 6.1; WOW64) AppleWebKit/537.4 (KHTML, like Gecko) Chrome/22.0.1229.94 Safari/537.4"
10.34.26.40 - - [23/Oct/2012:13:40:24 -0500] "GET /rails_jody/assets/base.css?body=1 HTTP/1.1" 304 180 "http://198.163.145.68/rails_jody/courses/28" "Mozilla/5.0 (Windows NT 6.1; WOW64) AppleWebKit/537.4 (KHTML, like Gecko) Chrome/22.0.1229.94 Safari/537.4"
10.34.26.40 - - [23/Oct/2012:13:40:25 -0500] "GET /rails_jody/assets/jstree/themes/default/style.css HTTP/1.1" 304 179 "http://198.163.145.68/rails_jody/courses/28" "Mozilla/5.0 (Windows NT 6.1; WOW64) AppleWebKit/537.4 (KHTML, like Gecko) Chrome/22.0.1229.94 Safari/537.4"
10.34.26.40 - - [23/Oct/2012:13:40:25 -0500] "GET /favicon.ico HTTP/1.1" 404 504 "-" "Mozilla/5.0 (Windows NT 6.1; WOW64) AppleWebKit/537.4 (KHTML, like Gecko) Chrome/22.0.1229.94 Safari/537.4"
10.34.26.40 - - [23/Oct/2012:13:40:28 -0500] "GET /favicon.ico HTTP/1.1" 404 504 "-" "Mozilla/5.0 (Windows NT 6.1; WOW64) AppleWebKit/537.4 (KHTML, like Gecko) Chrome/22.0.1229.94 Safari/537.4"
::1 - - [23/Oct/2012:13:40:44 -0500] "OPTIONS * HTTP/1.0" 200 152 "-" "Apache/2.2.16 (Debian) (internal dummy connection)"
10.34.26.40 - - [23/Oct/2012:13:40:46 -0500] "GET /rails_jody/courses/28 HTTP/1.1" 200 5355 "-" "Mozilla/5.0 (Windows NT 6.1; WOW64) AppleWebKit/537.4 (KHTML, like Gecko) Chrome/22.0.1229.94 Safari/537.4"
10.34.26.40 - - [23/Oct/2012:13:40:47 -0500] "GET /rails_jody/assets/jquery_ujs.js?body=1 HTTP/1.1" 304 180 "http://198.163.145.68/rails_jody/courses/28" "Mozilla/5.0 (Windows NT 6.1; WOW64) AppleWebKit/537.4 (KHTML, like Gecko) Chrome/22.0.1229.94 Safari/537.4"
10.34.26.40 - - [23/Oct/2012:13:40:47 -0500] "GET /rails_jody/assets/bootstrap-base.css?body=1 HTTP/1.1" 304 180 "http://198.163.145.68/rails_jody/courses/28" "Mozilla/5.0 (Windows NT 6.1; WOW64) AppleWebKit/537.4 (KHTML, like Gecko) Chrome/22.0.1229.94 Safari/537.4"
10.34.26.40 - - [23/Oct/2012:13:40:47 -0500] "GET /rails_jody/assets/base.css?body=1 HTTP/1.1" 304 180 "http://198.163.145.68/rails_jody/courses/28" "Mozilla/5.0 (Windows NT 6.1; WOW64) AppleWebKit/537.4 (KHTML, like Gecko) Chrome/22.0.1229.94 Safari/537.4"
10.34.26.40 - - [23/Oct/2012:13:40:47 -0500] "GET /rails_jody/assets/style.css?body=1 HTTP/1.1" 304 180 "http://198.163.145.68/rails_jody/courses/28" "Mozilla/5.0 (Windows NT 6.1; WOW64) AppleWebKit/537.4 (KHTML, like Gecko) Chrome/22.0.1229.94 Safari/537.4"
10.34.26.40 - - [23/Oct/2012:13:40:47 -0500] "GET /rails_jody/assets/application.css?body=1 HTTP/1.1" 200 701 "http://198.163.145.68/rails_jody/courses/28" "Mozilla/5.0 (Windows NT 6.1; WOW64) AppleWebKit/537.4 (KHTML, like Gecko) Chrome/22.0.1229.94 Safari/537.4"
10.34.26.40 - - [23/Oct/2012:13:40:47 -0500] "GET /rails_jody/assets/jstree/jquery.jstree.js?body=1 HTTP/1.1" 304 179 "http://198.163.145.68/rails_jody/courses/28" "Mozilla/5.0 (Windows NT 6.1; WOW64) AppleWebKit/537.4 (KHTML, like Gecko) Chrome/22.0.1229.94 Safari/537.4"
10.34.26.40 - - [23/Oct/2012:13:40:47 -0500] "GET /rails_jody/assets/bootstrap-alerts.js?body=1 HTTP/1.1" 304 179 "http://198.163.145.68/rails_jody/courses/28" "Mozilla/5.0 (Windows NT 6.1; WOW64) AppleWebKit/537.4 (KHTML, like Gecko) Chrome/22.0.1229.94 Safari/537.4"
10.34.26.40 - - [23/Oct/2012:13:40:47 -0500] "GET /rails_jody/assets/jstree_custom_menu.js?body=1 HTTP/1.1" 304 179 "http://198.163.145.68/rails_jody/courses/28" "Mozilla/5.0 (Windows NT 6.1; WOW64) AppleWebKit/537.4 (KHTML, like Gecko) Chrome/22.0.1229.94 Safari/537.4"
10.34.26.40 - - [23/Oct/2012:13:40:47 -0500] "GET /rails_jody/assets/print.css?body=1 HTTP/1.1" 200 635 "http://198.163.145.68/rails_jody/courses/28" "Mozilla/5.0 (Windows NT 6.1; WOW64) AppleWebKit/537.4 (KHTML, like Gecko) Chrome/22.0.1229.94 Safari/537.4"
10.34.26.40 - - [23/Oct/2012:13:40:47 -0500] "GET /rails_jody/assets/application.js?body=1 HTTP/1.1" 304 179 "http://198.163.145.68/rails_jody/courses/28" "Mozilla/5.0 (Windows NT 6.1; WOW64) AppleWebKit/537.4 (KHTML, like Gecko) Chrome/22.0.1229.94 Safari/537.4"
10.34.26.40 - - [23/Oct/2012:13:40:47 -0500] "GET /rails_jody/assets/jstree/themes/default/style.css HTTP/1.1" 304 179 "http://198.163.145.68/rails_jody/courses/28" "Mozilla/5.0 (Windows NT 6.1; WOW64) AppleWebKit/537.4 (KHTML, like Gecko) Chrome/22.0.1229.94 Safari/537.4"
10.34.26.40 - - [23/Oct/2012:13:40:47 -0500] "GET /favicon.ico HTTP/1.1" 404 504 "-" "Mozilla/5.0 (Windows NT 6.1; WOW64) AppleWebKit/537.4 (KHTML, like Gecko) Chrome/22.0.1229.94 Safari/537.4"
::1 - - [23/Oct/2012:13:41:04 -0500] "OPTIONS * HTTP/1.0" 200 152 "-" "Apache/2.2.16 (Debian) (internal dummy connection)"
10.34.26.40 - - [23/Oct/2012:13:41:10 -0500] "GET /rails_jody/courses/28 HTTP/1.1" 200 5354 "-" "Mozilla/5.0 (Windows NT 6.1; WOW64) AppleWebKit/537.4 (KHTML, like Gecko) Chrome/22.0.1229.94 Safari/537.4"
10.34.26.40 - - [23/Oct/2012:13:41:10 -0500] "GET /rails_jody/assets/base.css?body=1 HTTP/1.1" 304 180 "http://198.163.145.68/rails_jody/courses/28" "Mozilla/5.0 (Windows NT 6.1; WOW64) AppleWebKit/537.4 (KHTML, like Gecko) Chrome/22.0.1229.94 Safari/537.4"
10.34.26.40 - - [23/Oct/2012:13:41:10 -0500] "GET /rails_jody/assets/application.css?body=1 HTTP/1.1" 200 701 "http://198.163.145.68/rails_jody/courses/28" "Mozilla/5.0 (Windows NT 6.1; WOW64) AppleWebKit/537.4 (KHTML, like Gecko) Chrome/22.0.1229.94 Safari/537.4"
10.34.26.40 - - [23/Oct/2012:13:41:10 -0500] "GET /rails_jody/assets/jquery_ujs.js?body=1 HTTP/1.1" 304 180 "http://198.163.145.68/rails_jody/courses/28" "Mozilla/5.0 (Windows NT 6.1; WOW64) AppleWebKit/537.4 (KHTML, like Gecko) Chrome/22.0.1229.94 Safari/537.4"
10.34.26.40 - - [23/Oct/2012:13:41:10 -0500] "GET /rails_jody/assets/bootstrap-base.css?body=1 HTTP/1.1" 304 180 "http://198.163.145.68/rails_jody/courses/28" "Mozilla/5.0 (Windows NT 6.1; WOW64) AppleWebKit/537.4 (KHTML, like Gecko) Chrome/22.0.1229.94 Safari/537.4"
10.34.26.40 - - [23/Oct/2012:13:41:10 -0500] "GET /rails_jody/assets/bootstrap-alerts.js?body=1 HTTP/1.1" 304 179 "http://198.163.145.68/rails_jody/courses/28" "Mozilla/5.0 (Windows NT 6.1; WOW64) AppleWebKit/537.4 (KHTML, like Gecko) Chrome/22.0.1229.94 Safari/537.4"
10.34.26.40 - - [23/Oct/2012:13:41:10 -0500] "GET /rails_jody/assets/jstree_custom_menu.js?body=1 HTTP/1.1" 304 179 "http://198.163.145.68/rails_jody/courses/28" "Mozilla/5.0 (Windows NT 6.1; WOW64) AppleWebKit/537.4 (KHTML, like Gecko) Chrome/22.0.1229.94 Safari/537.4"
10.34.26.40 - - [23/Oct/2012:13:41:10 -0500] "GET /rails_jody/assets/style.css?body=1 HTTP/1.1" 304 180 "http://198.163.145.68/rails_jody/courses/28" "Mozilla/5.0 (Windows NT 6.1; WOW64) AppleWebKit/537.4 (KHTML, like Gecko) Chrome/22.0.1229.94 Safari/537.4"
10.34.26.40 - - [23/Oct/2012:13:41:10 -0500] "GET /rails_jody/assets/print.css?body=1 HTTP/1.1" 200 643 "http://198.163.145.68/rails_jody/courses/28" "Mozilla/5.0 (Windows NT 6.1; WOW64) AppleWebKit/537.4 (KHTML, like Gecko) Chrome/22.0.1229.94 Safari/537.4"
10.34.26.40 - - [23/Oct/2012:13:41:10 -0500] "GET /rails_jody/assets/jstree/jquery.jstree.js?body=1 HTTP/1.1" 304 179 "http://198.163.145.68/rails_jody/courses/28" "Mozilla/5.0 (Windows NT 6.1; WOW64) AppleWebKit/537.4 (KHTML, like Gecko) Chrome/22.0.1229.94 Safari/537.4"
10.34.26.40 - - [23/Oct/2012:13:41:10 -0500] "GET /rails_jody/assets/application.js?body=1 HTTP/1.1" 304 179 "http://198.163.145.68/rails_jody/courses/28" "Mozilla/5.0 (Windows NT 6.1; WOW64) AppleWebKit/537.4 (KHTML, like Gecko) Chrome/22.0.1229.94 Safari/537.4"
10.34.26.40 - - [23/Oct/2012:13:41:11 -0500] "GET /rails_jody/assets/jstree/themes/default/style.css HTTP/1.1" 304 179 "http://198.163.145.68/rails_jody/courses/28" "Mozilla/5.0 (Windows NT 6.1; WOW64) AppleWebKit/537.4 (KHTML, like Gecko) Chrome/22.0.1229.94 Safari/537.4"
10.34.26.40 - - [23/Oct/2012:13:41:11 -0500] "GET /favicon.ico HTTP/1.1" 404 504 "-" "Mozilla/5.0 (Windows NT 6.1; WOW64) AppleWebKit/537.4 (KHTML, like Gecko) Chrome/22.0.1229.94 Safari/537.4"
::1 - - [23/Oct/2012:13:41:16 -0500] "OPTIONS * HTTP/1.0" 200 152 "-" "Apache/2.2.16 (Debian) (internal dummy connection)"
10.34.26.40 - - [23/Oct/2012:13:41:45 -0500] "GET /rails_jody/courses/28 HTTP/1.1" 200 5356 "-" "Mozilla/5.0 (Windows NT 6.1; WOW64) AppleWebKit/537.4 (KHTML, like Gecko) Chrome/22.0.1229.94 Safari/537.4"
10.34.26.40 - - [23/Oct/2012:13:41:46 -0500] "GET /rails_jody/assets/base.css?body=1 HTTP/1.1" 304 180 "http://198.163.145.68/rails_jody/courses/28" "Mozilla/5.0 (Windows NT 6.1; WOW64) AppleWebKit/537.4 (KHTML, like Gecko) Chrome/22.0.1229.94 Safari/537.4"
10.34.26.40 - - [23/Oct/2012:13:41:46 -0500] "GET /rails_jody/assets/jquery_ujs.js?body=1 HTTP/1.1" 304 180 "http://198.163.145.68/rails_jody/courses/28" "Mozilla/5.0 (Windows NT 6.1; WOW64) AppleWebKit/537.4 (KHTML, like Gecko) Chrome/22.0.1229.94 Safari/537.4"
10.34.26.40 - - [23/Oct/2012:13:41:46 -0500] "GET /rails_jody/assets/style.css?body=1 HTTP/1.1" 304 180 "http://198.163.145.68/rails_jody/courses/28" "Mozilla/5.0 (Windows NT 6.1; WOW64) AppleWebKit/537.4 (KHTML, like Gecko) Chrome/22.0.1229.94 Safari/537.4"
10.34.26.40 - - [23/Oct/2012:13:41:46 -0500] "GET /rails_jody/assets/bootstrap-base.css?body=1 HTTP/1.1" 304 180 "http://198.163.145.68/rails_jody/courses/28" "Mozilla/5.0 (Windows NT 6.1; WOW64) AppleWebKit/537.4 (KHTML, like Gecko) Chrome/22.0.1229.94 Safari/537.4"
10.34.26.40 - - [23/Oct/2012:13:41:46 -0500] "GET /rails_jody/assets/application.css?body=1 HTTP/1.1" 200 701 "http://198.163.145.68/rails_jody/courses/28" "Mozilla/5.0 (Windows NT 6.1; WOW64) AppleWebKit/537.4 (KHTML, like Gecko) Chrome/22.0.1229.94 Safari/537.4"
10.34.26.40 - - [23/Oct/2012:13:41:46 -0500] "GET /rails_jody/assets/jstree/jquery.jstree.js?body=1 HTTP/1.1" 304 179 "http://198.163.145.68/rails_jody/courses/28" "Mozilla/5.0 (Windows NT 6.1; WOW64) AppleWebKit/537.4 (KHTML, like Gecko) Chrome/22.0.1229.94 Safari/537.4"
10.34.26.40 - - [23/Oct/2012:13:41:46 -0500] "GET /rails_jody/assets/jstree_custom_menu.js?body=1 HTTP/1.1" 304 179 "http://198.163.145.68/rails_jody/courses/28" "Mozilla/5.0 (Windows NT 6.1; WOW64) AppleWebKit/537.4 (KHTML, like Gecko) Chrome/22.0.1229.94 Safari/537.4"
10.34.26.40 - - [23/Oct/2012:13:41:46 -0500] "GET /rails_jody/assets/print.css?body=1 HTTP/1.1" 200 669 "http://198.163.145.68/rails_jody/courses/28" "Mozilla/5.0 (Windows NT 6.1; WOW64) AppleWebKit/537.4 (KHTML, like Gecko) Chrome/22.0.1229.94 Safari/537.4"
10.34.26.40 - - [23/Oct/2012:13:41:46 -0500] "GET /rails_jody/assets/application.js?body=1 HTTP/1.1" 304 179 "http://198.163.145.68/rails_jody/courses/28" "Mozilla/5.0 (Windows NT 6.1; WOW64) AppleWebKit/537.4 (KHTML, like Gecko) Chrome/22.0.1229.94 Safari/537.4"
10.34.26.40 - - [23/Oct/2012:13:41:46 -0500] "GET /rails_jody/assets/bootstrap-alerts.js?body=1 HTTP/1.1" 304 179 "http://198.163.145.68/rails_jody/courses/28" "Mozilla/5.0 (Windows NT 6.1; WOW64) AppleWebKit/537.4 (KHTML, like Gecko) Chrome/22.0.1229.94 Safari/537.4"
10.34.26.40 - - [23/Oct/2012:13:41:46 -0500] "GET /rails_jody/assets/jstree/themes/default/style.css HTTP/1.1" 304 179 "http://198.163.145.68/rails_jody/courses/28" "Mozilla/5.0 (Windows NT 6.1; WOW64) AppleWebKit/537.4 (KHTML, like Gecko) Chrome/22.0.1229.94 Safari/537.4"
10.34.26.40 - - [23/Oct/2012:13:41:46 -0500] "GET /favicon.ico HTTP/1.1" 404 504 "-" "Mozilla/5.0 (Windows NT 6.1; WOW64) AppleWebKit/537.4 (KHTML, like Gecko) Chrome/22.0.1229.94 Safari/537.4"
::1 - - [23/Oct/2012:13:42:03 -0500] "OPTIONS * HTTP/1.0" 200 152 "-" "Apache/2.2.16 (Debian) (internal dummy connection)"
10.34.26.40 - - [23/Oct/2012:13:42:23 -0500] "GET /rails_jody/courses/28 HTTP/1.1" 200 5353 "-" "Mozilla/5.0 (Windows NT 6.1; WOW64) AppleWebKit/537.4 (KHTML, like Gecko) Chrome/22.0.1229.94 Safari/537.4"
10.34.26.40 - - [23/Oct/2012:13:42:23 -0500] "GET /rails_jody/assets/application.css?body=1 HTTP/1.1" 200 701 "http://198.163.145.68/rails_jody/courses/28" "Mozilla/5.0 (Windows NT 6.1; WOW64) AppleWebKit/537.4 (KHTML, like Gecko) Chrome/22.0.1229.94 Safari/537.4"
10.34.26.40 - - [23/Oct/2012:13:42:23 -0500] "GET /rails_jody/assets/jquery_ujs.js?body=1 HTTP/1.1" 304 180 "http://198.163.145.68/rails_jody/courses/28" "Mozilla/5.0 (Windows NT 6.1; WOW64) AppleWebKit/537.4 (KHTML, like Gecko) Chrome/22.0.1229.94 Safari/537.4"
10.34.26.40 - - [23/Oct/2012:13:42:23 -0500] "GET /rails_jody/assets/bootstrap-base.css?body=1 HTTP/1.1" 304 180 "http://198.163.145.68/rails_jody/courses/28" "Mozilla/5.0 (Windows NT 6.1; WOW64) AppleWebKit/537.4 (KHTML, like Gecko) Chrome/22.0.1229.94 Safari/537.4"
10.34.26.40 - - [23/Oct/2012:13:42:23 -0500] "GET /rails_jody/assets/style.css?body=1 HTTP/1.1" 304 180 "http://198.163.145.68/rails_jody/courses/28" "Mozilla/5.0 (Windows NT 6.1; WOW64) AppleWebKit/537.4 (KHTML, like Gecko) Chrome/22.0.1229.94 Safari/537.4"
10.34.26.40 - - [23/Oct/2012:13:42:23 -0500] "GET /rails_jody/assets/jstree_custom_menu.js?body=1 HTTP/1.1" 304 179 "http://198.163.145.68/rails_jody/courses/28" "Mozilla/5.0 (Windows NT 6.1; WOW64) AppleWebKit/537.4 (KHTML, like Gecko) Chrome/22.0.1229.94 Safari/537.4"
10.34.26.40 - - [23/Oct/2012:13:42:23 -0500] "GET /rails_jody/assets/bootstrap-alerts.js?body=1 HTTP/1.1" 304 179 "http://198.163.145.68/rails_jody/courses/28" "Mozilla/5.0 (Windows NT 6.1; WOW64) AppleWebKit/537.4 (KHTML, like Gecko) Chrome/22.0.1229.94 Safari/537.4"
10.34.26.40 - - [23/Oct/2012:13:42:23 -0500] "GET /rails_jody/assets/base.css?body=1 HTTP/1.1" 304 180 "http://198.163.145.68/rails_jody/courses/28" "Mozilla/5.0 (Windows NT 6.1; WOW64) AppleWebKit/537.4 (KHTML, like Gecko) Chrome/22.0.1229.94 Safari/537.4"
10.34.26.40 - - [23/Oct/2012:13:42:23 -0500] "GET /rails_jody/assets/application.js?body=1 HTTP/1.1" 304 179 "http://198.163.145.68/rails_jody/courses/28" "Mozilla/5.0 (Windows NT 6.1; WOW64) AppleWebKit/537.4 (KHTML, like Gecko) Chrome/22.0.1229.94 Safari/537.4"
10.34.26.40 - - [23/Oct/2012:13:42:23 -0500] "GET /rails_jody/assets/print.css?body=1 HTTP/1.1" 200 666 "http://198.163.145.68/rails_jody/courses/28" "Mozilla/5.0 (Windows NT 6.1; WOW64) AppleWebKit/537.4 (KHTML, like Gecko) Chrome/22.0.1229.94 Safari/537.4"
10.34.26.40 - - [23/Oct/2012:13:42:23 -0500] "GET /rails_jody/assets/jstree/jquery.jstree.js?body=1 HTTP/1.1" 304 179 "http://198.163.145.68/rails_jody/courses/28" "Mozilla/5.0 (Windows NT 6.1; WOW64) AppleWebKit/537.4 (KHTML, like Gecko) Chrome/22.0.1229.94 Safari/537.4"
10.34.26.40 - - [23/Oct/2012:13:42:24 -0500] "GET /rails_jody/assets/jstree/themes/default/style.css HTTP/1.1" 304 179 "http://198.163.145.68/rails_jody/courses/28" "Mozilla/5.0 (Windows NT 6.1; WOW64) AppleWebKit/537.4 (KHTML, like Gecko) Chrome/22.0.1229.94 Safari/537.4"
10.34.26.40 - - [23/Oct/2012:13:42:24 -0500] "GET /favicon.ico HTTP/1.1" 404 504 "-" "Mozilla/5.0 (Windows NT 6.1; WOW64) AppleWebKit/537.4 (KHTML, like Gecko) Chrome/22.0.1229.94 Safari/537.4"
::1 - - [23/Oct/2012:13:42:42 -0500] "OPTIONS * HTTP/1.0" 200 152 "-" "Apache/2.2.16 (Debian) (internal dummy connection)"
10.34.26.40 - - [23/Oct/2012:13:43:00 -0500] "GET /rails_jody/courses/28 HTTP/1.1" 200 5356 "-" "Mozilla/5.0 (Windows NT 6.1; WOW64) AppleWebKit/537.4 (KHTML, like Gecko) Chrome/22.0.1229.94 Safari/537.4"
10.34.26.40 - - [23/Oct/2012:13:43:01 -0500] "GET /rails_jody/assets/style.css?body=1 HTTP/1.1" 304 180 "http://198.163.145.68/rails_jody/courses/28" "Mozilla/5.0 (Windows NT 6.1; WOW64) AppleWebKit/537.4 (KHTML, like Gecko) Chrome/22.0.1229.94 Safari/537.4"
10.34.26.40 - - [23/Oct/2012:13:43:01 -0500] "GET /rails_jody/assets/print.css?body=1 HTTP/1.1" 304 180 "http://198.163.145.68/rails_jody/courses/28" "Mozilla/5.0 (Windows NT 6.1; WOW64) AppleWebKit/537.4 (KHTML, like Gecko) Chrome/22.0.1229.94 Safari/537.4"
10.34.26.40 - - [23/Oct/2012:13:43:01 -0500] "GET /rails_jody/assets/base.css?body=1 HTTP/1.1" 304 180 "http://198.163.145.68/rails_jody/courses/28" "Mozilla/5.0 (Windows NT 6.1; WOW64) AppleWebKit/537.4 (KHTML, like Gecko) Chrome/22.0.1229.94 Safari/537.4"
10.34.26.40 - - [23/Oct/2012:13:43:01 -0500] "GET /rails_jody/assets/application.css?body=1 HTTP/1.1" 304 179 "http://198.163.145.68/rails_jody/courses/28" "Mozilla/5.0 (Windows NT 6.1; WOW64) AppleWebKit/537.4 (KHTML, like Gecko) Chrome/22.0.1229.94 Safari/537.4"
10.34.26.40 - - [23/Oct/2012:13:43:01 -0500] "GET /rails_jody/assets/bootstrap-base.css?body=1 HTTP/1.1" 304 180 "http://198.163.145.68/rails_jody/courses/28" "Mozilla/5.0 (Windows NT 6.1; WOW64) AppleWebKit/537.4 (KHTML, like Gecko) Chrome/22.0.1229.94 Safari/537.4"
10.34.26.40 - - [23/Oct/2012:13:43:01 -0500] "GET /favicon.ico HTTP/1.1" 404 504 "-" "Mozilla/5.0 (Windows NT 6.1; WOW64) AppleWebKit/537.4 (KHTML, like Gecko) Chrome/22.0.1229.94 Safari/537.4"
::1 - - [23/Oct/2012:13:43:19 -0500] "OPTIONS * HTTP/1.0" 200 152 "-" "Apache/2.2.16 (Debian) (internal dummy connection)"
10.34.26.40 - - [23/Oct/2012:13:44:48 -0500] "GET /rails_jody/courses/28 HTTP/1.1" 200 5354 "-" "Mozilla/5.0 (Windows NT 6.1; WOW64) AppleWebKit/537.4 (KHTML, like Gecko) Chrome/22.0.1229.94 Safari/537.4"
10.34.26.40 - - [23/Oct/2012:13:44:49 -0500] "GET /rails_jody/assets/base.css?body=1 HTTP/1.1" 304 180 "http://198.163.145.68/rails_jody/courses/28" "Mozilla/5.0 (Windows NT 6.1; WOW64) AppleWebKit/537.4 (KHTML, like Gecko) Chrome/22.0.1229.94 Safari/537.4"
10.34.26.40 - - [23/Oct/2012:13:44:49 -0500] "GET /rails_jody/assets/style.css?body=1 HTTP/1.1" 304 180 "http://198.163.145.68/rails_jody/courses/28" "Mozilla/5.0 (Windows NT 6.1; WOW64) AppleWebKit/537.4 (KHTML, like Gecko) Chrome/22.0.1229.94 Safari/537.4"
10.34.26.40 - - [23/Oct/2012:13:44:49 -0500] "GET /rails_jody/assets/application.css?body=1 HTTP/1.1" 200 701 "http://198.163.145.68/rails_jody/courses/28" "Mozilla/5.0 (Windows NT 6.1; WOW64) AppleWebKit/537.4 (KHTML, like Gecko) Chrome/22.0.1229.94 Safari/537.4"
10.34.26.40 - - [23/Oct/2012:13:44:49 -0500] "GET /rails_jody/assets/bootstrap-base.css?body=1 HTTP/1.1" 304 180 "http://198.163.145.68/rails_jody/courses/28" "Mozilla/5.0 (Windows NT 6.1; WOW64) AppleWebKit/537.4 (KHTML, like Gecko) Chrome/22.0.1229.94 Safari/537.4"
10.34.26.40 - - [23/Oct/2012:13:44:49 -0500] "GET /rails_jody/assets/print.css?body=1 HTTP/1.1" 200 631 "http://198.163.145.68/rails_jody/courses/28" "Mozilla/5.0 (Windows NT 6.1; WOW64) AppleWebKit/537.4 (KHTML, like Gecko) Chrome/22.0.1229.94 Safari/537.4"
10.34.26.40 - - [23/Oct/2012:13:44:49 -0500] "GET /favicon.ico HTTP/1.1" 404 504 "-" "Mozilla/5.0 (Windows NT 6.1; WOW64) AppleWebKit/537.4 (KHTML, like Gecko) Chrome/22.0.1229.94 Safari/537.4"
::1 - - [23/Oct/2012:13:45:07 -0500] "OPTIONS * HTTP/1.0" 200 152 "-" "Apache/2.2.16 (Debian) (internal dummy connection)"
31.186.97.13 - - [23/Oct/2012:13:51:41 -0500] "GET /?-d%20allow_url_include%3DOn+-d%20auto_prepend_file%3D../../../../../../../../../../../../etc/passwd%00%20-n/?-d%20allow_url_include%3DOn+-d%20auto_prepend_file%3D../../../../../../../../../../../../etc/passwd%00%20-n HTTP/1.1" 200 3317 "-" "curl/7.19.7 (i486-pc-linux-gnu) libcurl/7.19.7 OpenSSL/0.9.8k zlib/1.2.3.3 libidn/1.15"
66.249.73.143 - - [23/Oct/2012:13:57:44 -0500] "GET /robots.txt HTTP/1.1" 404 502 "-" "Mozilla/5.0 (compatible; Googlebot/2.1; +http://www.google.com/bot.html)"
66.249.73.143 - - [23/Oct/2012:13:57:44 -0500] "GET / HTTP/1.1" 200 1387 "-" "Mozilla/5.0 (compatible; Googlebot/2.1; +http://www.google.com/bot.html)"
10.34.26.40 - - [23/Oct/2012:13:57:53 -0500] "GET /rails_jody/courses/28 HTTP/1.1" 200 5354 "-" "Mozilla/5.0 (Windows NT 6.1; WOW64) AppleWebKit/537.4 (KHTML, like Gecko) Chrome/22.0.1229.94 Safari/537.4"
10.34.26.40 - - [23/Oct/2012:13:57:53 -0500] "GET /rails_jody/assets/application.css?body=1 HTTP/1.1" 304 179 "http://198.163.145.68/rails_jody/courses/28" "Mozilla/5.0 (Windows NT 6.1; WOW64) AppleWebKit/537.4 (KHTML, like Gecko) Chrome/22.0.1229.94 Safari/537.4"
10.34.26.40 - - [23/Oct/2012:13:57:53 -0500] "GET /rails_jody/assets/base.css?body=1 HTTP/1.1" 304 180 "http://198.163.145.68/rails_jody/courses/28" "Mozilla/5.0 (Windows NT 6.1; WOW64) AppleWebKit/537.4 (KHTML, like Gecko) Chrome/22.0.1229.94 Safari/537.4"
10.34.26.40 - - [23/Oct/2012:13:57:53 -0500] "GET /rails_jody/assets/bootstrap-base.css?body=1 HTTP/1.1" 304 180 "http://198.163.145.68/rails_jody/courses/28" "Mozilla/5.0 (Windows NT 6.1; WOW64) AppleWebKit/537.4 (KHTML, like Gecko) Chrome/22.0.1229.94 Safari/537.4"
10.34.26.40 - - [23/Oct/2012:13:57:53 -0500] "GET /rails_jody/assets/style.css?body=1 HTTP/1.1" 304 180 "http://198.163.145.68/rails_jody/courses/28" "Mozilla/5.0 (Windows NT 6.1; WOW64) AppleWebKit/537.4 (KHTML, like Gecko) Chrome/22.0.1229.94 Safari/537.4"
10.34.26.40 - - [23/Oct/2012:13:57:53 -0500] "GET /rails_jody/assets/print.css?body=1 HTTP/1.1" 304 180 "http://198.163.145.68/rails_jody/courses/28" "Mozilla/5.0 (Windows NT 6.1; WOW64) AppleWebKit/537.4 (KHTML, like Gecko) Chrome/22.0.1229.94 Safari/537.4"
10.34.26.40 - - [23/Oct/2012:13:57:53 -0500] "GET /rails_jody/assets/jquery.js?body=1 HTTP/1.1" 304 180 "http://198.163.145.68/rails_jody/courses/28" "Mozilla/5.0 (Windows NT 6.1; WOW64) AppleWebKit/537.4 (KHTML, like Gecko) Chrome/22.0.1229.94 Safari/537.4"
10.34.26.40 - - [23/Oct/2012:13:57:53 -0500] "GET /rails_jody/assets/jquery_ujs.js?body=1 HTTP/1.1" 304 179 "http://198.163.145.68/rails_jody/courses/28" "Mozilla/5.0 (Windows NT 6.1; WOW64) AppleWebKit/537.4 (KHTML, like Gecko) Chrome/22.0.1229.94 Safari/537.4"
10.34.26.40 - - [23/Oct/2012:13:57:53 -0500] "GET /rails_jody/assets/jstree/jquery.jstree.js?body=1 HTTP/1.1" 304 179 "http://198.163.145.68/rails_jody/courses/28" "Mozilla/5.0 (Windows NT 6.1; WOW64) AppleWebKit/537.4 (KHTML, like Gecko) Chrome/22.0.1229.94 Safari/537.4"
10.34.26.40 - - [23/Oct/2012:13:57:53 -0500] "GET /rails_jody/assets/jstree_custom_menu.js?body=1 HTTP/1.1" 304 179 "http://198.163.145.68/rails_jody/courses/28" "Mozilla/5.0 (Windows NT 6.1; WOW64) AppleWebKit/537.4 (KHTML, like Gecko) Chrome/22.0.1229.94 Safari/537.4"
10.34.26.40 - - [23/Oct/2012:13:57:53 -0500] "GET /rails_jody/assets/bootstrap-alerts.js?body=1 HTTP/1.1" 304 179 "http://198.163.145.68/rails_jody/courses/28" "Mozilla/5.0 (Windows NT 6.1; WOW64) AppleWebKit/537.4 (KHTML, like Gecko) Chrome/22.0.1229.94 Safari/537.4"
10.34.26.40 - - [23/Oct/2012:13:57:53 -0500] "GET /rails_jody/assets/application.js?body=1 HTTP/1.1" 304 179 "http://198.163.145.68/rails_jody/courses/28" "Mozilla/5.0 (Windows NT 6.1; WOW64) AppleWebKit/537.4 (KHTML, like Gecko) Chrome/22.0.1229.94 Safari/537.4"
10.34.26.40 - - [23/Oct/2012:13:57:54 -0500] "GET /rails_jody/assets/jstree/themes/default/style.css HTTP/1.1" 304 179 "http://198.163.145.68/rails_jody/courses/28" "Mozilla/5.0 (Windows NT 6.1; WOW64) AppleWebKit/537.4 (KHTML, like Gecko) Chrome/22.0.1229.94 Safari/537.4"
10.34.26.40 - - [23/Oct/2012:13:57:54 -0500] "GET /favicon.ico HTTP/1.1" 404 504 "-" "Mozilla/5.0 (Windows NT 6.1; WOW64) AppleWebKit/537.4 (KHTML, like Gecko) Chrome/22.0.1229.94 Safari/537.4"
10.34.26.40 - - [23/Oct/2012:13:57:54 -0500] "GET /rails_jody/assets/jstree/themes/default/d.png HTTP/1.1" 304 179 "http://198.163.145.68/rails_jody/courses/28" "Mozilla/5.0 (Windows NT 6.1; WOW64) AppleWebKit/537.4 (KHTML, like Gecko) Chrome/22.0.1229.94 Safari/537.4"
10.34.26.40 - - [23/Oct/2012:13:58:09 -0500] "GET /rails_jody HTTP/1.1" 200 110288 "-" "Mozilla/5.0 (Windows NT 6.1; WOW64) AppleWebKit/537.4 (KHTML, like Gecko) Chrome/22.0.1229.94 Safari/537.4"
10.34.26.40 - - [23/Oct/2012:13:58:19 -0500] "GET /rails_jody/assets/base.css?body=1 HTTP/1.1" 304 180 "http://198.163.145.68/rails_jody" "Mozilla/5.0 (Windows NT 6.1; WOW64) AppleWebKit/537.4 (KHTML, like Gecko) Chrome/22.0.1229.94 Safari/537.4"
10.34.26.40 - - [23/Oct/2012:13:58:19 -0500] "GET /rails_jody/assets/application.css?body=1 HTTP/1.1" 304 179 "http://198.163.145.68/rails_jody" "Mozilla/5.0 (Windows NT 6.1; WOW64) AppleWebKit/537.4 (KHTML, like Gecko) Chrome/22.0.1229.94 Safari/537.4"
10.34.26.40 - - [23/Oct/2012:13:58:19 -0500] "GET /rails_jody/assets/bootstrap-base.css?body=1 HTTP/1.1" 304 180 "http://198.163.145.68/rails_jody" "Mozilla/5.0 (Windows NT 6.1; WOW64) AppleWebKit/537.4 (KHTML, like Gecko) Chrome/22.0.1229.94 Safari/537.4"
10.34.26.40 - - [23/Oct/2012:13:58:19 -0500] "GET /rails_jody/assets/print.css?body=1 HTTP/1.1" 304 180 "http://198.163.145.68/rails_jody" "Mozilla/5.0 (Windows NT 6.1; WOW64) AppleWebKit/537.4 (KHTML, like Gecko) Chrome/22.0.1229.94 Safari/537.4"
10.34.26.40 - - [23/Oct/2012:13:58:19 -0500] "GET /rails_jody/assets/jquery.js?body=1 HTTP/1.1" 304 180 "http://198.163.145.68/rails_jody" "Mozilla/5.0 (Windows NT 6.1; WOW64) AppleWebKit/537.4 (KHTML, like Gecko) Chrome/22.0.1229.94 Safari/537.4"
10.34.26.40 - - [23/Oct/2012:13:58:19 -0500] "GET /rails_jody/assets/jquery_ujs.js?body=1 HTTP/1.1" 304 179 "http://198.163.145.68/rails_jody" "Mozilla/5.0 (Windows NT 6.1; WOW64) AppleWebKit/537.4 (KHTML, like Gecko) Chrome/22.0.1229.94 Safari/537.4"
10.34.26.40 - - [23/Oct/2012:13:58:19 -0500] "GET /rails_jody/assets/jstree/jquery.jstree.js?body=1 HTTP/1.1" 304 179 "http://198.163.145.68/rails_jody" "Mozilla/5.0 (Windows NT 6.1; WOW64) AppleWebKit/537.4 (KHTML, like Gecko) Chrome/22.0.1229.94 Safari/537.4"
10.34.26.40 - - [23/Oct/2012:13:58:19 -0500] "GET /rails_jody/assets/style.css?body=1 HTTP/1.1" 304 180 "http://198.163.145.68/rails_jody" "Mozilla/5.0 (Windows NT 6.1; WOW64) AppleWebKit/537.4 (KHTML, like Gecko) Chrome/22.0.1229.94 Safari/537.4"
10.34.26.40 - - [23/Oct/2012:13:58:19 -0500] "GET /rails_jody/assets/bootstrap-alerts.js?body=1 HTTP/1.1" 304 179 "http://198.163.145.68/rails_jody" "Mozilla/5.0 (Windows NT 6.1; WOW64) AppleWebKit/537.4 (KHTML, like Gecko) Chrome/22.0.1229.94 Safari/537.4"
10.34.26.40 - - [23/Oct/2012:13:58:19 -0500] "GET /rails_jody/assets/application.js?body=1 HTTP/1.1" 304 179 "http://198.163.145.68/rails_jody" "Mozilla/5.0 (Windows NT 6.1; WOW64) AppleWebKit/537.4 (KHTML, like Gecko) Chrome/22.0.1229.94 Safari/537.4"
10.34.26.40 - - [23/Oct/2012:13:58:19 -0500] "GET /rails_jody/assets/jstree_custom_menu.js?body=1 HTTP/1.1" 304 179 "http://198.163.145.68/rails_jody" "Mozilla/5.0 (Windows NT 6.1; WOW64) AppleWebKit/537.4 (KHTML, like Gecko) Chrome/22.0.1229.94 Safari/537.4"
10.34.26.40 - - [23/Oct/2012:13:58:21 -0500] "GET /rails_jody/assets/jstree/themes/default/style.css HTTP/1.1" 304 179 "http://198.163.145.68/rails_jody" "Mozilla/5.0 (Windows NT 6.1; WOW64) AppleWebKit/537.4 (KHTML, like Gecko) Chrome/22.0.1229.94 Safari/537.4"
10.34.26.40 - - [23/Oct/2012:13:58:21 -0500] "GET /favicon.ico HTTP/1.1" 404 504 "-" "Mozilla/5.0 (Windows NT 6.1; WOW64) AppleWebKit/537.4 (KHTML, like Gecko) Chrome/22.0.1229.94 Safari/537.4"
10.34.26.40 - - [23/Oct/2012:13:58:21 -0500] "GET /rails_jody/assets/jstree/themes/default/d.png HTTP/1.1" 304 179 "http://198.163.145.68/rails_jody" "Mozilla/5.0 (Windows NT 6.1; WOW64) AppleWebKit/537.4 (KHTML, like Gecko) Chrome/22.0.1229.94 Safari/537.4"
::1 - - [23/Oct/2012:13:58:38 -0500] "OPTIONS * HTTP/1.0" 200 152 "-" "Apache/2.2.16 (Debian) (internal dummy connection)"
38.64.149.123 - - [23/Oct/2012:14:10:47 -0500] "GET /rails/courses HTTP/1.0" 200 3553 "-" "Mozilla/5.0 (X11; Ubuntu; Linux i686; rv:16.0) Gecko/20100101 Firefox/16.0"
38.64.149.123 - - [23/Oct/2012:14:10:49 -0500] "GET /rails/assets/application-e070a5af8674496ec5b5c3ef483c8a7e.css HTTP/1.0" 200 10200 "http://198.163.145.68/rails/courses" "Mozilla/5.0 (X11; Ubuntu; Linux i686; rv:16.0) Gecko/20100101 Firefox/16.0"
38.64.149.123 - - [23/Oct/2012:14:10:49 -0500] "GET /rails/assets/application-cd5ea8bcdc66a9dd320ac134ad1306d3.js HTTP/1.0" 200 61301 "http://198.163.145.68/rails/courses" "Mozilla/5.0 (X11; Ubuntu; Linux i686; rv:16.0) Gecko/20100101 Firefox/16.0"
38.64.149.123 - - [23/Oct/2012:14:10:57 -0500] "GET /favicon.ico HTTP/1.0" 404 504 "-" "Mozilla/5.0 (X11; Ubuntu; Linux i686; rv:16.0) Gecko/20100101 Firefox/16.0"
38.64.149.123 - - [23/Oct/2012:14:15:04 -0500] "GET /rails/courses/11 HTTP/1.0" 200 3796 "http://198.163.145.68/rails/courses" "Mozilla/5.0 (X11; Ubuntu; Linux i686; rv:16.0) Gecko/20100101 Firefox/16.0"
38.64.149.123 - - [23/Oct/2012:14:15:04 -0500] "GET /rails/assets/print-1bdf961f0f472ebe0b915574d5fd5c10.css HTTP/1.0" 200 651 "http://198.163.145.68/rails/courses/11" "Mozilla/5.0 (X11; Ubuntu; Linux i686; rv:16.0) Gecko/20100101 Firefox/16.0"
38.64.149.123 - - [23/Oct/2012:14:15:04 -0500] "GET /rails/courses/themes/default/style.css HTTP/1.0" 404 829 "http://198.163.145.68/rails/courses/11" "Mozilla/5.0 (X11; Ubuntu; Linux i686; rv:16.0) Gecko/20100101 Firefox/16.0"
38.64.149.123 - - [23/Oct/2012:14:15:04 -0500] "GET /rails/assets/d.png HTTP/1.0" 200 8173 "http://198.163.145.68/rails/assets/application-e070a5af8674496ec5b5c3ef483c8a7e.css" "Mozilla/5.0 (X11; Ubuntu; Linux i686; rv:16.0) Gecko/20100101 Firefox/16.0"
96.254.171.2 - - [23/Oct/2012:14:46:34 -0500] "GET http://proxyjudge.us/judge.php HTTP/1.1" 404 445 "-" "Mozilla/5.0 (Windows; U; Windows NT 6.1; en-US; rv:1.9.2.28) Gecko/20120306 Firefox/3.6.28 (.NET CLR 3.5.30729)"
216.130.64.102 - - [23/Oct/2012:14:50:34 -0500] "GET /rails/courses HTTP/1.1" 200 22937 "-" "Mozilla/4.0 (compatible; MSIE 8.0; Windows NT 5.1; Trident/4.0; .NET CLR 2.0.50727; .NET CLR 3.0.4506.2152; .NET CLR 3.5.30729)"
216.130.64.102 - - [23/Oct/2012:14:50:39 -0500] "GET /rails/assets/application-17edb1a16d1c4432b8b57022998f8aa5.css HTTP/1.1" 200 52354 "http://198.163.145.68/rails/courses" "Mozilla/4.0 (compatible; MSIE 8.0; Windows NT 5.1; Trident/4.0; .NET CLR 2.0.50727; .NET CLR 3.0.4506.2152; .NET CLR 3.5.30729)"
216.130.64.102 - - [23/Oct/2012:14:50:42 -0500] "GET /rails/courses/11 HTTP/1.1" 200 21134 "http://198.163.145.68/rails/courses" "Mozilla/4.0 (compatible; MSIE 8.0; Windows NT 5.1; Trident/4.0; .NET CLR 2.0.50727; .NET CLR 3.0.4506.2152; .NET CLR 3.5.30729)"
216.130.64.102 - - [23/Oct/2012:14:50:43 -0500] "GET /rails/assets/print-8ddd96b118e54a74a6d982eecf09cff7.css HTTP/1.1" 200 684 "http://198.163.145.68/rails/courses/11" "Mozilla/4.0 (compatible; MSIE 8.0; Windows NT 5.1; Trident/4.0; .NET CLR 2.0.50727; .NET CLR 3.0.4506.2152; .NET CLR 3.5.30729)"
216.130.64.102 - - [23/Oct/2012:14:50:43 -0500] "GET /rails/courses/themes/default/style.css HTTP/1.1" 404 1102 "http://198.163.145.68/rails/courses/11" "Mozilla/4.0 (compatible; MSIE 8.0; Windows NT 5.1; Trident/4.0; .NET CLR 2.0.50727; .NET CLR 3.0.4506.2152; .NET CLR 3.5.30729)"
216.130.64.102 - - [23/Oct/2012:14:50:43 -0500] "GET /rails/assets/d.png HTTP/1.1" 200 8173 "http://198.163.145.68/rails/courses/11" "Mozilla/4.0 (compatible; MSIE 8.0; Windows NT 5.1; Trident/4.0; .NET CLR 2.0.50727; .NET CLR 3.0.4506.2152; .NET CLR 3.5.30729)"
10.34.26.40 - - [23/Oct/2012:14:50:50 -0500] "GET /rails_jody HTTP/1.1" 200 110290 "-" "Mozilla/5.0 (Windows NT 6.1; WOW64) AppleWebKit/537.4 (KHTML, like Gecko) Chrome/22.0.1229.94 Safari/537.4"
10.34.26.40 - - [23/Oct/2012:14:51:00 -0500] "GET /rails_jody/assets/application.css?body=1 HTTP/1.1" 304 179 "http://198.163.145.68/rails_jody" "Mozilla/5.0 (Windows NT 6.1; WOW64) AppleWebKit/537.4 (KHTML, like Gecko) Chrome/22.0.1229.94 Safari/537.4"
10.34.26.40 - - [23/Oct/2012:14:51:00 -0500] "GET /rails_jody/assets/base.css?body=1 HTTP/1.1" 304 180 "http://198.163.145.68/rails_jody" "Mozilla/5.0 (Windows NT 6.1; WOW64) AppleWebKit/537.4 (KHTML, like Gecko) Chrome/22.0.1229.94 Safari/537.4"
10.34.26.40 - - [23/Oct/2012:14:51:00 -0500] "GET /rails_jody/assets/bootstrap-base.css?body=1 HTTP/1.1" 304 180 "http://198.163.145.68/rails_jody" "Mozilla/5.0 (Windows NT 6.1; WOW64) AppleWebKit/537.4 (KHTML, like Gecko) Chrome/22.0.1229.94 Safari/537.4"
10.34.26.40 - - [23/Oct/2012:14:51:00 -0500] "GET /rails_jody/assets/print.css?body=1 HTTP/1.1" 304 180 "http://198.163.145.68/rails_jody" "Mozilla/5.0 (Windows NT 6.1; WOW64) AppleWebKit/537.4 (KHTML, like Gecko) Chrome/22.0.1229.94 Safari/537.4"
10.34.26.40 - - [23/Oct/2012:14:51:00 -0500] "GET /rails_jody/assets/style.css?body=1 HTTP/1.1" 304 180 "http://198.163.145.68/rails_jody" "Mozilla/5.0 (Windows NT 6.1; WOW64) AppleWebKit/537.4 (KHTML, like Gecko) Chrome/22.0.1229.94 Safari/537.4"
10.34.26.40 - - [23/Oct/2012:14:51:00 -0500] "GET /favicon.ico HTTP/1.1" 404 504 "-" "Mozilla/5.0 (Windows NT 6.1; WOW64) AppleWebKit/537.4 (KHTML, like Gecko) Chrome/22.0.1229.94 Safari/537.4"
::1 - - [23/Oct/2012:14:51:00 -0500] "OPTIONS * HTTP/1.0" 200 152 "-" "Apache/2.2.16 (Debian) (internal dummy connection)"
::1 - - [23/Oct/2012:14:51:01 -0500] "OPTIONS * HTTP/1.0" 200 152 "-" "Apache/2.2.16 (Debian) (internal dummy connection)"
::1 - - [23/Oct/2012:14:51:18 -0500] "OPTIONS * HTTP/1.0" 200 152 "-" "Apache/2.2.16 (Debian) (internal dummy connection)"
::1 - - [23/Oct/2012:14:51:19 -0500] "OPTIONS * HTTP/1.0" 200 152 "-" "Apache/2.2.16 (Debian) (internal dummy connection)"
::1 - - [23/Oct/2012:14:51:20 -0500] "OPTIONS * HTTP/1.0" 200 152 "-" "Apache/2.2.16 (Debian) (internal dummy connection)"
::1 - - [23/Oct/2012:14:51:21 -0500] "OPTIONS * HTTP/1.0" 200 152 "-" "Apache/2.2.16 (Debian) (internal dummy connection)"
::1 - - [23/Oct/2012:14:51:22 -0500] "OPTIONS * HTTP/1.0" 200 152 "-" "Apache/2.2.16 (Debian) (internal dummy connection)"
216.130.64.102 - - [23/Oct/2012:14:51:32 -0500] "GET /rails/courses HTTP/1.1" 200 22937 "http://198.163.145.68/rails/courses/11" "Mozilla/4.0 (compatible; MSIE 8.0; Windows NT 5.1; Trident/4.0; .NET CLR 2.0.50727; .NET CLR 3.0.4506.2152; .NET CLR 3.5.30729)"
216.130.64.102 - - [23/Oct/2012:14:51:39 -0500] "GET /rails/courses/41 HTTP/1.1" 200 17012 "http://198.163.145.68/rails/courses" "Mozilla/4.0 (compatible; MSIE 8.0; Windows NT 5.1; Trident/4.0; .NET CLR 2.0.50727; .NET CLR 3.0.4506.2152; .NET CLR 3.5.30729)"
216.130.64.102 - - [23/Oct/2012:14:51:40 -0500] "GET /rails/courses/themes/default/style.css HTTP/1.1" 404 1102 "http://198.163.145.68/rails/courses/41" "Mozilla/4.0 (compatible; MSIE 8.0; Windows NT 5.1; Trident/4.0; .NET CLR 2.0.50727; .NET CLR 3.0.4506.2152; .NET CLR 3.5.30729)"
216.130.64.102 - - [23/Oct/2012:14:51:40 -0500] "GET /rails/assets/d.png HTTP/1.1" 200 8173 "http://198.163.145.68/rails/courses/41" "Mozilla/4.0 (compatible; MSIE 8.0; Windows NT 5.1; Trident/4.0; .NET CLR 2.0.50727; .NET CLR 3.0.4506.2152; .NET CLR 3.5.30729)"
216.130.64.102 - - [23/Oct/2012:14:51:57 -0500] "GET /rails/courses HTTP/1.1" 200 22937 "http://198.163.145.68/rails/courses/41" "Mozilla/4.0 (compatible; MSIE 8.0; Windows NT 5.1; Trident/4.0; .NET CLR 2.0.50727; .NET CLR 3.0.4506.2152; .NET CLR 3.5.30729)"
